
===========================================================================
report_checks -path_delay max (Setup)
============================================================================
======================= nom_tt_025C_1v80 Corner ===================================

Startpoint: B[2] (input port clocked by __VIRTUAL_CLK__)
Endpoint: P[14] (output port clocked by __VIRTUAL_CLK__)
Path Group: __VIRTUAL_CLK__
Path Type: max

Fanout         Cap        Slew       Delay        Time   Description
---------------------------------------------------------------------------------------------
                      0.000000    0.000000    0.000000   clock __VIRTUAL_CLK__ (rise edge)
                                  0.000000    0.000000   clock network delay (ideal)
                                  2.000000    2.000000 ^ input external delay
    11    0.045627    0.209507    0.145636    2.145636 ^ B[2] (in)
                                                         B[2] (net)
                      0.209517    0.000000    2.145636 ^ _306_/C_N (sky130_fd_sc_hd__or4bb_2)
     1    0.004529    0.102871    0.639820    2.785455 v _306_/X (sky130_fd_sc_hd__or4bb_2)
                                                         _239_ (net)
                      0.102871    0.000006    2.785462 v _308_/A1 (sky130_fd_sc_hd__a21oi_2)
     2    0.010545    0.162712    0.193694    2.979156 ^ _308_/Y (sky130_fd_sc_hd__a21oi_2)
                                                         _241_ (net)
                      0.162712    0.000026    2.979182 ^ _310_/B (sky130_fd_sc_hd__xnor2_2)
     2    0.011657    0.202512    0.154651    3.133834 ^ _310_/Y (sky130_fd_sc_hd__xnor2_2)
                                                         _243_ (net)
                      0.202512    0.000051    3.133885 ^ _311_/B (sky130_fd_sc_hd__xnor2_2)
     2    0.010398    0.071159    0.107887    3.241772 v _311_/Y (sky130_fd_sc_hd__xnor2_2)
                                                         _244_ (net)
                      0.071159    0.000043    3.241815 v _314_/A (sky130_fd_sc_hd__xnor2_2)
     2    0.011817    0.204343    0.220193    3.462008 ^ _314_/Y (sky130_fd_sc_hd__xnor2_2)
                                                         _247_ (net)
                      0.204343    0.000013    3.462021 ^ _315_/A2 (sky130_fd_sc_hd__o21a_2)
     2    0.011811    0.073343    0.180851    3.642873 ^ _315_/X (sky130_fd_sc_hd__o21a_2)
                                                         _248_ (net)
                      0.073343    0.000056    3.642929 ^ _318_/A_N (sky130_fd_sc_hd__and2b_2)
     2    0.004714    0.040957    0.219318    3.862247 v _318_/X (sky130_fd_sc_hd__and2b_2)
                                                         _251_ (net)
                      0.040957    0.000024    3.862271 v _368_/C (sky130_fd_sc_hd__or4_2)
     1    0.004993    0.109048    0.616958    4.479228 v _368_/X (sky130_fd_sc_hd__or4_2)
                                                         _037_ (net)
                      0.109048    0.000050    4.479279 v _369_/B (sky130_fd_sc_hd__and2b_2)
     2    0.010228    0.053734    0.240343    4.719621 v _369_/X (sky130_fd_sc_hd__and2b_2)
                                                         _038_ (net)
                      0.053734    0.000031    4.719652 v _370_/B (sky130_fd_sc_hd__and2_2)
     2    0.006834    0.047335    0.200874    4.920526 v _370_/X (sky130_fd_sc_hd__and2_2)
                                                         _039_ (net)
                      0.047335    0.000011    4.920536 v _407_/A2 (sky130_fd_sc_hd__o21a_2)
     3    0.008388    0.046983    0.206990    5.127526 v _407_/X (sky130_fd_sc_hd__o21a_2)
                                                         _075_ (net)
                      0.046983    0.000020    5.127546 v _409_/A (sky130_fd_sc_hd__or2_2)
     3    0.016068    0.089112    0.341766    5.469311 v _409_/X (sky130_fd_sc_hd__or2_2)
                                                         _077_ (net)
                      0.089112    0.000016    5.469328 v _468_/A1 (sky130_fd_sc_hd__o31ai_2)
     4    0.025316    0.527052    0.521420    5.990748 ^ _468_/Y (sky130_fd_sc_hd__o31ai_2)
                                                         _134_ (net)
                      0.527052    0.000566    5.991314 ^ _516_/A1 (sky130_fd_sc_hd__o211ai_2)
     3    0.007753    0.113957    0.171066    6.162381 v _516_/Y (sky130_fd_sc_hd__o211ai_2)
                                                         _180_ (net)
                      0.113957    0.000081    6.162462 v _530_/B2 (sky130_fd_sc_hd__o22a_2)
     3    0.017086    0.075836    0.250870    6.413332 v _530_/X (sky130_fd_sc_hd__o22a_2)
                                                         _193_ (net)
                      0.075836    0.000160    6.413492 v _537_/A (sky130_fd_sc_hd__xor2_2)
     1    0.035034    0.435678    0.405095    6.818587 ^ _537_/X (sky130_fd_sc_hd__xor2_2)
                                                         P[14] (net)
                      0.435678    0.000355    6.818943 ^ P[14] (out)
                                              6.818943   data arrival time

                      0.000000   10.000000   10.000000   clock __VIRTUAL_CLK__ (rise edge)
                                  0.000000   10.000000   clock network delay (ideal)
                                 -0.250000    9.750000   clock uncertainty
                                  0.000000    9.750000   clock reconvergence pessimism
                                 -2.000000    7.750000   output external delay
                                              7.750000   data required time
---------------------------------------------------------------------------------------------
                                              7.750000   data required time
                                             -6.818943   data arrival time
---------------------------------------------------------------------------------------------
                                              0.931057   slack (MET)


Startpoint: B[2] (input port clocked by __VIRTUAL_CLK__)
Endpoint: P[15] (output port clocked by __VIRTUAL_CLK__)
Path Group: __VIRTUAL_CLK__
Path Type: max

Fanout         Cap        Slew       Delay        Time   Description
---------------------------------------------------------------------------------------------
                      0.000000    0.000000    0.000000   clock __VIRTUAL_CLK__ (rise edge)
                                  0.000000    0.000000   clock network delay (ideal)
                                  2.000000    2.000000 ^ input external delay
    11    0.045627    0.209507    0.145636    2.145636 ^ B[2] (in)
                                                         B[2] (net)
                      0.209517    0.000000    2.145636 ^ _306_/C_N (sky130_fd_sc_hd__or4bb_2)
     1    0.004529    0.102871    0.639820    2.785455 v _306_/X (sky130_fd_sc_hd__or4bb_2)
                                                         _239_ (net)
                      0.102871    0.000006    2.785462 v _308_/A1 (sky130_fd_sc_hd__a21oi_2)
     2    0.010545    0.162712    0.193694    2.979156 ^ _308_/Y (sky130_fd_sc_hd__a21oi_2)
                                                         _241_ (net)
                      0.162712    0.000026    2.979182 ^ _310_/B (sky130_fd_sc_hd__xnor2_2)
     2    0.011657    0.202512    0.154651    3.133834 ^ _310_/Y (sky130_fd_sc_hd__xnor2_2)
                                                         _243_ (net)
                      0.202512    0.000051    3.133885 ^ _311_/B (sky130_fd_sc_hd__xnor2_2)
     2    0.010398    0.071159    0.107887    3.241772 v _311_/Y (sky130_fd_sc_hd__xnor2_2)
                                                         _244_ (net)
                      0.071159    0.000043    3.241815 v _314_/A (sky130_fd_sc_hd__xnor2_2)
     2    0.011817    0.204343    0.220193    3.462008 ^ _314_/Y (sky130_fd_sc_hd__xnor2_2)
                                                         _247_ (net)
                      0.204343    0.000013    3.462021 ^ _315_/A2 (sky130_fd_sc_hd__o21a_2)
     2    0.011811    0.073343    0.180851    3.642873 ^ _315_/X (sky130_fd_sc_hd__o21a_2)
                                                         _248_ (net)
                      0.073343    0.000056    3.642929 ^ _318_/A_N (sky130_fd_sc_hd__and2b_2)
     2    0.004714    0.040957    0.219318    3.862247 v _318_/X (sky130_fd_sc_hd__and2b_2)
                                                         _251_ (net)
                      0.040957    0.000024    3.862271 v _368_/C (sky130_fd_sc_hd__or4_2)
     1    0.004993    0.109048    0.616958    4.479228 v _368_/X (sky130_fd_sc_hd__or4_2)
                                                         _037_ (net)
                      0.109048    0.000050    4.479279 v _369_/B (sky130_fd_sc_hd__and2b_2)
     2    0.010228    0.053734    0.240343    4.719621 v _369_/X (sky130_fd_sc_hd__and2b_2)
                                                         _038_ (net)
                      0.053734    0.000031    4.719652 v _370_/B (sky130_fd_sc_hd__and2_2)
     2    0.006834    0.047335    0.200874    4.920526 v _370_/X (sky130_fd_sc_hd__and2_2)
                                                         _039_ (net)
                      0.047335    0.000011    4.920536 v _407_/A2 (sky130_fd_sc_hd__o21a_2)
     3    0.008388    0.046983    0.206990    5.127526 v _407_/X (sky130_fd_sc_hd__o21a_2)
                                                         _075_ (net)
                      0.046983    0.000020    5.127546 v _409_/A (sky130_fd_sc_hd__or2_2)
     3    0.016068    0.089112    0.341766    5.469311 v _409_/X (sky130_fd_sc_hd__or2_2)
                                                         _077_ (net)
                      0.089112    0.000016    5.469328 v _468_/A1 (sky130_fd_sc_hd__o31ai_2)
     4    0.025316    0.527052    0.521420    5.990748 ^ _468_/Y (sky130_fd_sc_hd__o31ai_2)
                                                         _134_ (net)
                      0.527052    0.000566    5.991314 ^ _516_/A1 (sky130_fd_sc_hd__o211ai_2)
     3    0.007753    0.113957    0.171066    6.162381 v _516_/Y (sky130_fd_sc_hd__o211ai_2)
                                                         _180_ (net)
                      0.113957    0.000081    6.162462 v _530_/B2 (sky130_fd_sc_hd__o22a_2)
     3    0.017086    0.075836    0.250870    6.413332 v _530_/X (sky130_fd_sc_hd__o22a_2)
                                                         _193_ (net)
                      0.075836    0.000162    6.413494 v _539_/A1 (sky130_fd_sc_hd__o21ai_2)
     1    0.034957    0.405236    0.372332    6.785826 ^ _539_/Y (sky130_fd_sc_hd__o21ai_2)
                                                         P[15] (net)
                      0.405236    0.000339    6.786165 ^ P[15] (out)
                                              6.786165   data arrival time

                      0.000000   10.000000   10.000000   clock __VIRTUAL_CLK__ (rise edge)
                                  0.000000   10.000000   clock network delay (ideal)
                                 -0.250000    9.750000   clock uncertainty
                                  0.000000    9.750000   clock reconvergence pessimism
                                 -2.000000    7.750000   output external delay
                                              7.750000   data required time
---------------------------------------------------------------------------------------------
                                              7.750000   data required time
                                             -6.786165   data arrival time
---------------------------------------------------------------------------------------------
                                              0.963835   slack (MET)


Startpoint: B[2] (input port clocked by __VIRTUAL_CLK__)
Endpoint: P[13] (output port clocked by __VIRTUAL_CLK__)
Path Group: __VIRTUAL_CLK__
Path Type: max

Fanout         Cap        Slew       Delay        Time   Description
---------------------------------------------------------------------------------------------
                      0.000000    0.000000    0.000000   clock __VIRTUAL_CLK__ (rise edge)
                                  0.000000    0.000000   clock network delay (ideal)
                                  2.000000    2.000000 ^ input external delay
    11    0.045627    0.209507    0.145636    2.145636 ^ B[2] (in)
                                                         B[2] (net)
                      0.209517    0.000000    2.145636 ^ _306_/C_N (sky130_fd_sc_hd__or4bb_2)
     1    0.004529    0.102871    0.639820    2.785455 v _306_/X (sky130_fd_sc_hd__or4bb_2)
                                                         _239_ (net)
                      0.102871    0.000006    2.785462 v _308_/A1 (sky130_fd_sc_hd__a21oi_2)
     2    0.010545    0.162712    0.193694    2.979156 ^ _308_/Y (sky130_fd_sc_hd__a21oi_2)
                                                         _241_ (net)
                      0.162712    0.000026    2.979182 ^ _310_/B (sky130_fd_sc_hd__xnor2_2)
     2    0.011657    0.202512    0.154651    3.133834 ^ _310_/Y (sky130_fd_sc_hd__xnor2_2)
                                                         _243_ (net)
                      0.202512    0.000051    3.133885 ^ _311_/B (sky130_fd_sc_hd__xnor2_2)
     2    0.010398    0.071159    0.107887    3.241772 v _311_/Y (sky130_fd_sc_hd__xnor2_2)
                                                         _244_ (net)
                      0.071159    0.000043    3.241815 v _314_/A (sky130_fd_sc_hd__xnor2_2)
     2    0.011817    0.204343    0.220193    3.462008 ^ _314_/Y (sky130_fd_sc_hd__xnor2_2)
                                                         _247_ (net)
                      0.204343    0.000013    3.462021 ^ _315_/A2 (sky130_fd_sc_hd__o21a_2)
     2    0.011811    0.073343    0.180851    3.642873 ^ _315_/X (sky130_fd_sc_hd__o21a_2)
                                                         _248_ (net)
                      0.073343    0.000056    3.642929 ^ _318_/A_N (sky130_fd_sc_hd__and2b_2)
     2    0.004714    0.040957    0.219318    3.862247 v _318_/X (sky130_fd_sc_hd__and2b_2)
                                                         _251_ (net)
                      0.040957    0.000024    3.862271 v _368_/C (sky130_fd_sc_hd__or4_2)
     1    0.004993    0.109048    0.616958    4.479228 v _368_/X (sky130_fd_sc_hd__or4_2)
                                                         _037_ (net)
                      0.109048    0.000050    4.479279 v _369_/B (sky130_fd_sc_hd__and2b_2)
     2    0.010228    0.053734    0.240343    4.719621 v _369_/X (sky130_fd_sc_hd__and2b_2)
                                                         _038_ (net)
                      0.053734    0.000031    4.719652 v _370_/B (sky130_fd_sc_hd__and2_2)
     2    0.006834    0.047335    0.200874    4.920526 v _370_/X (sky130_fd_sc_hd__and2_2)
                                                         _039_ (net)
                      0.047335    0.000011    4.920536 v _407_/A2 (sky130_fd_sc_hd__o21a_2)
     3    0.008388    0.046983    0.206990    5.127526 v _407_/X (sky130_fd_sc_hd__o21a_2)
                                                         _075_ (net)
                      0.046983    0.000020    5.127546 v _409_/A (sky130_fd_sc_hd__or2_2)
     3    0.016068    0.089112    0.341766    5.469311 v _409_/X (sky130_fd_sc_hd__or2_2)
                                                         _077_ (net)
                      0.089112    0.000016    5.469328 v _468_/A1 (sky130_fd_sc_hd__o31ai_2)
     4    0.025316    0.527052    0.521420    5.990748 ^ _468_/Y (sky130_fd_sc_hd__o31ai_2)
                                                         _134_ (net)
                      0.527052    0.000566    5.991314 ^ _516_/A1 (sky130_fd_sc_hd__o211ai_2)
     3    0.007753    0.113957    0.171066    6.162381 v _516_/Y (sky130_fd_sc_hd__o211ai_2)
                                                         _180_ (net)
                      0.113957    0.000081    6.162462 v _530_/B2 (sky130_fd_sc_hd__o22a_2)
     3    0.017086    0.075836    0.250870    6.413332 v _530_/X (sky130_fd_sc_hd__o22a_2)
                                                         _193_ (net)
                      0.075836    0.000120    6.413452 v _532_/B (sky130_fd_sc_hd__and2b_2)
     1    0.035908    0.106540    0.284341    6.697793 v _532_/X (sky130_fd_sc_hd__and2b_2)
                                                         P[13] (net)
                      0.106540    0.000488    6.698280 v P[13] (out)
                                              6.698280   data arrival time

                      0.000000   10.000000   10.000000   clock __VIRTUAL_CLK__ (rise edge)
                                  0.000000   10.000000   clock network delay (ideal)
                                 -0.250000    9.750000   clock uncertainty
                                  0.000000    9.750000   clock reconvergence pessimism
                                 -2.000000    7.750000   output external delay
                                              7.750000   data required time
---------------------------------------------------------------------------------------------
                                              7.750000   data required time
                                             -6.698280   data arrival time
---------------------------------------------------------------------------------------------
                                              1.051720   slack (MET)


Startpoint: B[2] (input port clocked by __VIRTUAL_CLK__)
Endpoint: P[11] (output port clocked by __VIRTUAL_CLK__)
Path Group: __VIRTUAL_CLK__
Path Type: max

Fanout         Cap        Slew       Delay        Time   Description
---------------------------------------------------------------------------------------------
                      0.000000    0.000000    0.000000   clock __VIRTUAL_CLK__ (rise edge)
                                  0.000000    0.000000   clock network delay (ideal)
                                  2.000000    2.000000 ^ input external delay
    11    0.045627    0.209507    0.145636    2.145636 ^ B[2] (in)
                                                         B[2] (net)
                      0.209517    0.000000    2.145636 ^ _306_/C_N (sky130_fd_sc_hd__or4bb_2)
     1    0.004529    0.102871    0.639820    2.785455 v _306_/X (sky130_fd_sc_hd__or4bb_2)
                                                         _239_ (net)
                      0.102871    0.000006    2.785462 v _308_/A1 (sky130_fd_sc_hd__a21oi_2)
     2    0.010545    0.162712    0.193694    2.979156 ^ _308_/Y (sky130_fd_sc_hd__a21oi_2)
                                                         _241_ (net)
                      0.162712    0.000026    2.979182 ^ _310_/B (sky130_fd_sc_hd__xnor2_2)
     2    0.011657    0.202512    0.154651    3.133834 ^ _310_/Y (sky130_fd_sc_hd__xnor2_2)
                                                         _243_ (net)
                      0.202512    0.000051    3.133885 ^ _311_/B (sky130_fd_sc_hd__xnor2_2)
     2    0.010398    0.071159    0.107887    3.241772 v _311_/Y (sky130_fd_sc_hd__xnor2_2)
                                                         _244_ (net)
                      0.071159    0.000043    3.241815 v _314_/A (sky130_fd_sc_hd__xnor2_2)
     2    0.011817    0.204343    0.220193    3.462008 ^ _314_/Y (sky130_fd_sc_hd__xnor2_2)
                                                         _247_ (net)
                      0.204343    0.000013    3.462021 ^ _315_/A2 (sky130_fd_sc_hd__o21a_2)
     2    0.011811    0.073343    0.180851    3.642873 ^ _315_/X (sky130_fd_sc_hd__o21a_2)
                                                         _248_ (net)
                      0.073343    0.000056    3.642929 ^ _318_/A_N (sky130_fd_sc_hd__and2b_2)
     2    0.004714    0.040957    0.219318    3.862247 v _318_/X (sky130_fd_sc_hd__and2b_2)
                                                         _251_ (net)
                      0.040957    0.000024    3.862271 v _368_/C (sky130_fd_sc_hd__or4_2)
     1    0.004993    0.109048    0.616958    4.479228 v _368_/X (sky130_fd_sc_hd__or4_2)
                                                         _037_ (net)
                      0.109048    0.000050    4.479279 v _369_/B (sky130_fd_sc_hd__and2b_2)
     2    0.010228    0.053734    0.240343    4.719621 v _369_/X (sky130_fd_sc_hd__and2b_2)
                                                         _038_ (net)
                      0.053734    0.000031    4.719652 v _370_/B (sky130_fd_sc_hd__and2_2)
     2    0.006834    0.047335    0.200874    4.920526 v _370_/X (sky130_fd_sc_hd__and2_2)
                                                         _039_ (net)
                      0.047335    0.000011    4.920536 v _407_/A2 (sky130_fd_sc_hd__o21a_2)
     3    0.008388    0.046983    0.206990    5.127526 v _407_/X (sky130_fd_sc_hd__o21a_2)
                                                         _075_ (net)
                      0.046983    0.000020    5.127546 v _409_/A (sky130_fd_sc_hd__or2_2)
     3    0.016068    0.089112    0.341766    5.469311 v _409_/X (sky130_fd_sc_hd__or2_2)
                                                         _077_ (net)
                      0.089112    0.000016    5.469328 v _468_/A1 (sky130_fd_sc_hd__o31ai_2)
     4    0.025316    0.527052    0.521420    5.990748 ^ _468_/Y (sky130_fd_sc_hd__o31ai_2)
                                                         _134_ (net)
                      0.527052    0.000513    5.991261 ^ _491_/A2 (sky130_fd_sc_hd__a21oi_2)
     1    0.008449    0.104832    0.138986    6.130247 v _491_/Y (sky130_fd_sc_hd__a21oi_2)
                                                         _156_ (net)
                      0.104832    0.000015    6.130262 v _492_/B (sky130_fd_sc_hd__xnor2_2)
     1    0.038245    0.497878    0.426516    6.556778 ^ _492_/Y (sky130_fd_sc_hd__xnor2_2)
                                                         P[11] (net)
                      0.497880    0.000719    6.557498 ^ P[11] (out)
                                              6.557498   data arrival time

                      0.000000   10.000000   10.000000   clock __VIRTUAL_CLK__ (rise edge)
                                  0.000000   10.000000   clock network delay (ideal)
                                 -0.250000    9.750000   clock uncertainty
                                  0.000000    9.750000   clock reconvergence pessimism
                                 -2.000000    7.750000   output external delay
                                              7.750000   data required time
---------------------------------------------------------------------------------------------
                                              7.750000   data required time
                                             -6.557498   data arrival time
---------------------------------------------------------------------------------------------
                                              1.192503   slack (MET)


Startpoint: B[2] (input port clocked by __VIRTUAL_CLK__)
Endpoint: P[12] (output port clocked by __VIRTUAL_CLK__)
Path Group: __VIRTUAL_CLK__
Path Type: max

Fanout         Cap        Slew       Delay        Time   Description
---------------------------------------------------------------------------------------------
                      0.000000    0.000000    0.000000   clock __VIRTUAL_CLK__ (rise edge)
                                  0.000000    0.000000   clock network delay (ideal)
                                  2.000000    2.000000 ^ input external delay
    11    0.045627    0.209507    0.145636    2.145636 ^ B[2] (in)
                                                         B[2] (net)
                      0.209517    0.000000    2.145636 ^ _306_/C_N (sky130_fd_sc_hd__or4bb_2)
     1    0.004529    0.102871    0.639820    2.785455 v _306_/X (sky130_fd_sc_hd__or4bb_2)
                                                         _239_ (net)
                      0.102871    0.000006    2.785462 v _308_/A1 (sky130_fd_sc_hd__a21oi_2)
     2    0.010545    0.162712    0.193694    2.979156 ^ _308_/Y (sky130_fd_sc_hd__a21oi_2)
                                                         _241_ (net)
                      0.162712    0.000026    2.979182 ^ _310_/B (sky130_fd_sc_hd__xnor2_2)
     2    0.011657    0.202512    0.154651    3.133834 ^ _310_/Y (sky130_fd_sc_hd__xnor2_2)
                                                         _243_ (net)
                      0.202512    0.000051    3.133885 ^ _311_/B (sky130_fd_sc_hd__xnor2_2)
     2    0.010398    0.071159    0.107887    3.241772 v _311_/Y (sky130_fd_sc_hd__xnor2_2)
                                                         _244_ (net)
                      0.071159    0.000043    3.241815 v _314_/A (sky130_fd_sc_hd__xnor2_2)
     2    0.011817    0.204343    0.220193    3.462008 ^ _314_/Y (sky130_fd_sc_hd__xnor2_2)
                                                         _247_ (net)
                      0.204343    0.000013    3.462021 ^ _315_/A2 (sky130_fd_sc_hd__o21a_2)
     2    0.011811    0.073343    0.180851    3.642873 ^ _315_/X (sky130_fd_sc_hd__o21a_2)
                                                         _248_ (net)
                      0.073343    0.000056    3.642929 ^ _318_/A_N (sky130_fd_sc_hd__and2b_2)
     2    0.004714    0.040957    0.219318    3.862247 v _318_/X (sky130_fd_sc_hd__and2b_2)
                                                         _251_ (net)
                      0.040957    0.000024    3.862271 v _368_/C (sky130_fd_sc_hd__or4_2)
     1    0.004993    0.109048    0.616958    4.479228 v _368_/X (sky130_fd_sc_hd__or4_2)
                                                         _037_ (net)
                      0.109048    0.000050    4.479279 v _369_/B (sky130_fd_sc_hd__and2b_2)
     2    0.010228    0.053734    0.240343    4.719621 v _369_/X (sky130_fd_sc_hd__and2b_2)
                                                         _038_ (net)
                      0.053734    0.000031    4.719652 v _370_/B (sky130_fd_sc_hd__and2_2)
     2    0.006834    0.047335    0.200874    4.920526 v _370_/X (sky130_fd_sc_hd__and2_2)
                                                         _039_ (net)
                      0.047335    0.000011    4.920536 v _407_/A2 (sky130_fd_sc_hd__o21a_2)
     3    0.008388    0.046983    0.206990    5.127526 v _407_/X (sky130_fd_sc_hd__o21a_2)
                                                         _075_ (net)
                      0.046983    0.000020    5.127546 v _409_/A (sky130_fd_sc_hd__or2_2)
     3    0.016068    0.089112    0.341766    5.469311 v _409_/X (sky130_fd_sc_hd__or2_2)
                                                         _077_ (net)
                      0.089112    0.000016    5.469328 v _468_/A1 (sky130_fd_sc_hd__o31ai_2)
     4    0.025316    0.527052    0.521420    5.990748 ^ _468_/Y (sky130_fd_sc_hd__o31ai_2)
                                                         _134_ (net)
                      0.527052    0.000561    5.991309 ^ _515_/A1 (sky130_fd_sc_hd__o21a_2)
     1    0.001898    0.034668    0.210305    6.201614 ^ _515_/X (sky130_fd_sc_hd__o21a_2)
                                                         _179_ (net)
                      0.034668    0.000004    6.201618 ^ _517_/B (sky130_fd_sc_hd__or2_2)
     1    0.001727    0.024733    0.084453    6.286071 ^ _517_/X (sky130_fd_sc_hd__or2_2)
                                                         _181_ (net)
                      0.024733    0.000002    6.286073 ^ _518_/B (sky130_fd_sc_hd__and2_2)
     1    0.038996    0.203780    0.254801    6.540874 ^ _518_/X (sky130_fd_sc_hd__and2_2)
                                                         P[12] (net)
                      0.203780    0.000831    6.541706 ^ P[12] (out)
                                              6.541706   data arrival time

                      0.000000   10.000000   10.000000   clock __VIRTUAL_CLK__ (rise edge)
                                  0.000000   10.000000   clock network delay (ideal)
                                 -0.250000    9.750000   clock uncertainty
                                  0.000000    9.750000   clock reconvergence pessimism
                                 -2.000000    7.750000   output external delay
                                              7.750000   data required time
---------------------------------------------------------------------------------------------
                                              7.750000   data required time
                                             -6.541706   data arrival time
---------------------------------------------------------------------------------------------
                                              1.208294   slack (MET)


Startpoint: B[2] (input port clocked by __VIRTUAL_CLK__)
Endpoint: P[10] (output port clocked by __VIRTUAL_CLK__)
Path Group: __VIRTUAL_CLK__
Path Type: max

Fanout         Cap        Slew       Delay        Time   Description
---------------------------------------------------------------------------------------------
                      0.000000    0.000000    0.000000   clock __VIRTUAL_CLK__ (rise edge)
                                  0.000000    0.000000   clock network delay (ideal)
                                  2.000000    2.000000 ^ input external delay
    11    0.045627    0.209507    0.145636    2.145636 ^ B[2] (in)
                                                         B[2] (net)
                      0.209517    0.000000    2.145636 ^ _306_/C_N (sky130_fd_sc_hd__or4bb_2)
     1    0.004529    0.102871    0.639820    2.785455 v _306_/X (sky130_fd_sc_hd__or4bb_2)
                                                         _239_ (net)
                      0.102871    0.000006    2.785462 v _308_/A1 (sky130_fd_sc_hd__a21oi_2)
     2    0.010545    0.162712    0.193694    2.979156 ^ _308_/Y (sky130_fd_sc_hd__a21oi_2)
                                                         _241_ (net)
                      0.162712    0.000026    2.979182 ^ _310_/B (sky130_fd_sc_hd__xnor2_2)
     2    0.011657    0.202512    0.154651    3.133834 ^ _310_/Y (sky130_fd_sc_hd__xnor2_2)
                                                         _243_ (net)
                      0.202512    0.000051    3.133885 ^ _311_/B (sky130_fd_sc_hd__xnor2_2)
     2    0.010398    0.071159    0.107887    3.241772 v _311_/Y (sky130_fd_sc_hd__xnor2_2)
                                                         _244_ (net)
                      0.071159    0.000043    3.241815 v _314_/A (sky130_fd_sc_hd__xnor2_2)
     2    0.011817    0.204343    0.220193    3.462008 ^ _314_/Y (sky130_fd_sc_hd__xnor2_2)
                                                         _247_ (net)
                      0.204343    0.000013    3.462021 ^ _315_/A2 (sky130_fd_sc_hd__o21a_2)
     2    0.011811    0.073343    0.180851    3.642873 ^ _315_/X (sky130_fd_sc_hd__o21a_2)
                                                         _248_ (net)
                      0.073343    0.000056    3.642929 ^ _318_/A_N (sky130_fd_sc_hd__and2b_2)
     2    0.004714    0.040957    0.219318    3.862247 v _318_/X (sky130_fd_sc_hd__and2b_2)
                                                         _251_ (net)
                      0.040957    0.000024    3.862271 v _368_/C (sky130_fd_sc_hd__or4_2)
     1    0.004993    0.109048    0.616958    4.479228 v _368_/X (sky130_fd_sc_hd__or4_2)
                                                         _037_ (net)
                      0.109048    0.000050    4.479279 v _369_/B (sky130_fd_sc_hd__and2b_2)
     2    0.010228    0.053734    0.240343    4.719621 v _369_/X (sky130_fd_sc_hd__and2b_2)
                                                         _038_ (net)
                      0.053734    0.000031    4.719652 v _370_/B (sky130_fd_sc_hd__and2_2)
     2    0.006834    0.047335    0.200874    4.920526 v _370_/X (sky130_fd_sc_hd__and2_2)
                                                         _039_ (net)
                      0.047335    0.000011    4.920536 v _407_/A2 (sky130_fd_sc_hd__o21a_2)
     3    0.008388    0.046983    0.206990    5.127526 v _407_/X (sky130_fd_sc_hd__o21a_2)
                                                         _075_ (net)
                      0.046983    0.000020    5.127546 v _409_/A (sky130_fd_sc_hd__or2_2)
     3    0.016068    0.089112    0.341766    5.469311 v _409_/X (sky130_fd_sc_hd__or2_2)
                                                         _077_ (net)
                      0.089112    0.000016    5.469328 v _468_/A1 (sky130_fd_sc_hd__o31ai_2)
     4    0.025316    0.527052    0.521420    5.990748 ^ _468_/Y (sky130_fd_sc_hd__o31ai_2)
                                                         _134_ (net)
                      0.527052    0.000464    5.991212 ^ _469_/B (sky130_fd_sc_hd__xnor2_2)
     1    0.038465    0.500280    0.286035    6.277246 ^ _469_/Y (sky130_fd_sc_hd__xnor2_2)
                                                         P[10] (net)
                      0.500282    0.000766    6.278013 ^ P[10] (out)
                                              6.278013   data arrival time

                      0.000000   10.000000   10.000000   clock __VIRTUAL_CLK__ (rise edge)
                                  0.000000   10.000000   clock network delay (ideal)
                                 -0.250000    9.750000   clock uncertainty
                                  0.000000    9.750000   clock reconvergence pessimism
                                 -2.000000    7.750000   output external delay
                                              7.750000   data required time
---------------------------------------------------------------------------------------------
                                              7.750000   data required time
                                             -6.278013   data arrival time
---------------------------------------------------------------------------------------------
                                              1.471987   slack (MET)


Startpoint: B[2] (input port clocked by __VIRTUAL_CLK__)
Endpoint: P[9] (output port clocked by __VIRTUAL_CLK__)
Path Group: __VIRTUAL_CLK__
Path Type: max

Fanout         Cap        Slew       Delay        Time   Description
---------------------------------------------------------------------------------------------
                      0.000000    0.000000    0.000000   clock __VIRTUAL_CLK__ (rise edge)
                                  0.000000    0.000000   clock network delay (ideal)
                                  2.000000    2.000000 ^ input external delay
    11    0.045627    0.209507    0.145636    2.145636 ^ B[2] (in)
                                                         B[2] (net)
                      0.209517    0.000000    2.145636 ^ _306_/C_N (sky130_fd_sc_hd__or4bb_2)
     1    0.004529    0.102871    0.639820    2.785455 v _306_/X (sky130_fd_sc_hd__or4bb_2)
                                                         _239_ (net)
                      0.102871    0.000006    2.785462 v _308_/A1 (sky130_fd_sc_hd__a21oi_2)
     2    0.010545    0.162712    0.193694    2.979156 ^ _308_/Y (sky130_fd_sc_hd__a21oi_2)
                                                         _241_ (net)
                      0.162712    0.000026    2.979182 ^ _310_/B (sky130_fd_sc_hd__xnor2_2)
     2    0.011657    0.202512    0.154651    3.133834 ^ _310_/Y (sky130_fd_sc_hd__xnor2_2)
                                                         _243_ (net)
                      0.202512    0.000051    3.133885 ^ _311_/B (sky130_fd_sc_hd__xnor2_2)
     2    0.010398    0.071159    0.107887    3.241772 v _311_/Y (sky130_fd_sc_hd__xnor2_2)
                                                         _244_ (net)
                      0.071159    0.000043    3.241815 v _314_/A (sky130_fd_sc_hd__xnor2_2)
     2    0.011817    0.204343    0.220193    3.462008 ^ _314_/Y (sky130_fd_sc_hd__xnor2_2)
                                                         _247_ (net)
                      0.204343    0.000013    3.462021 ^ _315_/A2 (sky130_fd_sc_hd__o21a_2)
     2    0.011811    0.073343    0.180851    3.642873 ^ _315_/X (sky130_fd_sc_hd__o21a_2)
                                                         _248_ (net)
                      0.073343    0.000056    3.642929 ^ _318_/A_N (sky130_fd_sc_hd__and2b_2)
     2    0.004714    0.040957    0.219318    3.862247 v _318_/X (sky130_fd_sc_hd__and2b_2)
                                                         _251_ (net)
                      0.040957    0.000024    3.862271 v _368_/C (sky130_fd_sc_hd__or4_2)
     1    0.004993    0.109048    0.616958    4.479228 v _368_/X (sky130_fd_sc_hd__or4_2)
                                                         _037_ (net)
                      0.109048    0.000050    4.479279 v _369_/B (sky130_fd_sc_hd__and2b_2)
     2    0.010228    0.053734    0.240343    4.719621 v _369_/X (sky130_fd_sc_hd__and2b_2)
                                                         _038_ (net)
                      0.053734    0.000031    4.719652 v _370_/B (sky130_fd_sc_hd__and2_2)
     2    0.006834    0.047335    0.200874    4.920526 v _370_/X (sky130_fd_sc_hd__and2_2)
                                                         _039_ (net)
                      0.047335    0.000011    4.920536 v _407_/A2 (sky130_fd_sc_hd__o21a_2)
     3    0.008388    0.046983    0.206990    5.127526 v _407_/X (sky130_fd_sc_hd__o21a_2)
                                                         _075_ (net)
                      0.046983    0.000020    5.127546 v _409_/A (sky130_fd_sc_hd__or2_2)
     3    0.016068    0.089112    0.341766    5.469311 v _409_/X (sky130_fd_sc_hd__or2_2)
                                                         _077_ (net)
                      0.089112    0.000022    5.469333 v _447_/A1 (sky130_fd_sc_hd__o21ba_2)
     1    0.008449    0.048187    0.241146    5.710479 v _447_/X (sky130_fd_sc_hd__o21ba_2)
                                                         _114_ (net)
                      0.048187    0.000021    5.710500 v _448_/B (sky130_fd_sc_hd__xor2_2)
     1    0.038427    0.472852    0.393443    6.103943 ^ _448_/X (sky130_fd_sc_hd__xor2_2)
                                                         P[9] (net)
                      0.472854    0.000762    6.104705 ^ P[9] (out)
                                              6.104705   data arrival time

                      0.000000   10.000000   10.000000   clock __VIRTUAL_CLK__ (rise edge)
                                  0.000000   10.000000   clock network delay (ideal)
                                 -0.250000    9.750000   clock uncertainty
                                  0.000000    9.750000   clock reconvergence pessimism
                                 -2.000000    7.750000   output external delay
                                              7.750000   data required time
---------------------------------------------------------------------------------------------
                                              7.750000   data required time
                                             -6.104705   data arrival time
---------------------------------------------------------------------------------------------
                                              1.645295   slack (MET)


Startpoint: B[2] (input port clocked by __VIRTUAL_CLK__)
Endpoint: P[8] (output port clocked by __VIRTUAL_CLK__)
Path Group: __VIRTUAL_CLK__
Path Type: max

Fanout         Cap        Slew       Delay        Time   Description
---------------------------------------------------------------------------------------------
                      0.000000    0.000000    0.000000   clock __VIRTUAL_CLK__ (rise edge)
                                  0.000000    0.000000   clock network delay (ideal)
                                  2.000000    2.000000 ^ input external delay
    11    0.045627    0.209507    0.145636    2.145636 ^ B[2] (in)
                                                         B[2] (net)
                      0.209517    0.000000    2.145636 ^ _306_/C_N (sky130_fd_sc_hd__or4bb_2)
     1    0.004529    0.102871    0.639820    2.785455 v _306_/X (sky130_fd_sc_hd__or4bb_2)
                                                         _239_ (net)
                      0.102871    0.000006    2.785462 v _308_/A1 (sky130_fd_sc_hd__a21oi_2)
     2    0.010545    0.162712    0.193694    2.979156 ^ _308_/Y (sky130_fd_sc_hd__a21oi_2)
                                                         _241_ (net)
                      0.162712    0.000026    2.979182 ^ _310_/B (sky130_fd_sc_hd__xnor2_2)
     2    0.011657    0.202512    0.154651    3.133834 ^ _310_/Y (sky130_fd_sc_hd__xnor2_2)
                                                         _243_ (net)
                      0.202512    0.000051    3.133885 ^ _311_/B (sky130_fd_sc_hd__xnor2_2)
     2    0.010398    0.071159    0.107887    3.241772 v _311_/Y (sky130_fd_sc_hd__xnor2_2)
                                                         _244_ (net)
                      0.071159    0.000043    3.241815 v _314_/A (sky130_fd_sc_hd__xnor2_2)
     2    0.011817    0.204343    0.220193    3.462008 ^ _314_/Y (sky130_fd_sc_hd__xnor2_2)
                                                         _247_ (net)
                      0.204343    0.000013    3.462021 ^ _315_/A2 (sky130_fd_sc_hd__o21a_2)
     2    0.011811    0.073343    0.180851    3.642873 ^ _315_/X (sky130_fd_sc_hd__o21a_2)
                                                         _248_ (net)
                      0.073343    0.000056    3.642929 ^ _318_/A_N (sky130_fd_sc_hd__and2b_2)
     2    0.004714    0.040957    0.219318    3.862247 v _318_/X (sky130_fd_sc_hd__and2b_2)
                                                         _251_ (net)
                      0.040957    0.000024    3.862271 v _368_/C (sky130_fd_sc_hd__or4_2)
     1    0.004993    0.109048    0.616958    4.479228 v _368_/X (sky130_fd_sc_hd__or4_2)
                                                         _037_ (net)
                      0.109048    0.000050    4.479279 v _369_/B (sky130_fd_sc_hd__and2b_2)
     2    0.010228    0.053734    0.240343    4.719621 v _369_/X (sky130_fd_sc_hd__and2b_2)
                                                         _038_ (net)
                      0.053734    0.000031    4.719652 v _370_/B (sky130_fd_sc_hd__and2_2)
     2    0.006834    0.047335    0.200874    4.920526 v _370_/X (sky130_fd_sc_hd__and2_2)
                                                         _039_ (net)
                      0.047335    0.000011    4.920536 v _407_/A2 (sky130_fd_sc_hd__o21a_2)
     3    0.008388    0.046983    0.206990    5.127526 v _407_/X (sky130_fd_sc_hd__o21a_2)
                                                         _075_ (net)
                      0.046983    0.000020    5.127546 v _409_/A (sky130_fd_sc_hd__or2_2)
     3    0.016068    0.089112    0.341766    5.469311 v _409_/X (sky130_fd_sc_hd__or2_2)
                                                         _077_ (net)
                      0.089112    0.000043    5.469354 v _411_/A (sky130_fd_sc_hd__xor2_2)
     1    0.038851    0.477454    0.440502    5.909856 ^ _411_/X (sky130_fd_sc_hd__xor2_2)
                                                         P[8] (net)
                      0.477456    0.000850    5.910706 ^ P[8] (out)
                                              5.910706   data arrival time

                      0.000000   10.000000   10.000000   clock __VIRTUAL_CLK__ (rise edge)
                                  0.000000   10.000000   clock network delay (ideal)
                                 -0.250000    9.750000   clock uncertainty
                                  0.000000    9.750000   clock reconvergence pessimism
                                 -2.000000    7.750000   output external delay
                                              7.750000   data required time
---------------------------------------------------------------------------------------------
                                              7.750000   data required time
                                             -5.910706   data arrival time
---------------------------------------------------------------------------------------------
                                              1.839294   slack (MET)


Startpoint: B[2] (input port clocked by __VIRTUAL_CLK__)
Endpoint: P[7] (output port clocked by __VIRTUAL_CLK__)
Path Group: __VIRTUAL_CLK__
Path Type: max

Fanout         Cap        Slew       Delay        Time   Description
---------------------------------------------------------------------------------------------
                      0.000000    0.000000    0.000000   clock __VIRTUAL_CLK__ (rise edge)
                                  0.000000    0.000000   clock network delay (ideal)
                                  2.000000    2.000000 ^ input external delay
    11    0.045627    0.209507    0.145636    2.145636 ^ B[2] (in)
                                                         B[2] (net)
                      0.209517    0.000000    2.145636 ^ _306_/C_N (sky130_fd_sc_hd__or4bb_2)
     1    0.004529    0.102871    0.639820    2.785455 v _306_/X (sky130_fd_sc_hd__or4bb_2)
                                                         _239_ (net)
                      0.102871    0.000006    2.785462 v _308_/A1 (sky130_fd_sc_hd__a21oi_2)
     2    0.010545    0.162712    0.193694    2.979156 ^ _308_/Y (sky130_fd_sc_hd__a21oi_2)
                                                         _241_ (net)
                      0.162712    0.000026    2.979182 ^ _310_/B (sky130_fd_sc_hd__xnor2_2)
     2    0.011657    0.202512    0.154651    3.133834 ^ _310_/Y (sky130_fd_sc_hd__xnor2_2)
                                                         _243_ (net)
                      0.202512    0.000051    3.133885 ^ _311_/B (sky130_fd_sc_hd__xnor2_2)
     2    0.010398    0.071159    0.107887    3.241772 v _311_/Y (sky130_fd_sc_hd__xnor2_2)
                                                         _244_ (net)
                      0.071159    0.000043    3.241815 v _314_/A (sky130_fd_sc_hd__xnor2_2)
     2    0.011817    0.204343    0.220193    3.462008 ^ _314_/Y (sky130_fd_sc_hd__xnor2_2)
                                                         _247_ (net)
                      0.204343    0.000013    3.462021 ^ _315_/A2 (sky130_fd_sc_hd__o21a_2)
     2    0.011811    0.073343    0.180851    3.642873 ^ _315_/X (sky130_fd_sc_hd__o21a_2)
                                                         _248_ (net)
                      0.073343    0.000056    3.642929 ^ _318_/A_N (sky130_fd_sc_hd__and2b_2)
     2    0.004714    0.040957    0.219318    3.862247 v _318_/X (sky130_fd_sc_hd__and2b_2)
                                                         _251_ (net)
                      0.040957    0.000024    3.862271 v _368_/C (sky130_fd_sc_hd__or4_2)
     1    0.004993    0.109048    0.616958    4.479228 v _368_/X (sky130_fd_sc_hd__or4_2)
                                                         _037_ (net)
                      0.109048    0.000050    4.479279 v _369_/B (sky130_fd_sc_hd__and2b_2)
     2    0.010228    0.053734    0.240343    4.719621 v _369_/X (sky130_fd_sc_hd__and2b_2)
                                                         _038_ (net)
                      0.053734    0.000026    4.719647 v _371_/B (sky130_fd_sc_hd__xor2_2)
     2    0.010968    0.084292    0.160927    4.880574 v _371_/X (sky130_fd_sc_hd__xor2_2)
                                                         _040_ (net)
                      0.084292    0.000080    4.880654 v _373_/B (sky130_fd_sc_hd__xnor2_2)
     2    0.014841    0.239219    0.224400    5.105054 ^ _373_/Y (sky130_fd_sc_hd__xnor2_2)
                                                         _042_ (net)
                      0.239219    0.000058    5.105112 ^ _375_/A (sky130_fd_sc_hd__xor2_2)
     1    0.038085    0.469097    0.425529    5.530640 ^ _375_/X (sky130_fd_sc_hd__xor2_2)
                                                         P[7] (net)
                      0.469100    0.001074    5.531714 ^ P[7] (out)
                                              5.531714   data arrival time

                      0.000000   10.000000   10.000000   clock __VIRTUAL_CLK__ (rise edge)
                                  0.000000   10.000000   clock network delay (ideal)
                                 -0.250000    9.750000   clock uncertainty
                                  0.000000    9.750000   clock reconvergence pessimism
                                 -2.000000    7.750000   output external delay
                                              7.750000   data required time
---------------------------------------------------------------------------------------------
                                              7.750000   data required time
                                             -5.531714   data arrival time
---------------------------------------------------------------------------------------------
                                              2.218286   slack (MET)


Startpoint: A[0] (input port clocked by __VIRTUAL_CLK__)
Endpoint: P[6] (output port clocked by __VIRTUAL_CLK__)
Path Group: __VIRTUAL_CLK__
Path Type: max

Fanout         Cap        Slew       Delay        Time   Description
---------------------------------------------------------------------------------------------
                      0.000000    0.000000    0.000000   clock __VIRTUAL_CLK__ (rise edge)
                                  0.000000    0.000000   clock network delay (ideal)
                                  2.000000    2.000000 v input external delay
    15    0.058223    0.129350    0.093548    2.093548 v A[0] (in)
                                                         A[0] (net)
                      0.129382    0.000000    2.093548 v _276_/A (sky130_fd_sc_hd__and3_2)
     5    0.014362    0.064119    0.241986    2.335534 v _276_/X (sky130_fd_sc_hd__and3_2)
                                                         _211_ (net)
                      0.064119    0.000025    2.335560 v _279_/A (sky130_fd_sc_hd__or3b_2)
     1    0.008166    0.097828    0.495403    2.830962 v _279_/X (sky130_fd_sc_hd__or3b_2)
                                                         _214_ (net)
                      0.097828    0.000016    2.830978 v _281_/B (sky130_fd_sc_hd__xor2_2)
     2    0.009177    0.062916    0.173989    3.004967 v _281_/X (sky130_fd_sc_hd__xor2_2)
                                                         _216_ (net)
                      0.062917    0.000143    3.005110 v _282_/B (sky130_fd_sc_hd__or2_2)
     3    0.007971    0.071133    0.298027    3.303137 v _282_/X (sky130_fd_sc_hd__or2_2)
                                                         _217_ (net)
                      0.071133    0.000016    3.303153 v _295_/A (sky130_fd_sc_hd__or2_2)
     3    0.016576    0.090196    0.351998    3.655151 v _295_/X (sky130_fd_sc_hd__or2_2)
                                                         _229_ (net)
                      0.090196    0.000060    3.655211 v _315_/A1 (sky130_fd_sc_hd__o21a_2)
     2    0.010966    0.053993    0.247918    3.903130 v _315_/X (sky130_fd_sc_hd__o21a_2)
                                                         _248_ (net)
                      0.053993    0.000052    3.903181 v _319_/A (sky130_fd_sc_hd__xnor2_2)
     2    0.016897    0.254022    0.256136    4.159317 ^ _319_/Y (sky130_fd_sc_hd__xnor2_2)
                                                         _252_ (net)
                      0.254022    0.000207    4.159523 ^ _325_/A (sky130_fd_sc_hd__xnor2_2)
     2    0.010042    0.085639    0.128434    4.287957 v _325_/Y (sky130_fd_sc_hd__xnor2_2)
                                                         _258_ (net)
                      0.085639    0.000022    4.287980 v _327_/B (sky130_fd_sc_hd__xnor2_2)
     2    0.010980    0.073351    0.164386    4.452366 v _327_/Y (sky130_fd_sc_hd__xnor2_2)
                                                         _260_ (net)
                      0.073353    0.000074    4.452440 v _339_/A (sky130_fd_sc_hd__xnor2_2)
     2    0.011265    0.081333    0.165957    4.618396 v _339_/Y (sky130_fd_sc_hd__xnor2_2)
                                                         _009_ (net)
                      0.081333    0.000036    4.618432 v _342_/A (sky130_fd_sc_hd__xnor2_2)
     1    0.036667    0.479226    0.430399    5.048831 ^ _342_/Y (sky130_fd_sc_hd__xnor2_2)
                                                         P[6] (net)
                      0.479228    0.000742    5.049573 ^ P[6] (out)
                                              5.049573   data arrival time

                      0.000000   10.000000   10.000000   clock __VIRTUAL_CLK__ (rise edge)
                                  0.000000   10.000000   clock network delay (ideal)
                                 -0.250000    9.750000   clock uncertainty
                                  0.000000    9.750000   clock reconvergence pessimism
                                 -2.000000    7.750000   output external delay
                                              7.750000   data required time
---------------------------------------------------------------------------------------------
                                              7.750000   data required time
                                             -5.049573   data arrival time
---------------------------------------------------------------------------------------------
                                              2.700427   slack (MET)


Startpoint: A[0] (input port clocked by __VIRTUAL_CLK__)
Endpoint: P[5] (output port clocked by __VIRTUAL_CLK__)
Path Group: __VIRTUAL_CLK__
Path Type: max

Fanout         Cap        Slew       Delay        Time   Description
---------------------------------------------------------------------------------------------
                      0.000000    0.000000    0.000000   clock __VIRTUAL_CLK__ (rise edge)
                                  0.000000    0.000000   clock network delay (ideal)
                                  2.000000    2.000000 v input external delay
    15    0.058223    0.129350    0.093548    2.093548 v A[0] (in)
                                                         A[0] (net)
                      0.129382    0.000000    2.093548 v _276_/A (sky130_fd_sc_hd__and3_2)
     5    0.014362    0.064119    0.241986    2.335534 v _276_/X (sky130_fd_sc_hd__and3_2)
                                                         _211_ (net)
                      0.064119    0.000025    2.335560 v _279_/A (sky130_fd_sc_hd__or3b_2)
     1    0.008166    0.097828    0.495403    2.830962 v _279_/X (sky130_fd_sc_hd__or3b_2)
                                                         _214_ (net)
                      0.097828    0.000016    2.830978 v _281_/B (sky130_fd_sc_hd__xor2_2)
     2    0.009177    0.062916    0.173989    3.004967 v _281_/X (sky130_fd_sc_hd__xor2_2)
                                                         _216_ (net)
                      0.062917    0.000143    3.005110 v _282_/B (sky130_fd_sc_hd__or2_2)
     3    0.007971    0.071133    0.298027    3.303137 v _282_/X (sky130_fd_sc_hd__or2_2)
                                                         _217_ (net)
                      0.071133    0.000016    3.303153 v _295_/A (sky130_fd_sc_hd__or2_2)
     3    0.016576    0.090196    0.351998    3.655151 v _295_/X (sky130_fd_sc_hd__or2_2)
                                                         _229_ (net)
                      0.090196    0.000053    3.655204 v _332_/A (sky130_fd_sc_hd__xor2_2)
     2    0.013718    0.096217    0.210195    3.865399 v _332_/X (sky130_fd_sc_hd__xor2_2)
                                                         _002_ (net)
                      0.096217    0.000081    3.865480 v _335_/B (sky130_fd_sc_hd__xnor2_2)
     2    0.010009    0.072984    0.165826    4.031306 v _335_/Y (sky130_fd_sc_hd__xnor2_2)
                                                         _005_ (net)
                      0.072984    0.000019    4.031325 v _340_/B (sky130_fd_sc_hd__xnor2_2)
     3    0.010197    0.070413    0.156517    4.187842 v _340_/Y (sky130_fd_sc_hd__xnor2_2)
                                                         _010_ (net)
                      0.070413    0.000087    4.187929 v _540_/B (sky130_fd_sc_hd__or2_2)
     1    0.001852    0.050903    0.269518    4.457447 v _540_/X (sky130_fd_sc_hd__or2_2)
                                                         _200_ (net)
                      0.050903    0.000004    4.457450 v _541_/B (sky130_fd_sc_hd__and2_2)
     1    0.036494    0.104727    0.268646    4.726096 v _541_/X (sky130_fd_sc_hd__and2_2)
                                                         P[5] (net)
                      0.104729    0.000705    4.726801 v P[5] (out)
                                              4.726801   data arrival time

                      0.000000   10.000000   10.000000   clock __VIRTUAL_CLK__ (rise edge)
                                  0.000000   10.000000   clock network delay (ideal)
                                 -0.250000    9.750000   clock uncertainty
                                  0.000000    9.750000   clock reconvergence pessimism
                                 -2.000000    7.750000   output external delay
                                              7.750000   data required time
---------------------------------------------------------------------------------------------
                                              7.750000   data required time
                                             -4.726801   data arrival time
---------------------------------------------------------------------------------------------
                                              3.023199   slack (MET)


Startpoint: A[0] (input port clocked by __VIRTUAL_CLK__)
Endpoint: P[4] (output port clocked by __VIRTUAL_CLK__)
Path Group: __VIRTUAL_CLK__
Path Type: max

Fanout         Cap        Slew       Delay        Time   Description
---------------------------------------------------------------------------------------------
                      0.000000    0.000000    0.000000   clock __VIRTUAL_CLK__ (rise edge)
                                  0.000000    0.000000   clock network delay (ideal)
                                  2.000000    2.000000 v input external delay
    15    0.058223    0.129350    0.093548    2.093548 v A[0] (in)
                                                         A[0] (net)
                      0.129382    0.000000    2.093548 v _276_/A (sky130_fd_sc_hd__and3_2)
     5    0.014362    0.064119    0.241986    2.335534 v _276_/X (sky130_fd_sc_hd__and3_2)
                                                         _211_ (net)
                      0.064119    0.000025    2.335560 v _279_/A (sky130_fd_sc_hd__or3b_2)
     1    0.008166    0.097828    0.495403    2.830962 v _279_/X (sky130_fd_sc_hd__or3b_2)
                                                         _214_ (net)
                      0.097828    0.000016    2.830978 v _281_/B (sky130_fd_sc_hd__xor2_2)
     2    0.009177    0.062916    0.173989    3.004967 v _281_/X (sky130_fd_sc_hd__xor2_2)
                                                         _216_ (net)
                      0.062917    0.000143    3.005110 v _282_/B (sky130_fd_sc_hd__or2_2)
     3    0.007971    0.071133    0.298027    3.303137 v _282_/X (sky130_fd_sc_hd__or2_2)
                                                         _217_ (net)
                      0.071133    0.000016    3.303153 v _295_/A (sky130_fd_sc_hd__or2_2)
     3    0.016576    0.090196    0.351998    3.655151 v _295_/X (sky130_fd_sc_hd__or2_2)
                                                         _229_ (net)
                      0.090196    0.000038    3.655189 v _297_/A (sky130_fd_sc_hd__nand2_2)
     2    0.009767    0.067658    0.092014    3.747202 ^ _297_/Y (sky130_fd_sc_hd__nand2_2)
                                                         _231_ (net)
                      0.067658    0.000119    3.747322 ^ _298_/B (sky130_fd_sc_hd__nor2_2)
     4    0.013955    0.043992    0.057018    3.804339 v _298_/Y (sky130_fd_sc_hd__nor2_2)
                                                         _232_ (net)
                      0.043992    0.000034    3.804373 v _300_/A (sky130_fd_sc_hd__nor2_2)
     1    0.036400    0.398593    0.341682    4.146056 ^ _300_/Y (sky130_fd_sc_hd__nor2_2)
                                                         P[4] (net)
                      0.398595    0.000702    4.146757 ^ P[4] (out)
                                              4.146757   data arrival time

                      0.000000   10.000000   10.000000   clock __VIRTUAL_CLK__ (rise edge)
                                  0.000000   10.000000   clock network delay (ideal)
                                 -0.250000    9.750000   clock uncertainty
                                  0.000000    9.750000   clock reconvergence pessimism
                                 -2.000000    7.750000   output external delay
                                              7.750000   data required time
---------------------------------------------------------------------------------------------
                                              7.750000   data required time
                                             -4.146757   data arrival time
---------------------------------------------------------------------------------------------
                                              3.603243   slack (MET)


Startpoint: A[0] (input port clocked by __VIRTUAL_CLK__)
Endpoint: P[3] (output port clocked by __VIRTUAL_CLK__)
Path Group: __VIRTUAL_CLK__
Path Type: max

Fanout         Cap        Slew       Delay        Time   Description
---------------------------------------------------------------------------------------------
                      0.000000    0.000000    0.000000   clock __VIRTUAL_CLK__ (rise edge)
                                  0.000000    0.000000   clock network delay (ideal)
                                  2.000000    2.000000 v input external delay
    15    0.058223    0.129350    0.093548    2.093548 v A[0] (in)
                                                         A[0] (net)
                      0.129382    0.000000    2.093548 v _276_/A (sky130_fd_sc_hd__and3_2)
     5    0.014362    0.064119    0.241986    2.335534 v _276_/X (sky130_fd_sc_hd__and3_2)
                                                         _211_ (net)
                      0.064119    0.000025    2.335560 v _279_/A (sky130_fd_sc_hd__or3b_2)
     1    0.008166    0.097828    0.495403    2.830962 v _279_/X (sky130_fd_sc_hd__or3b_2)
                                                         _214_ (net)
                      0.097828    0.000016    2.830978 v _281_/B (sky130_fd_sc_hd__xor2_2)
     2    0.009177    0.062916    0.173989    3.004967 v _281_/X (sky130_fd_sc_hd__xor2_2)
                                                         _216_ (net)
                      0.062917    0.000143    3.005110 v _282_/B (sky130_fd_sc_hd__or2_2)
     3    0.007971    0.071133    0.298027    3.303137 v _282_/X (sky130_fd_sc_hd__or2_2)
                                                         _217_ (net)
                      0.071133    0.000023    3.303160 v _284_/A (sky130_fd_sc_hd__and2_2)
     1    0.037320    0.106304    0.257176    3.560335 v _284_/X (sky130_fd_sc_hd__and2_2)
                                                         P[3] (net)
                      0.106310    0.000893    3.561228 v P[3] (out)
                                              3.561228   data arrival time

                      0.000000   10.000000   10.000000   clock __VIRTUAL_CLK__ (rise edge)
                                  0.000000   10.000000   clock network delay (ideal)
                                 -0.250000    9.750000   clock uncertainty
                                  0.000000    9.750000   clock reconvergence pessimism
                                 -2.000000    7.750000   output external delay
                                              7.750000   data required time
---------------------------------------------------------------------------------------------
                                              7.750000   data required time
                                             -3.561228   data arrival time
---------------------------------------------------------------------------------------------
                                              4.188772   slack (MET)


Startpoint: B[1] (input port clocked by __VIRTUAL_CLK__)
Endpoint: P[1] (output port clocked by __VIRTUAL_CLK__)
Path Group: __VIRTUAL_CLK__
Path Type: max

Fanout         Cap        Slew       Delay        Time   Description
---------------------------------------------------------------------------------------------
                      0.000000    0.000000    0.000000   clock __VIRTUAL_CLK__ (rise edge)
                                  0.000000    0.000000   clock network delay (ideal)
                                  2.000000    2.000000 v input external delay
    14    0.051503    0.114595    0.082392    2.082392 v B[1] (in)
                                                         B[1] (net)
                      0.114600    0.000000    2.082392 v _269_/C (sky130_fd_sc_hd__and4_2)
     3    0.016047    0.068678    0.289963    2.372355 v _269_/X (sky130_fd_sc_hd__and4_2)
                                                         _206_ (net)
                      0.068678    0.000012    2.372368 v _270_/C1 (sky130_fd_sc_hd__a211oi_2)
     1    0.034581    0.636926    0.509155    2.881523 ^ _270_/Y (sky130_fd_sc_hd__a211oi_2)
                                                         P[1] (net)
                      0.636926    0.000172    2.881694 ^ P[1] (out)
                                              2.881694   data arrival time

                      0.000000   10.000000   10.000000   clock __VIRTUAL_CLK__ (rise edge)
                                  0.000000   10.000000   clock network delay (ideal)
                                 -0.250000    9.750000   clock uncertainty
                                  0.000000    9.750000   clock reconvergence pessimism
                                 -2.000000    7.750000   output external delay
                                              7.750000   data required time
---------------------------------------------------------------------------------------------
                                              7.750000   data required time
                                             -2.881694   data arrival time
---------------------------------------------------------------------------------------------
                                              4.868306   slack (MET)


Startpoint: A[0] (input port clocked by __VIRTUAL_CLK__)
Endpoint: P[2] (output port clocked by __VIRTUAL_CLK__)
Path Group: __VIRTUAL_CLK__
Path Type: max

Fanout         Cap        Slew       Delay        Time   Description
---------------------------------------------------------------------------------------------
                      0.000000    0.000000    0.000000   clock __VIRTUAL_CLK__ (rise edge)
                                  0.000000    0.000000   clock network delay (ideal)
                                  2.000000    2.000000 ^ input external delay
    15    0.060728    0.277015    0.191766    2.191766 ^ A[0] (in)
                                                         A[0] (net)
                      0.277032    0.000000    2.191766 ^ _267_/A (sky130_fd_sc_hd__and2_2)
     2    0.036071    0.190042    0.321551    2.513317 ^ _267_/X (sky130_fd_sc_hd__and2_2)
                                                         P[0] (net)
                      0.190042    0.000028    2.513346 ^ _271_/A_N (sky130_fd_sc_hd__and3b_2)
     1    0.034716    0.109011    0.310577    2.823922 v _271_/X (sky130_fd_sc_hd__and3b_2)
                                                         P[2] (net)
                      0.109011    0.000193    2.824115 v P[2] (out)
                                              2.824115   data arrival time

                      0.000000   10.000000   10.000000   clock __VIRTUAL_CLK__ (rise edge)
                                  0.000000   10.000000   clock network delay (ideal)
                                 -0.250000    9.750000   clock uncertainty
                                  0.000000    9.750000   clock reconvergence pessimism
                                 -2.000000    7.750000   output external delay
                                              7.750000   data required time
---------------------------------------------------------------------------------------------
                                              7.750000   data required time
                                             -2.824115   data arrival time
---------------------------------------------------------------------------------------------
                                              4.925885   slack (MET)


Startpoint: A[0] (input port clocked by __VIRTUAL_CLK__)
Endpoint: P[0] (output port clocked by __VIRTUAL_CLK__)
Path Group: __VIRTUAL_CLK__
Path Type: max

Fanout         Cap        Slew       Delay        Time   Description
---------------------------------------------------------------------------------------------
                      0.000000    0.000000    0.000000   clock __VIRTUAL_CLK__ (rise edge)
                                  0.000000    0.000000   clock network delay (ideal)
                                  2.000000    2.000000 ^ input external delay
    15    0.060728    0.277015    0.191766    2.191766 ^ A[0] (in)
                                                         A[0] (net)
                      0.277032    0.000000    2.191766 ^ _267_/A (sky130_fd_sc_hd__and2_2)
     2    0.036071    0.190042    0.321551    2.513317 ^ _267_/X (sky130_fd_sc_hd__and2_2)
                                                         P[0] (net)
                      0.190042    0.000168    2.513485 ^ P[0] (out)
                                              2.513485   data arrival time

                      0.000000   10.000000   10.000000   clock __VIRTUAL_CLK__ (rise edge)
                                  0.000000   10.000000   clock network delay (ideal)
                                 -0.250000    9.750000   clock uncertainty
                                  0.000000    9.750000   clock reconvergence pessimism
                                 -2.000000    7.750000   output external delay
                                              7.750000   data required time
---------------------------------------------------------------------------------------------
                                              7.750000   data required time
                                             -2.513485   data arrival time
---------------------------------------------------------------------------------------------
                                              5.236516   slack (MET)



