
===========================================================================
report_checks -path_delay min (Hold)
============================================================================
======================= max_ss_100C_1v60 Corner ===================================

Startpoint: B[0] (input port clocked by __VIRTUAL_CLK__)
Endpoint: P[0] (output port clocked by __VIRTUAL_CLK__)
Path Group: __VIRTUAL_CLK__
Path Type: min

Fanout         Cap        Slew       Delay        Time   Description
---------------------------------------------------------------------------------------------
                      0.000000    0.000000    0.000000   clock __VIRTUAL_CLK__ (rise edge)
                                  0.000000    0.000000   clock network delay (ideal)
                                  2.000000    2.000000 v input external delay
     1    0.002898    0.018829    0.009583    2.009583 v B[0] (in)
                                                         B[0] (net)
                      0.018829    0.000000    2.009583 v input5/A (sky130_fd_sc_hd__buf_1)
     3    0.009135    0.115838    0.191119    2.200702 v input5/X (sky130_fd_sc_hd__buf_1)
                                                         net5 (net)
                      0.115839    0.000608    2.201310 v _59_/A (sky130_fd_sc_hd__clkbuf_1)
     1    0.002559    0.048108    0.179214    2.380523 v _59_/X (sky130_fd_sc_hd__clkbuf_1)
                                                         net9 (net)
                      0.048108    0.000160    2.380683 v output9/A (sky130_fd_sc_hd__buf_2)
     1    0.034508    0.167228    0.334650    2.715333 v output9/X (sky130_fd_sc_hd__buf_2)
                                                         P[0] (net)
                      0.167242    0.001617    2.716950 v P[0] (out)
                                              2.716950   data arrival time

                      0.000000    0.000000    0.000000   clock __VIRTUAL_CLK__ (rise edge)
                                  0.000000    0.000000   clock network delay (ideal)
                                  0.250000    0.250000   clock uncertainty
                                  0.000000    0.250000   clock reconvergence pessimism
                                 -2.000000   -1.750000   output external delay
                                             -1.750000   data required time
---------------------------------------------------------------------------------------------
                                             -1.750000   data required time
                                             -2.716950   data arrival time
---------------------------------------------------------------------------------------------
                                              4.466950   slack (MET)


Startpoint: B[0] (input port clocked by __VIRTUAL_CLK__)
Endpoint: P[2] (output port clocked by __VIRTUAL_CLK__)
Path Group: __VIRTUAL_CLK__
Path Type: min

Fanout         Cap        Slew       Delay        Time   Description
---------------------------------------------------------------------------------------------
                      0.000000    0.000000    0.000000   clock __VIRTUAL_CLK__ (rise edge)
                                  0.000000    0.000000   clock network delay (ideal)
                                  2.000000    2.000000 v input external delay
     1    0.002898    0.018829    0.009583    2.009583 v B[0] (in)
                                                         B[0] (net)
                      0.018829    0.000000    2.009583 v input5/A (sky130_fd_sc_hd__buf_1)
     3    0.009135    0.115838    0.191119    2.200702 v input5/X (sky130_fd_sc_hd__buf_1)
                                                         net5 (net)
                      0.115839    0.000578    2.201280 v _27_/A (sky130_fd_sc_hd__nand2_1)
     1    0.005343    0.098074    0.136054    2.337333 ^ _27_/Y (sky130_fd_sc_hd__nand2_1)
                                                         _00_ (net)
                      0.098074    0.000389    2.337722 ^ _31_/A (sky130_fd_sc_hd__xor2_1)
     1    0.002132    0.062528    0.130189    2.467911 v _31_/X (sky130_fd_sc_hd__xor2_1)
                                                         net11 (net)
                      0.062528    0.000142    2.468053 v output11/A (sky130_fd_sc_hd__buf_2)
     1    0.034753    0.168153    0.341992    2.810045 v output11/X (sky130_fd_sc_hd__buf_2)
                                                         P[2] (net)
                      0.168168    0.001691    2.811736 v P[2] (out)
                                              2.811736   data arrival time

                      0.000000    0.000000    0.000000   clock __VIRTUAL_CLK__ (rise edge)
                                  0.000000    0.000000   clock network delay (ideal)
                                  0.250000    0.250000   clock uncertainty
                                  0.000000    0.250000   clock reconvergence pessimism
                                 -2.000000   -1.750000   output external delay
                                             -1.750000   data required time
---------------------------------------------------------------------------------------------
                                             -1.750000   data required time
                                             -2.811736   data arrival time
---------------------------------------------------------------------------------------------
                                              4.561736   slack (MET)


Startpoint: A[3] (input port clocked by __VIRTUAL_CLK__)
Endpoint: P[6] (output port clocked by __VIRTUAL_CLK__)
Path Group: __VIRTUAL_CLK__
Path Type: min

Fanout         Cap        Slew       Delay        Time   Description
---------------------------------------------------------------------------------------------
                      0.000000    0.000000    0.000000   clock __VIRTUAL_CLK__ (rise edge)
                                  0.000000    0.000000   clock network delay (ideal)
                                  2.000000    2.000000 v input external delay
     1    0.002564    0.017561    0.008532    2.008532 v A[3] (in)
                                                         A[3] (net)
                      0.017561    0.000000    2.008532 v input4/A (sky130_fd_sc_hd__buf_1)
     4    0.010653    0.131877    0.203214    2.211747 v input4/X (sky130_fd_sc_hd__buf_1)
                                                         net4 (net)
                      0.131877    0.000354    2.212100 v _32_/B (sky130_fd_sc_hd__nand2_1)
     1    0.005365    0.106418    0.154882    2.366983 ^ _32_/Y (sky130_fd_sc_hd__nand2_1)
                                                         _04_ (net)
                      0.106418    0.000413    2.367395 ^ _56_/A (sky130_fd_sc_hd__xnor2_1)
     1    0.002370    0.069154    0.142871    2.510266 v _56_/Y (sky130_fd_sc_hd__xnor2_1)
                                                         net15 (net)
                      0.069154    0.000151    2.510417 v output15/A (sky130_fd_sc_hd__buf_2)
     1    0.034156    0.165745    0.343152    2.853569 v output15/X (sky130_fd_sc_hd__buf_2)
                                                         P[6] (net)
                      0.165760    0.001642    2.855211 v P[6] (out)
                                              2.855211   data arrival time

                      0.000000    0.000000    0.000000   clock __VIRTUAL_CLK__ (rise edge)
                                  0.000000    0.000000   clock network delay (ideal)
                                  0.250000    0.250000   clock uncertainty
                                  0.000000    0.250000   clock reconvergence pessimism
                                 -2.000000   -1.750000   output external delay
                                             -1.750000   data required time
---------------------------------------------------------------------------------------------
                                             -1.750000   data required time
                                             -2.855211   data arrival time
---------------------------------------------------------------------------------------------
                                              4.605211   slack (MET)


Startpoint: A[3] (input port clocked by __VIRTUAL_CLK__)
Endpoint: P[7] (output port clocked by __VIRTUAL_CLK__)
Path Group: __VIRTUAL_CLK__
Path Type: min

Fanout         Cap        Slew       Delay        Time   Description
---------------------------------------------------------------------------------------------
                      0.000000    0.000000    0.000000   clock __VIRTUAL_CLK__ (rise edge)
                                  0.000000    0.000000   clock network delay (ideal)
                                  2.000000    2.000000 v input external delay
     1    0.002564    0.017561    0.008532    2.008532 v A[3] (in)
                                                         A[3] (net)
                      0.017561    0.000000    2.008532 v input4/A (sky130_fd_sc_hd__buf_1)
     4    0.010653    0.131877    0.203214    2.211747 v input4/X (sky130_fd_sc_hd__buf_1)
                                                         net4 (net)
                      0.131877    0.000322    2.212068 v _55_/B (sky130_fd_sc_hd__and3_1)
     1    0.002507    0.062567    0.356059    2.568128 v _55_/X (sky130_fd_sc_hd__and3_1)
                                                         net16 (net)
                      0.062567    0.000157    2.568285 v output16/A (sky130_fd_sc_hd__buf_2)
     1    0.034205    0.165984    0.340244    2.908528 v output16/X (sky130_fd_sc_hd__buf_2)
                                                         P[7] (net)
                      0.166000    0.001704    2.910232 v P[7] (out)
                                              2.910232   data arrival time

                      0.000000    0.000000    0.000000   clock __VIRTUAL_CLK__ (rise edge)
                                  0.000000    0.000000   clock network delay (ideal)
                                  0.250000    0.250000   clock uncertainty
                                  0.000000    0.250000   clock reconvergence pessimism
                                 -2.000000   -1.750000   output external delay
                                             -1.750000   data required time
---------------------------------------------------------------------------------------------
                                             -1.750000   data required time
                                             -2.910232   data arrival time
---------------------------------------------------------------------------------------------
                                              4.660233   slack (MET)


Startpoint: A[0] (input port clocked by __VIRTUAL_CLK__)
Endpoint: P[1] (output port clocked by __VIRTUAL_CLK__)
Path Group: __VIRTUAL_CLK__
Path Type: min

Fanout         Cap        Slew       Delay        Time   Description
---------------------------------------------------------------------------------------------
                      0.000000    0.000000    0.000000   clock __VIRTUAL_CLK__ (rise edge)
                                  0.000000    0.000000   clock network delay (ideal)
                                  2.000000    2.000000 v input external delay
     1    0.002871    0.018727    0.009500    2.009500 v A[0] (in)
                                                         A[0] (net)
                      0.018727    0.000000    2.009500 v input1/A (sky130_fd_sc_hd__buf_1)
     4    0.010116    0.126187    0.199258    2.208758 v input1/X (sky130_fd_sc_hd__buf_1)
                                                         net1 (net)
                      0.126187    0.000543    2.209301 v _26_/A (sky130_fd_sc_hd__and2_1)
     3    0.008908    0.113979    0.352462    2.561763 v _26_/X (sky130_fd_sc_hd__and2_1)
                                                         mul_ll.pp1 (net)
                      0.113979    0.000351    2.562114 v _60_/A (sky130_fd_sc_hd__clkbuf_1)
     1    0.001884    0.041654    0.171844    2.733958 v _60_/X (sky130_fd_sc_hd__clkbuf_1)
                                                         net10 (net)
                      0.041654    0.000086    2.734045 v output10/A (sky130_fd_sc_hd__buf_2)
     1    0.033976    0.165152    0.330001    3.064046 v output10/X (sky130_fd_sc_hd__buf_2)
                                                         P[1] (net)
                      0.165166    0.001602    3.065648 v P[1] (out)
                                              3.065648   data arrival time

                      0.000000    0.000000    0.000000   clock __VIRTUAL_CLK__ (rise edge)
                                  0.000000    0.000000   clock network delay (ideal)
                                  0.250000    0.250000   clock uncertainty
                                  0.000000    0.250000   clock reconvergence pessimism
                                 -2.000000   -1.750000   output external delay
                                             -1.750000   data required time
---------------------------------------------------------------------------------------------
                                             -1.750000   data required time
                                             -3.065648   data arrival time
---------------------------------------------------------------------------------------------
                                              4.815648   slack (MET)


Startpoint: A[2] (input port clocked by __VIRTUAL_CLK__)
Endpoint: P[3] (output port clocked by __VIRTUAL_CLK__)
Path Group: __VIRTUAL_CLK__
Path Type: min

Fanout         Cap        Slew       Delay        Time   Description
---------------------------------------------------------------------------------------------
                      0.000000    0.000000    0.000000   clock __VIRTUAL_CLK__ (rise edge)
                                  0.000000    0.000000   clock network delay (ideal)
                                  2.000000    2.000000 v input external delay
     1    0.003013    0.019273    0.009948    2.009948 v A[2] (in)
                                                         A[2] (net)
                      0.019274    0.000000    2.009948 v input3/A (sky130_fd_sc_hd__clkbuf_2)
     8    0.023814    0.172870    0.261682    2.271630 v input3/X (sky130_fd_sc_hd__clkbuf_2)
                                                         net3 (net)
                      0.172893    0.002015    2.273644 v _41_/A (sky130_fd_sc_hd__nand3_1)
     3    0.009036    0.168831    0.216707    2.490351 ^ _41_/Y (sky130_fd_sc_hd__nand3_1)
                                                         _13_ (net)
                      0.168831    0.000314    2.490665 ^ _57_/A1 (sky130_fd_sc_hd__a21oi_1)
     1    0.002473    0.058957    0.155227    2.645892 v _57_/Y (sky130_fd_sc_hd__a21oi_1)
                                                         _25_ (net)
                      0.058957    0.000116    2.646008 v _58_/B (sky130_fd_sc_hd__nor2_1)
     1    0.002948    0.131905    0.140046    2.786053 ^ _58_/Y (sky130_fd_sc_hd__nor2_1)
                                                         net12 (net)
                      0.131905    0.000181    2.786234 ^ output12/A (sky130_fd_sc_hd__buf_2)
     1    0.034129    0.271422    0.371010    3.157244 ^ output12/X (sky130_fd_sc_hd__buf_2)
                                                         P[3] (net)
                      0.271428    0.001644    3.158888 ^ P[3] (out)
                                              3.158888   data arrival time

                      0.000000    0.000000    0.000000   clock __VIRTUAL_CLK__ (rise edge)
                                  0.000000    0.000000   clock network delay (ideal)
                                  0.250000    0.250000   clock uncertainty
                                  0.000000    0.250000   clock reconvergence pessimism
                                 -2.000000   -1.750000   output external delay
                                             -1.750000   data required time
---------------------------------------------------------------------------------------------
                                             -1.750000   data required time
                                             -3.158888   data arrival time
---------------------------------------------------------------------------------------------
                                              4.908888   slack (MET)


Startpoint: A[2] (input port clocked by __VIRTUAL_CLK__)
Endpoint: P[5] (output port clocked by __VIRTUAL_CLK__)
Path Group: __VIRTUAL_CLK__
Path Type: min

Fanout         Cap        Slew       Delay        Time   Description
---------------------------------------------------------------------------------------------
                      0.000000    0.000000    0.000000   clock __VIRTUAL_CLK__ (rise edge)
                                  0.000000    0.000000   clock network delay (ideal)
                                  2.000000    2.000000 v input external delay
     1    0.003013    0.019273    0.009948    2.009948 v A[2] (in)
                                                         A[2] (net)
                      0.019274    0.000000    2.009948 v input3/A (sky130_fd_sc_hd__clkbuf_2)
     8    0.023814    0.172870    0.261682    2.271630 v input3/X (sky130_fd_sc_hd__clkbuf_2)
                                                         net3 (net)
                      0.172906    0.002437    2.274067 v _39_/A (sky130_fd_sc_hd__nand2_1)
     2    0.005009    0.099941    0.159345    2.433412 ^ _39_/Y (sky130_fd_sc_hd__nand2_1)
                                                         _11_ (net)
                      0.099941    0.000282    2.433694 ^ _49_/A (sky130_fd_sc_hd__and2_1)
     1    0.001724    0.065873    0.213666    2.647359 ^ _49_/X (sky130_fd_sc_hd__and2_1)
                                                         _20_ (net)
                      0.065873    0.000077    2.647436 ^ _51_/A (sky130_fd_sc_hd__or2_1)
     1    0.005318    0.098775    0.186760    2.834196 ^ _51_/X (sky130_fd_sc_hd__or2_1)
                                                         _22_ (net)
                      0.098775    0.000252    2.834449 ^ _53_/A (sky130_fd_sc_hd__xnor2_1)
     1    0.003219    0.078294    0.150608    2.985056 v _53_/Y (sky130_fd_sc_hd__xnor2_1)
                                                         net14 (net)
                      0.078294    0.000184    2.985241 v output14/A (sky130_fd_sc_hd__buf_2)
     1    0.034129    0.165595    0.347250    3.332491 v output14/X (sky130_fd_sc_hd__buf_2)
                                                         P[5] (net)
                      0.165609    0.001643    3.334134 v P[5] (out)
                                              3.334134   data arrival time

                      0.000000    0.000000    0.000000   clock __VIRTUAL_CLK__ (rise edge)
                                  0.000000    0.000000   clock network delay (ideal)
                                  0.250000    0.250000   clock uncertainty
                                  0.000000    0.250000   clock reconvergence pessimism
                                 -2.000000   -1.750000   output external delay
                                             -1.750000   data required time
---------------------------------------------------------------------------------------------
                                             -1.750000   data required time
                                             -3.334134   data arrival time
---------------------------------------------------------------------------------------------
                                              5.084134   slack (MET)


Startpoint: A[2] (input port clocked by __VIRTUAL_CLK__)
Endpoint: P[4] (output port clocked by __VIRTUAL_CLK__)
Path Group: __VIRTUAL_CLK__
Path Type: min

Fanout         Cap        Slew       Delay        Time   Description
---------------------------------------------------------------------------------------------
                      0.000000    0.000000    0.000000   clock __VIRTUAL_CLK__ (rise edge)
                                  0.000000    0.000000   clock network delay (ideal)
                                  2.000000    2.000000 ^ input external delay
     1    0.003198    0.034890    0.017939    2.017939 ^ A[2] (in)
                                                         A[2] (net)
                      0.034890    0.000000    2.017939 ^ input3/A (sky130_fd_sc_hd__clkbuf_2)
     8    0.024841    0.218608    0.282707    2.300646 ^ input3/X (sky130_fd_sc_hd__clkbuf_2)
                                                         net3 (net)
                      0.218691    0.001178    2.301823 ^ _40_/A (sky130_fd_sc_hd__and3_1)
     2    0.006239    0.131560    0.377102    2.678926 ^ _40_/X (sky130_fd_sc_hd__and3_1)
                                                         _12_ (net)
                      0.131560    0.000421    2.679347 ^ _45_/A (sky130_fd_sc_hd__nor2_1)
     1    0.004743    0.065792    0.118288    2.797634 v _45_/Y (sky130_fd_sc_hd__nor2_1)
                                                         _17_ (net)
                      0.065792    0.000228    2.797862 v _47_/B (sky130_fd_sc_hd__xnor2_1)
     1    0.002807    0.075189    0.199847    2.997709 v _47_/Y (sky130_fd_sc_hd__xnor2_1)
                                                         net13 (net)
                      0.075189    0.000168    2.997877 v output13/A (sky130_fd_sc_hd__buf_2)
     1    0.033948    0.164878    0.345284    3.343161 v output13/X (sky130_fd_sc_hd__buf_2)
                                                         P[4] (net)
                      0.164891    0.001590    3.344751 v P[4] (out)
                                              3.344751   data arrival time

                      0.000000    0.000000    0.000000   clock __VIRTUAL_CLK__ (rise edge)
                                  0.000000    0.000000   clock network delay (ideal)
                                  0.250000    0.250000   clock uncertainty
                                  0.000000    0.250000   clock reconvergence pessimism
                                 -2.000000   -1.750000   output external delay
                                             -1.750000   data required time
---------------------------------------------------------------------------------------------
                                             -1.750000   data required time
                                             -3.344751   data arrival time
---------------------------------------------------------------------------------------------
                                              5.094751   slack (MET)



