
===========================================================================
report_checks -unconstrained
===========================================================================
======================= min_ss_100C_1v60 Corner ===================================

Startpoint: A[4] (input port clocked by __VIRTUAL_CLK__)
Endpoint: P[14] (output port clocked by __VIRTUAL_CLK__)
Path Group: __VIRTUAL_CLK__
Path Type: max

Fanout         Cap        Slew       Delay        Time   Description
---------------------------------------------------------------------------------------------
                      0.000000    0.000000    0.000000   clock __VIRTUAL_CLK__ (rise edge)
                                  0.000000    0.000000   clock network delay (ideal)
                                  2.000000    2.000000 ^ input external delay
     1    0.002740    0.031858    0.015452    2.015452 ^ A[4] (in)
                                                         A[4] (net)
                      0.031858    0.000000    2.015452 ^ input5/A (sky130_fd_sc_hd__clkbuf_1)
     1    0.006544    0.138616    0.182299    2.197751 ^ input5/X (sky130_fd_sc_hd__clkbuf_1)
                                                         net5 (net)
                      0.138616    0.000148    2.197899 ^ fanout36/A (sky130_fd_sc_hd__buf_2)
     8    0.041509    0.326401    0.412759    2.610658 ^ fanout36/X (sky130_fd_sc_hd__buf_2)
                                                         net36 (net)
                      0.326401    0.000173    2.610831 ^ fanout35/A (sky130_fd_sc_hd__clkbuf_4)
    10    0.045986    0.231509    0.481980    3.092811 ^ fanout35/X (sky130_fd_sc_hd__clkbuf_4)
                                                         net35 (net)
                      0.231520    0.001913    3.094724 ^ _236_/C (sky130_fd_sc_hd__nand4_2)
     5    0.014483    0.311995    0.390353    3.485077 v _236_/Y (sky130_fd_sc_hd__nand4_2)
                                                         _169_ (net)
                      0.311995    0.000200    3.485276 v _307_/C (sky130_fd_sc_hd__and3_4)
     3    0.014099    0.075813    0.467972    3.953249 v _307_/X (sky130_fd_sc_hd__and3_4)
                                                         _005_ (net)
                      0.075813    0.000133    3.953382 v _310_/C1 (sky130_fd_sc_hd__a211o_1)
     4    0.010718    0.155874    0.513062    4.466444 v _310_/X (sky130_fd_sc_hd__a211o_1)
                                                         _008_ (net)
                      0.155874    0.000078    4.466521 v _400_/D (sky130_fd_sc_hd__and4_1)
     2    0.015343    0.168612    0.548533    5.015054 v _400_/X (sky130_fd_sc_hd__and4_1)
                                                         _095_ (net)
                      0.168612    0.000505    5.015560 v _405_/B (sky130_fd_sc_hd__or4_4)
     2    0.007043    0.165143    1.065569    6.081129 v _405_/X (sky130_fd_sc_hd__or4_4)
                                                         _100_ (net)
                      0.165143    0.000105    6.081234 v _407_/B1 (sky130_fd_sc_hd__a22o_1)
     3    0.011623    0.146908    0.444126    6.525360 v _407_/X (sky130_fd_sc_hd__a22o_1)
                                                         _102_ (net)
                      0.146908    0.000220    6.525580 v _408_/B (sky130_fd_sc_hd__and3_1)
     2    0.012500    0.149142    0.453970    6.979549 v _408_/X (sky130_fd_sc_hd__and3_1)
                                                         _103_ (net)
                      0.149142    0.000121    6.979671 v _412_/C1 (sky130_fd_sc_hd__a211o_1)
     2    0.009340    0.142963    0.525137    7.504807 v _412_/X (sky130_fd_sc_hd__a211o_1)
                                                         _107_ (net)
                      0.142963    0.000127    7.504935 v _452_/A2 (sky130_fd_sc_hd__a21oi_2)
     2    0.009044    0.233250    0.318058    7.822992 ^ _452_/Y (sky130_fd_sc_hd__a21oi_2)
                                                         _145_ (net)
                      0.233250    0.000134    7.823126 ^ _453_/B (sky130_fd_sc_hd__nor2_1)
     1    0.005559    0.080616    0.156180    7.979306 v _453_/Y (sky130_fd_sc_hd__nor2_1)
                                                         _146_ (net)
                      0.080616    0.000039    7.979345 v _455_/A1_N (sky130_fd_sc_hd__o2bb2a_4)
     3    0.017022    0.111620    0.408813    8.388159 ^ _455_/X (sky130_fd_sc_hd__o2bb2a_4)
                                                         _148_ (net)
                      0.111621    0.000555    8.388714 ^ _466_/A2 (sky130_fd_sc_hd__o211a_4)
     3    0.021466    0.144607    0.396080    8.784794 ^ _466_/X (sky130_fd_sc_hd__o211a_4)
                                                         _158_ (net)
                      0.144607    0.000648    8.785442 ^ _472_/A (sky130_fd_sc_hd__xor2_2)
     1    0.005697    0.186187    0.256431    9.041873 ^ _472_/X (sky130_fd_sc_hd__xor2_2)
                                                         net22 (net)
                      0.186187    0.000075    9.041948 ^ output22/A (sky130_fd_sc_hd__buf_6)
     1    0.034086    0.122475    0.275413    9.317362 ^ output22/X (sky130_fd_sc_hd__buf_6)
                                                         P[14] (net)
                      0.122475    0.000218    9.317579 ^ P[14] (out)
                                              9.317579   data arrival time

                      0.000000   10.000000   10.000000   clock __VIRTUAL_CLK__ (rise edge)
                                  0.000000   10.000000   clock network delay (ideal)
                                 -0.250000    9.750000   clock uncertainty
                                  0.000000    9.750000   clock reconvergence pessimism
                                 -2.000000    7.750000   output external delay
                                              7.750000   data required time
---------------------------------------------------------------------------------------------
                                              7.750000   data required time
                                             -9.317579   data arrival time
---------------------------------------------------------------------------------------------
                                             -1.567579   slack (VIOLATED)




===========================================================================
report_checks --slack_max -0.01
============================================================================
======================= min_ss_100C_1v60 Corner ===================================

Startpoint: A[4] (input port clocked by __VIRTUAL_CLK__)
Endpoint: P[14] (output port clocked by __VIRTUAL_CLK__)
Path Group: __VIRTUAL_CLK__
Path Type: max

Fanout         Cap        Slew       Delay        Time   Description
---------------------------------------------------------------------------------------------
                      0.000000    0.000000    0.000000   clock __VIRTUAL_CLK__ (rise edge)
                                  0.000000    0.000000   clock network delay (ideal)
                                  2.000000    2.000000 ^ input external delay
     1    0.002740    0.031858    0.015452    2.015452 ^ A[4] (in)
                                                         A[4] (net)
                      0.031858    0.000000    2.015452 ^ input5/A (sky130_fd_sc_hd__clkbuf_1)
     1    0.006544    0.138616    0.182299    2.197751 ^ input5/X (sky130_fd_sc_hd__clkbuf_1)
                                                         net5 (net)
                      0.138616    0.000148    2.197899 ^ fanout36/A (sky130_fd_sc_hd__buf_2)
     8    0.041509    0.326401    0.412759    2.610658 ^ fanout36/X (sky130_fd_sc_hd__buf_2)
                                                         net36 (net)
                      0.326401    0.000173    2.610831 ^ fanout35/A (sky130_fd_sc_hd__clkbuf_4)
    10    0.045986    0.231509    0.481980    3.092811 ^ fanout35/X (sky130_fd_sc_hd__clkbuf_4)
                                                         net35 (net)
                      0.231520    0.001913    3.094724 ^ _236_/C (sky130_fd_sc_hd__nand4_2)
     5    0.014483    0.311995    0.390353    3.485077 v _236_/Y (sky130_fd_sc_hd__nand4_2)
                                                         _169_ (net)
                      0.311995    0.000200    3.485276 v _307_/C (sky130_fd_sc_hd__and3_4)
     3    0.014099    0.075813    0.467972    3.953249 v _307_/X (sky130_fd_sc_hd__and3_4)
                                                         _005_ (net)
                      0.075813    0.000133    3.953382 v _310_/C1 (sky130_fd_sc_hd__a211o_1)
     4    0.010718    0.155874    0.513062    4.466444 v _310_/X (sky130_fd_sc_hd__a211o_1)
                                                         _008_ (net)
                      0.155874    0.000078    4.466521 v _400_/D (sky130_fd_sc_hd__and4_1)
     2    0.015343    0.168612    0.548533    5.015054 v _400_/X (sky130_fd_sc_hd__and4_1)
                                                         _095_ (net)
                      0.168612    0.000505    5.015560 v _405_/B (sky130_fd_sc_hd__or4_4)
     2    0.007043    0.165143    1.065569    6.081129 v _405_/X (sky130_fd_sc_hd__or4_4)
                                                         _100_ (net)
                      0.165143    0.000105    6.081234 v _407_/B1 (sky130_fd_sc_hd__a22o_1)
     3    0.011623    0.146908    0.444126    6.525360 v _407_/X (sky130_fd_sc_hd__a22o_1)
                                                         _102_ (net)
                      0.146908    0.000220    6.525580 v _408_/B (sky130_fd_sc_hd__and3_1)
     2    0.012500    0.149142    0.453970    6.979549 v _408_/X (sky130_fd_sc_hd__and3_1)
                                                         _103_ (net)
                      0.149142    0.000121    6.979671 v _412_/C1 (sky130_fd_sc_hd__a211o_1)
     2    0.009340    0.142963    0.525137    7.504807 v _412_/X (sky130_fd_sc_hd__a211o_1)
                                                         _107_ (net)
                      0.142963    0.000127    7.504935 v _452_/A2 (sky130_fd_sc_hd__a21oi_2)
     2    0.009044    0.233250    0.318058    7.822992 ^ _452_/Y (sky130_fd_sc_hd__a21oi_2)
                                                         _145_ (net)
                      0.233250    0.000134    7.823126 ^ _453_/B (sky130_fd_sc_hd__nor2_1)
     1    0.005559    0.080616    0.156180    7.979306 v _453_/Y (sky130_fd_sc_hd__nor2_1)
                                                         _146_ (net)
                      0.080616    0.000039    7.979345 v _455_/A1_N (sky130_fd_sc_hd__o2bb2a_4)
     3    0.017022    0.111620    0.408813    8.388159 ^ _455_/X (sky130_fd_sc_hd__o2bb2a_4)
                                                         _148_ (net)
                      0.111621    0.000555    8.388714 ^ _466_/A2 (sky130_fd_sc_hd__o211a_4)
     3    0.021466    0.144607    0.396080    8.784794 ^ _466_/X (sky130_fd_sc_hd__o211a_4)
                                                         _158_ (net)
                      0.144607    0.000648    8.785442 ^ _472_/A (sky130_fd_sc_hd__xor2_2)
     1    0.005697    0.186187    0.256431    9.041873 ^ _472_/X (sky130_fd_sc_hd__xor2_2)
                                                         net22 (net)
                      0.186187    0.000075    9.041948 ^ output22/A (sky130_fd_sc_hd__buf_6)
     1    0.034086    0.122475    0.275413    9.317362 ^ output22/X (sky130_fd_sc_hd__buf_6)
                                                         P[14] (net)
                      0.122475    0.000218    9.317579 ^ P[14] (out)
                                              9.317579   data arrival time

                      0.000000   10.000000   10.000000   clock __VIRTUAL_CLK__ (rise edge)
                                  0.000000   10.000000   clock network delay (ideal)
                                 -0.250000    9.750000   clock uncertainty
                                  0.000000    9.750000   clock reconvergence pessimism
                                 -2.000000    7.750000   output external delay
                                              7.750000   data required time
---------------------------------------------------------------------------------------------
                                              7.750000   data required time
                                             -9.317579   data arrival time
---------------------------------------------------------------------------------------------
                                             -1.567579   slack (VIOLATED)




===========================================================================
 report_check_types -max_slew -max_cap -max_fanout -violators
============================================================================
======================= min_ss_100C_1v60 Corner ===================================



===========================================================================
report_parasitic_annotation -report_unannotated
============================================================================
Found 0 unannotated drivers.
Found 0 partially unannotated drivers.

===========================================================================
max slew violation count 0
max fanout violation count 0
max cap violation count 0
============================================================================

===========================================================================
check_setup -verbose -unconstrained_endpoints -multiple_clock -no_clock -no_input_delay -loops -generated_clocks
===========================================================================
