
===========================================================================
report_checks -path_delay max (Setup)
============================================================================
======================= nom_tt_025C_1v80 Corner ===================================

Startpoint: B[0] (input port clocked by __VIRTUAL_CLK__)
Endpoint: P[5] (output port clocked by __VIRTUAL_CLK__)
Path Group: __VIRTUAL_CLK__
Path Type: max

Fanout         Cap        Slew       Delay        Time   Description
---------------------------------------------------------------------------------------------
                      0.000000    0.000000    0.000000   clock __VIRTUAL_CLK__ (rise edge)
                                  0.000000    0.000000   clock network delay (ideal)
                                  2.000000    2.000000 ^ input external delay
     1    0.003592    0.023166    0.013106    2.013106 ^ B[0] (in)
                                                         B[0] (net)
                      0.023173    0.000000    2.013106 ^ input5/A (sky130_fd_sc_hd__buf_1)
     6    0.018614    0.222530    0.197606    2.210712 ^ input5/X (sky130_fd_sc_hd__buf_1)
                                                         net5 (net)
                      0.222532    0.000479    2.211190 ^ _067_/A (sky130_fd_sc_hd__and3_1)
     3    0.011299    0.124231    0.247767    2.458957 ^ _067_/X (sky130_fd_sc_hd__and3_1)
                                                         _013_ (net)
                      0.124231    0.000253    2.459210 ^ _069_/S (sky130_fd_sc_hd__mux2_1)
     2    0.007179    0.076853    0.361133    2.820343 v _069_/X (sky130_fd_sc_hd__mux2_1)
                                                         _015_ (net)
                      0.076853    0.000142    2.820485 v _070_/C (sky130_fd_sc_hd__or4b_1)
     3    0.007268    0.111166    0.511152    3.331637 v _070_/X (sky130_fd_sc_hd__or4b_1)
                                                         _016_ (net)
                      0.111166    0.000204    3.331841 v _095_/A (sky130_fd_sc_hd__and3_1)
     1    0.003316    0.039326    0.170898    3.502739 v _095_/X (sky130_fd_sc_hd__and3_1)
                                                         _040_ (net)
                      0.039326    0.000092    3.502831 v _098_/A (sky130_fd_sc_hd__or2_1)
     1    0.004901    0.057366    0.231538    3.734369 v _098_/X (sky130_fd_sc_hd__or2_1)
                                                         _043_ (net)
                      0.057366    0.000113    3.734482 v _100_/A (sky130_fd_sc_hd__xnor2_1)
     1    0.003053    0.120500    0.153016    3.887498 ^ _100_/Y (sky130_fd_sc_hd__xnor2_1)
                                                         net14 (net)
                      0.120500    0.000100    3.887598 ^ output14/A (sky130_fd_sc_hd__buf_2)
     1    0.034635    0.172352    0.226934    4.114532 ^ output14/X (sky130_fd_sc_hd__buf_2)
                                                         P[5] (net)
                      0.172354    0.000931    4.115463 ^ P[5] (out)
                                              4.115463   data arrival time

                      0.000000   10.000000   10.000000   clock __VIRTUAL_CLK__ (rise edge)
                                  0.000000   10.000000   clock network delay (ideal)
                                 -0.250000    9.750000   clock uncertainty
                                  0.000000    9.750000   clock reconvergence pessimism
                                 -2.000000    7.750000   output external delay
                                              7.750000   data required time
---------------------------------------------------------------------------------------------
                                              7.750000   data required time
                                             -4.115463   data arrival time
---------------------------------------------------------------------------------------------
                                              3.634537   slack (MET)


Startpoint: B[0] (input port clocked by __VIRTUAL_CLK__)
Endpoint: P[6] (output port clocked by __VIRTUAL_CLK__)
Path Group: __VIRTUAL_CLK__
Path Type: max

Fanout         Cap        Slew       Delay        Time   Description
---------------------------------------------------------------------------------------------
                      0.000000    0.000000    0.000000   clock __VIRTUAL_CLK__ (rise edge)
                                  0.000000    0.000000   clock network delay (ideal)
                                  2.000000    2.000000 ^ input external delay
     1    0.003592    0.023166    0.013106    2.013106 ^ B[0] (in)
                                                         B[0] (net)
                      0.023173    0.000000    2.013106 ^ input5/A (sky130_fd_sc_hd__buf_1)
     6    0.018614    0.222530    0.197606    2.210712 ^ input5/X (sky130_fd_sc_hd__buf_1)
                                                         net5 (net)
                      0.222532    0.000479    2.211190 ^ _067_/A (sky130_fd_sc_hd__and3_1)
     3    0.011299    0.124231    0.247767    2.458957 ^ _067_/X (sky130_fd_sc_hd__and3_1)
                                                         _013_ (net)
                      0.124231    0.000253    2.459210 ^ _069_/S (sky130_fd_sc_hd__mux2_1)
     2    0.007179    0.076853    0.361133    2.820343 v _069_/X (sky130_fd_sc_hd__mux2_1)
                                                         _015_ (net)
                      0.076853    0.000142    2.820485 v _070_/C (sky130_fd_sc_hd__or4b_1)
     3    0.007268    0.111166    0.511152    3.331637 v _070_/X (sky130_fd_sc_hd__or4b_1)
                                                         _016_ (net)
                      0.111166    0.000209    3.331847 v _097_/A1 (sky130_fd_sc_hd__a21oi_1)
     3    0.009135    0.221684    0.233241    3.565087 ^ _097_/Y (sky130_fd_sc_hd__a21oi_1)
                                                         _042_ (net)
                      0.221684    0.000166    3.565253 ^ _104_/A2 (sky130_fd_sc_hd__o211a_1)
     2    0.006670    0.071520    0.188730    3.753984 ^ _104_/X (sky130_fd_sc_hd__o211a_1)
                                                         _048_ (net)
                      0.071520    0.000137    3.754121 ^ _106_/A_N (sky130_fd_sc_hd__and2b_1)
     1    0.002938    0.034184    0.176541    3.930661 v _106_/X (sky130_fd_sc_hd__and2b_1)
                                                         net15 (net)
                      0.034184    0.000074    3.930735 v output15/A (sky130_fd_sc_hd__buf_2)
     1    0.035012    0.091367    0.176508    4.107244 v output15/X (sky130_fd_sc_hd__buf_2)
                                                         P[6] (net)
                      0.091380    0.001065    4.108309 v P[6] (out)
                                              4.108309   data arrival time

                      0.000000   10.000000   10.000000   clock __VIRTUAL_CLK__ (rise edge)
                                  0.000000   10.000000   clock network delay (ideal)
                                 -0.250000    9.750000   clock uncertainty
                                  0.000000    9.750000   clock reconvergence pessimism
                                 -2.000000    7.750000   output external delay
                                              7.750000   data required time
---------------------------------------------------------------------------------------------
                                              7.750000   data required time
                                             -4.108309   data arrival time
---------------------------------------------------------------------------------------------
                                              3.641691   slack (MET)


Startpoint: B[0] (input port clocked by __VIRTUAL_CLK__)
Endpoint: P[7] (output port clocked by __VIRTUAL_CLK__)
Path Group: __VIRTUAL_CLK__
Path Type: max

Fanout         Cap        Slew       Delay        Time   Description
---------------------------------------------------------------------------------------------
                      0.000000    0.000000    0.000000   clock __VIRTUAL_CLK__ (rise edge)
                                  0.000000    0.000000   clock network delay (ideal)
                                  2.000000    2.000000 ^ input external delay
     1    0.003592    0.023166    0.013106    2.013106 ^ B[0] (in)
                                                         B[0] (net)
                      0.023173    0.000000    2.013106 ^ input5/A (sky130_fd_sc_hd__buf_1)
     6    0.018614    0.222530    0.197606    2.210712 ^ input5/X (sky130_fd_sc_hd__buf_1)
                                                         net5 (net)
                      0.222532    0.000479    2.211190 ^ _067_/A (sky130_fd_sc_hd__and3_1)
     3    0.011299    0.124231    0.247767    2.458957 ^ _067_/X (sky130_fd_sc_hd__and3_1)
                                                         _013_ (net)
                      0.124231    0.000253    2.459210 ^ _069_/S (sky130_fd_sc_hd__mux2_1)
     2    0.007179    0.076853    0.361133    2.820343 v _069_/X (sky130_fd_sc_hd__mux2_1)
                                                         _015_ (net)
                      0.076853    0.000142    2.820485 v _070_/C (sky130_fd_sc_hd__or4b_1)
     3    0.007268    0.111166    0.511152    3.331637 v _070_/X (sky130_fd_sc_hd__or4b_1)
                                                         _016_ (net)
                      0.111166    0.000209    3.331847 v _097_/A1 (sky130_fd_sc_hd__a21oi_1)
     3    0.009135    0.221684    0.233241    3.565087 ^ _097_/Y (sky130_fd_sc_hd__a21oi_1)
                                                         _042_ (net)
                      0.221684    0.000166    3.565253 ^ _104_/A2 (sky130_fd_sc_hd__o211a_1)
     2    0.006670    0.071520    0.188730    3.753984 ^ _104_/X (sky130_fd_sc_hd__o211a_1)
                                                         _048_ (net)
                      0.071520    0.000159    3.754143 ^ _107_/B1 (sky130_fd_sc_hd__a211o_1)
     1    0.002557    0.039154    0.096160    3.850302 ^ _107_/X (sky130_fd_sc_hd__a211o_1)
                                                         net16 (net)
                      0.039154    0.000056    3.850358 ^ output16/A (sky130_fd_sc_hd__buf_2)
     1    0.034242    0.170064    0.195558    4.045917 ^ output16/X (sky130_fd_sc_hd__buf_2)
                                                         P[7] (net)
                      0.170116    0.000779    4.046696 ^ P[7] (out)
                                              4.046696   data arrival time

                      0.000000   10.000000   10.000000   clock __VIRTUAL_CLK__ (rise edge)
                                  0.000000   10.000000   clock network delay (ideal)
                                 -0.250000    9.750000   clock uncertainty
                                  0.000000    9.750000   clock reconvergence pessimism
                                 -2.000000    7.750000   output external delay
                                              7.750000   data required time
---------------------------------------------------------------------------------------------
                                              7.750000   data required time
                                             -4.046696   data arrival time
---------------------------------------------------------------------------------------------
                                              3.703305   slack (MET)


Startpoint: B[0] (input port clocked by __VIRTUAL_CLK__)
Endpoint: P[4] (output port clocked by __VIRTUAL_CLK__)
Path Group: __VIRTUAL_CLK__
Path Type: max

Fanout         Cap        Slew       Delay        Time   Description
---------------------------------------------------------------------------------------------
                      0.000000    0.000000    0.000000   clock __VIRTUAL_CLK__ (rise edge)
                                  0.000000    0.000000   clock network delay (ideal)
                                  2.000000    2.000000 ^ input external delay
     1    0.003592    0.023166    0.013106    2.013106 ^ B[0] (in)
                                                         B[0] (net)
                      0.023173    0.000000    2.013106 ^ input5/A (sky130_fd_sc_hd__buf_1)
     6    0.018614    0.222530    0.197606    2.210712 ^ input5/X (sky130_fd_sc_hd__buf_1)
                                                         net5 (net)
                      0.222532    0.000479    2.211190 ^ _067_/A (sky130_fd_sc_hd__and3_1)
     3    0.011299    0.124231    0.247767    2.458957 ^ _067_/X (sky130_fd_sc_hd__and3_1)
                                                         _013_ (net)
                      0.124231    0.000253    2.459210 ^ _069_/S (sky130_fd_sc_hd__mux2_1)
     2    0.007179    0.076853    0.361133    2.820343 v _069_/X (sky130_fd_sc_hd__mux2_1)
                                                         _015_ (net)
                      0.076853    0.000150    2.820493 v _071_/B (sky130_fd_sc_hd__xor2_1)
     2    0.009111    0.222838    0.221578    3.042072 ^ _071_/X (sky130_fd_sc_hd__xor2_1)
                                                         _017_ (net)
                      0.222839    0.000362    3.042434 ^ _073_/B (sky130_fd_sc_hd__xor2_1)
     3    0.010561    0.249249    0.269393    3.311827 ^ _073_/X (sky130_fd_sc_hd__xor2_1)
                                                         _019_ (net)
                      0.249250    0.000263    3.312090 ^ _085_/A (sky130_fd_sc_hd__xor2_1)
     2    0.008775    0.216759    0.249086    3.561176 ^ _085_/X (sky130_fd_sc_hd__xor2_1)
                                                         _031_ (net)
                      0.216759    0.000228    3.561405 ^ _088_/A (sky130_fd_sc_hd__xnor2_1)
     1    0.003879    0.136146    0.151375    3.712780 ^ _088_/Y (sky130_fd_sc_hd__xnor2_1)
                                                         net13 (net)
                      0.136146    0.000138    3.712918 ^ output13/A (sky130_fd_sc_hd__buf_2)
     1    0.034193    0.170328    0.229854    3.942772 ^ output13/X (sky130_fd_sc_hd__buf_2)
                                                         P[4] (net)
                      0.170331    0.000989    3.943761 ^ P[4] (out)
                                              3.943761   data arrival time

                      0.000000   10.000000   10.000000   clock __VIRTUAL_CLK__ (rise edge)
                                  0.000000   10.000000   clock network delay (ideal)
                                 -0.250000    9.750000   clock uncertainty
                                  0.000000    9.750000   clock reconvergence pessimism
                                 -2.000000    7.750000   output external delay
                                              7.750000   data required time
---------------------------------------------------------------------------------------------
                                              7.750000   data required time
                                             -3.943761   data arrival time
---------------------------------------------------------------------------------------------
                                              3.806239   slack (MET)


Startpoint: B[3] (input port clocked by __VIRTUAL_CLK__)
Endpoint: P[3] (output port clocked by __VIRTUAL_CLK__)
Path Group: __VIRTUAL_CLK__
Path Type: max

Fanout         Cap        Slew       Delay        Time   Description
---------------------------------------------------------------------------------------------
                      0.000000    0.000000    0.000000   clock __VIRTUAL_CLK__ (rise edge)
                                  0.000000    0.000000   clock network delay (ideal)
                                  2.000000    2.000000 v input external delay
     1    0.002776    0.008568    0.004402    2.004402 v B[3] (in)
                                                         B[3] (net)
                      0.008569    0.000000    2.004402 v input8/A (sky130_fd_sc_hd__dlymetal6s2s_1)
     7    0.018177    0.101696    0.178997    2.183399 v input8/X (sky130_fd_sc_hd__dlymetal6s2s_1)
                                                         net8 (net)
                      0.101696    0.000332    2.183731 v _075_/D (sky130_fd_sc_hd__and4_1)
     3    0.011930    0.075005    0.261143    2.444874 v _075_/X (sky130_fd_sc_hd__and4_1)
                                                         _021_ (net)
                      0.075005    0.000249    2.445123 v _077_/B1 (sky130_fd_sc_hd__a211oi_1)
     2    0.006488    0.280683    0.293554    2.738678 ^ _077_/Y (sky130_fd_sc_hd__a211oi_1)
                                                         _023_ (net)
                      0.280683    0.000195    2.738872 ^ _078_/C (sky130_fd_sc_hd__and3_1)
     2    0.005267    0.072445    0.214258    2.953131 ^ _078_/X (sky130_fd_sc_hd__and3_1)
                                                         _024_ (net)
                      0.072445    0.000073    2.953204 ^ _082_/A_N (sky130_fd_sc_hd__nand2b_1)
     1    0.005949    0.076138    0.123342    3.076546 ^ _082_/Y (sky130_fd_sc_hd__nand2b_1)
                                                         _028_ (net)
                      0.076138    0.000219    3.076765 ^ _086_/B (sky130_fd_sc_hd__xnor2_1)
     3    0.007942    0.092494    0.092488    3.169253 v _086_/Y (sky130_fd_sc_hd__xnor2_1)
                                                         _032_ (net)
                      0.092494    0.000165    3.169418 v _108_/B (sky130_fd_sc_hd__or2_1)
     1    0.002749    0.047472    0.218957    3.388375 v _108_/X (sky130_fd_sc_hd__or2_1)
                                                         _050_ (net)
                      0.047472    0.000068    3.388443 v _109_/B (sky130_fd_sc_hd__and2_1)
     1    0.002409    0.033393    0.148772    3.537215 v _109_/X (sky130_fd_sc_hd__and2_1)
                                                         net12 (net)
                      0.033393    0.000054    3.537268 v output12/A (sky130_fd_sc_hd__buf_2)
     1    0.034488    0.090116    0.175433    3.712701 v output12/X (sky130_fd_sc_hd__buf_2)
                                                         P[3] (net)
                      0.090121    0.000752    3.713454 v P[3] (out)
                                              3.713454   data arrival time

                      0.000000   10.000000   10.000000   clock __VIRTUAL_CLK__ (rise edge)
                                  0.000000   10.000000   clock network delay (ideal)
                                 -0.250000    9.750000   clock uncertainty
                                  0.000000    9.750000   clock reconvergence pessimism
                                 -2.000000    7.750000   output external delay
                                              7.750000   data required time
---------------------------------------------------------------------------------------------
                                              7.750000   data required time
                                             -3.713454   data arrival time
---------------------------------------------------------------------------------------------
                                              4.036546   slack (MET)


Startpoint: B[0] (input port clocked by __VIRTUAL_CLK__)
Endpoint: P[2] (output port clocked by __VIRTUAL_CLK__)
Path Group: __VIRTUAL_CLK__
Path Type: max

Fanout         Cap        Slew       Delay        Time   Description
---------------------------------------------------------------------------------------------
                      0.000000    0.000000    0.000000   clock __VIRTUAL_CLK__ (rise edge)
                                  0.000000    0.000000   clock network delay (ideal)
                                  2.000000    2.000000 ^ input external delay
     1    0.003592    0.023166    0.013106    2.013106 ^ B[0] (in)
                                                         B[0] (net)
                      0.023173    0.000000    2.013106 ^ input5/A (sky130_fd_sc_hd__buf_1)
     6    0.018614    0.222530    0.197606    2.210712 ^ input5/X (sky130_fd_sc_hd__buf_1)
                                                         net5 (net)
                      0.222531    0.000337    2.211049 ^ _054_/A (sky130_fd_sc_hd__and3_1)
     5    0.013641    0.145416    0.263429    2.474478 ^ _054_/X (sky130_fd_sc_hd__and3_1)
                                                         _003_ (net)
                      0.145416    0.000441    2.474918 ^ _059_/A_N (sky130_fd_sc_hd__and3b_1)
     2    0.006589    0.053181    0.210933    2.685851 v _059_/X (sky130_fd_sc_hd__and3b_1)
                                                         _006_ (net)
                      0.053181    0.000130    2.685981 v _062_/A (sky130_fd_sc_hd__xnor2_1)
     1    0.002452    0.109127    0.142122    2.828103 ^ _062_/Y (sky130_fd_sc_hd__xnor2_1)
                                                         net11 (net)
                      0.109127    0.000055    2.828158 ^ output11/A (sky130_fd_sc_hd__buf_2)
     1    0.034194    0.170234    0.221246    3.049405 ^ output11/X (sky130_fd_sc_hd__buf_2)
                                                         P[2] (net)
                      0.170237    0.000978    3.050383 ^ P[2] (out)
                                              3.050383   data arrival time

                      0.000000   10.000000   10.000000   clock __VIRTUAL_CLK__ (rise edge)
                                  0.000000   10.000000   clock network delay (ideal)
                                 -0.250000    9.750000   clock uncertainty
                                  0.000000    9.750000   clock reconvergence pessimism
                                 -2.000000    7.750000   output external delay
                                              7.750000   data required time
---------------------------------------------------------------------------------------------
                                              7.750000   data required time
                                             -3.050383   data arrival time
---------------------------------------------------------------------------------------------
                                              4.699617   slack (MET)


Startpoint: B[0] (input port clocked by __VIRTUAL_CLK__)
Endpoint: P[0] (output port clocked by __VIRTUAL_CLK__)
Path Group: __VIRTUAL_CLK__
Path Type: max

Fanout         Cap        Slew       Delay        Time   Description
---------------------------------------------------------------------------------------------
                      0.000000    0.000000    0.000000   clock __VIRTUAL_CLK__ (rise edge)
                                  0.000000    0.000000   clock network delay (ideal)
                                  2.000000    2.000000 ^ input external delay
     1    0.003592    0.023166    0.013106    2.013106 ^ B[0] (in)
                                                         B[0] (net)
                      0.023173    0.000000    2.013106 ^ input5/A (sky130_fd_sc_hd__buf_1)
     6    0.018614    0.222530    0.197606    2.210712 ^ input5/X (sky130_fd_sc_hd__buf_1)
                                                         net5 (net)
                      0.222531    0.000337    2.211049 ^ _054_/A (sky130_fd_sc_hd__and3_1)
     5    0.013641    0.145416    0.263429    2.474478 ^ _054_/X (sky130_fd_sc_hd__and3_1)
                                                         _003_ (net)
                      0.145416    0.000414    2.474892 ^ _056_/B1 (sky130_fd_sc_hd__a31o_1)
     1    0.002236    0.041200    0.110774    2.585666 ^ _056_/X (sky130_fd_sc_hd__a31o_1)
                                                         net9 (net)
                      0.041200    0.000047    2.585713 ^ output9/A (sky130_fd_sc_hd__buf_2)
     1    0.035201    0.174587    0.199259    2.784972 ^ output9/X (sky130_fd_sc_hd__buf_2)
                                                         P[0] (net)
                      0.174648    0.001165    2.786137 ^ P[0] (out)
                                              2.786137   data arrival time

                      0.000000   10.000000   10.000000   clock __VIRTUAL_CLK__ (rise edge)
                                  0.000000   10.000000   clock network delay (ideal)
                                 -0.250000    9.750000   clock uncertainty
                                  0.000000    9.750000   clock reconvergence pessimism
                                 -2.000000    7.750000   output external delay
                                              7.750000   data required time
---------------------------------------------------------------------------------------------
                                              7.750000   data required time
                                             -2.786137   data arrival time
---------------------------------------------------------------------------------------------
                                              4.963863   slack (MET)


Startpoint: A[0] (input port clocked by __VIRTUAL_CLK__)
Endpoint: P[1] (output port clocked by __VIRTUAL_CLK__)
Path Group: __VIRTUAL_CLK__
Path Type: max

Fanout         Cap        Slew       Delay        Time   Description
---------------------------------------------------------------------------------------------
                      0.000000    0.000000    0.000000   clock __VIRTUAL_CLK__ (rise edge)
                                  0.000000    0.000000   clock network delay (ideal)
                                  2.000000    2.000000 v input external delay
     1    0.003187    0.009530    0.005095    2.005095 v A[0] (in)
                                                         A[0] (net)
                      0.009530    0.000000    2.005095 v input1/A (sky130_fd_sc_hd__clkbuf_2)
     8    0.022651    0.091252    0.141344    2.146440 v input1/X (sky130_fd_sc_hd__clkbuf_2)
                                                         net1 (net)
                      0.091253    0.000414    2.146854 v _054_/C (sky130_fd_sc_hd__and3_1)
     5    0.012739    0.078300    0.239576    2.386430 v _054_/X (sky130_fd_sc_hd__and3_1)
                                                         _003_ (net)
                      0.078300    0.000238    2.386668 v _058_/A2 (sky130_fd_sc_hd__a21oi_1)
     1    0.002081    0.091546    0.138029    2.524698 ^ _058_/Y (sky130_fd_sc_hd__a21oi_1)
                                                         net10 (net)
                      0.091546    0.000042    2.524740 ^ output10/A (sky130_fd_sc_hd__buf_2)
     1    0.034595    0.171997    0.216142    2.740882 ^ output10/X (sky130_fd_sc_hd__buf_2)
                                                         P[1] (net)
                      0.171999    0.000918    2.741800 ^ P[1] (out)
                                              2.741800   data arrival time

                      0.000000   10.000000   10.000000   clock __VIRTUAL_CLK__ (rise edge)
                                  0.000000   10.000000   clock network delay (ideal)
                                 -0.250000    9.750000   clock uncertainty
                                  0.000000    9.750000   clock reconvergence pessimism
                                 -2.000000    7.750000   output external delay
                                              7.750000   data required time
---------------------------------------------------------------------------------------------
                                              7.750000   data required time
                                             -2.741800   data arrival time
---------------------------------------------------------------------------------------------
                                              5.008199   slack (MET)



