
===========================================================================
report_checks -path_delay max (Setup)
============================================================================
======================= max_tt_025C_1v80 Corner ===================================

Startpoint: A[0] (input port clocked by __VIRTUAL_CLK__)
Endpoint: P[2] (output port clocked by __VIRTUAL_CLK__)
Path Group: __VIRTUAL_CLK__
Path Type: max

Fanout         Cap        Slew       Delay        Time   Description
---------------------------------------------------------------------------------------------
                      0.000000    0.000000    0.000000   clock __VIRTUAL_CLK__ (rise edge)
                                  0.000000    0.000000   clock network delay (ideal)
                                  2.000000    2.000000 v input external delay
     1    0.002688    0.008357    0.004284    2.004284 v A[0] (in)
                                                         A[0] (net)
                      0.008363    0.000000    2.004284 v input1/A (sky130_fd_sc_hd__buf_1)
     3    0.007744    0.052329    0.094986    2.099269 v input1/X (sky130_fd_sc_hd__buf_1)
                                                         net1 (net)
                      0.052331    0.000400    2.099669 v _1_/B (sky130_fd_sc_hd__and2_1)
     2    0.004646    0.042589    0.162356    2.262025 v _1_/X (sky130_fd_sc_hd__and2_1)
                                                         pp0 (net)
                      0.042590    0.000204    2.262229 v _2_/A_N (sky130_fd_sc_hd__and3b_1)
     1    0.025529    0.253570    0.354279    2.616508 ^ _2_/X (sky130_fd_sc_hd__and3b_1)
                                                         net7 (net)
                      0.253617    0.002887    2.619395 ^ output7/A (sky130_fd_sc_hd__buf_2)
     1    0.034005    0.169731    0.260572    2.879967 ^ output7/X (sky130_fd_sc_hd__buf_2)
                                                         P[2] (net)
                      0.169744    0.001605    2.881572 ^ P[2] (out)
                                              2.881572   data arrival time

                      0.000000   10.000000   10.000000   clock __VIRTUAL_CLK__ (rise edge)
                                  0.000000   10.000000   clock network delay (ideal)
                                 -0.250000    9.750000   clock uncertainty
                                  0.000000    9.750000   clock reconvergence pessimism
                                 -2.000000    7.750000   output external delay
                                              7.750000   data required time
---------------------------------------------------------------------------------------------
                                              7.750000   data required time
                                             -2.881572   data arrival time
---------------------------------------------------------------------------------------------
                                              4.868428   slack (MET)


Startpoint: A[0] (input port clocked by __VIRTUAL_CLK__)
Endpoint: P[1] (output port clocked by __VIRTUAL_CLK__)
Path Group: __VIRTUAL_CLK__
Path Type: max

Fanout         Cap        Slew       Delay        Time   Description
---------------------------------------------------------------------------------------------
                      0.000000    0.000000    0.000000   clock __VIRTUAL_CLK__ (rise edge)
                                  0.000000    0.000000   clock network delay (ideal)
                                  2.000000    2.000000 v input external delay
     1    0.002688    0.008357    0.004284    2.004284 v A[0] (in)
                                                         A[0] (net)
                      0.008363    0.000000    2.004284 v input1/A (sky130_fd_sc_hd__buf_1)
     3    0.007744    0.052329    0.094986    2.099269 v input1/X (sky130_fd_sc_hd__buf_1)
                                                         net1 (net)
                      0.052331    0.000395    2.099665 v _3_/D (sky130_fd_sc_hd__and4_1)
     2    0.007358    0.057983    0.218902    2.318567 v _3_/X (sky130_fd_sc_hd__and4_1)
                                                         net8 (net)
                      0.057986    0.000480    2.319046 v _5_/A (sky130_fd_sc_hd__nor2_2)
     2    0.022406    0.257073    0.243199    2.562246 ^ _5_/Y (sky130_fd_sc_hd__nor2_2)
                                                         net6 (net)
                      0.257144    0.003497    2.565743 ^ output6/A (sky130_fd_sc_hd__buf_2)
     1    0.034104    0.170194    0.261829    2.827571 ^ output6/X (sky130_fd_sc_hd__buf_2)
                                                         P[1] (net)
                      0.170208    0.001641    2.829212 ^ P[1] (out)
                                              2.829212   data arrival time

                      0.000000   10.000000   10.000000   clock __VIRTUAL_CLK__ (rise edge)
                                  0.000000   10.000000   clock network delay (ideal)
                                 -0.250000    9.750000   clock uncertainty
                                  0.000000    9.750000   clock reconvergence pessimism
                                 -2.000000    7.750000   output external delay
                                              7.750000   data required time
---------------------------------------------------------------------------------------------
                                              7.750000   data required time
                                             -2.829212   data arrival time
---------------------------------------------------------------------------------------------
                                              4.920787   slack (MET)


Startpoint: A[0] (input port clocked by __VIRTUAL_CLK__)
Endpoint: P[0] (output port clocked by __VIRTUAL_CLK__)
Path Group: __VIRTUAL_CLK__
Path Type: max

Fanout         Cap        Slew       Delay        Time   Description
---------------------------------------------------------------------------------------------
                      0.000000    0.000000    0.000000   clock __VIRTUAL_CLK__ (rise edge)
                                  0.000000    0.000000   clock network delay (ideal)
                                  2.000000    2.000000 ^ input external delay
     1    0.002864    0.020004    0.010585    2.010585 ^ A[0] (in)
                                                         A[0] (net)
                      0.020004    0.000000    2.010585 ^ input1/A (sky130_fd_sc_hd__buf_1)
     3    0.008238    0.104696    0.115045    2.125630 ^ input1/X (sky130_fd_sc_hd__buf_1)
                                                         net1 (net)
                      0.104698    0.000428    2.126058 ^ _1_/B (sky130_fd_sc_hd__and2_1)
     2    0.004969    0.064681    0.146976    2.273034 ^ _1_/X (sky130_fd_sc_hd__and2_1)
                                                         pp0 (net)
                      0.064681    0.000191    2.273225 ^ _6_/A (sky130_fd_sc_hd__clkbuf_2)
     1    0.028148    0.156800    0.190612    2.463836 ^ _6_/X (sky130_fd_sc_hd__clkbuf_2)
                                                         net5 (net)
                      0.156905    0.003316    2.467153 ^ output5/A (sky130_fd_sc_hd__buf_2)
     1    0.034190    0.170449    0.234992    2.702144 ^ output5/X (sky130_fd_sc_hd__buf_2)
                                                         P[0] (net)
                      0.170463    0.001655    2.703799 ^ P[0] (out)
                                              2.703799   data arrival time

                      0.000000   10.000000   10.000000   clock __VIRTUAL_CLK__ (rise edge)
                                  0.000000   10.000000   clock network delay (ideal)
                                 -0.250000    9.750000   clock uncertainty
                                  0.000000    9.750000   clock reconvergence pessimism
                                 -2.000000    7.750000   output external delay
                                              7.750000   data required time
---------------------------------------------------------------------------------------------
                                              7.750000   data required time
                                             -2.703799   data arrival time
---------------------------------------------------------------------------------------------
                                              5.046201   slack (MET)


Startpoint: A[0] (input port clocked by __VIRTUAL_CLK__)
Endpoint: P[3] (output port clocked by __VIRTUAL_CLK__)
Path Group: __VIRTUAL_CLK__
Path Type: max

Fanout         Cap        Slew       Delay        Time   Description
---------------------------------------------------------------------------------------------
                      0.000000    0.000000    0.000000   clock __VIRTUAL_CLK__ (rise edge)
                                  0.000000    0.000000   clock network delay (ideal)
                                  2.000000    2.000000 ^ input external delay
     1    0.002864    0.020004    0.010585    2.010585 ^ A[0] (in)
                                                         A[0] (net)
                      0.020004    0.000000    2.010585 ^ input1/A (sky130_fd_sc_hd__buf_1)
     3    0.008238    0.104696    0.115045    2.125630 ^ input1/X (sky130_fd_sc_hd__buf_1)
                                                         net1 (net)
                      0.104698    0.000423    2.126053 ^ _3_/D (sky130_fd_sc_hd__and4_1)
     2    0.007939    0.098312    0.236335    2.362388 ^ _3_/X (sky130_fd_sc_hd__and4_1)
                                                         net8 (net)
                      0.098312    0.000412    2.362800 ^ output8/A (sky130_fd_sc_hd__buf_2)
     1    0.034129    0.169979    0.216582    2.579381 ^ output8/X (sky130_fd_sc_hd__buf_2)
                                                         P[3] (net)
                      0.170052    0.001641    2.581022 ^ P[3] (out)
                                              2.581022   data arrival time

                      0.000000   10.000000   10.000000   clock __VIRTUAL_CLK__ (rise edge)
                                  0.000000   10.000000   clock network delay (ideal)
                                 -0.250000    9.750000   clock uncertainty
                                  0.000000    9.750000   clock reconvergence pessimism
                                 -2.000000    7.750000   output external delay
                                              7.750000   data required time
---------------------------------------------------------------------------------------------
                                              7.750000   data required time
                                             -2.581022   data arrival time
---------------------------------------------------------------------------------------------
                                              5.168978   slack (MET)



