
===========================================================================
report_checks -path_delay max (Setup)
============================================================================
======================= min_tt_025C_1v80 Corner ===================================

Startpoint: a[3] (input port clocked by __VIRTUAL_CLK__)
Endpoint: y[13] (output port clocked by __VIRTUAL_CLK__)
Path Group: __VIRTUAL_CLK__
Path Type: max

Fanout         Cap        Slew       Delay        Time   Description
---------------------------------------------------------------------------------------------
                      0.000000    0.000000    0.000000   clock __VIRTUAL_CLK__ (rise edge)
                                  0.000000    0.000000   clock network delay (ideal)
                                  2.000000    2.000000 ^ input external delay
     1    0.003165    0.021306    0.011581    2.011581 ^ a[3] (in)
                                                         a[3] (net)
                      0.021306    0.000000    2.011581 ^ input4/A (sky130_fd_sc_hd__clkbuf_2)
     5    0.022573    0.128023    0.155649    2.167230 ^ input4/X (sky130_fd_sc_hd__clkbuf_2)
                                                         net4 (net)
                      0.128024    0.000364    2.167595 ^ fanout40/A (sky130_fd_sc_hd__buf_2)
    10    0.040025    0.197188    0.246723    2.414317 ^ fanout40/X (sky130_fd_sc_hd__buf_2)
                                                         net40 (net)
                      0.197258    0.001033    2.415350 ^ _321_/B (sky130_fd_sc_hd__nand2_1)
     3    0.007662    0.078213    0.112966    2.528316 v _321_/Y (sky130_fd_sc_hd__nand2_1)
                                                         _254_ (net)
                      0.078213    0.000048    2.528364 v _324_/B (sky130_fd_sc_hd__or3_4)
     2    0.006359    0.068932    0.377239    2.905603 v _324_/X (sky130_fd_sc_hd__or3_4)
                                                         _257_ (net)
                      0.068932    0.000069    2.905672 v _327_/A2 (sky130_fd_sc_hd__a21o_1)
     3    0.009270    0.059730    0.211634    3.117306 v _327_/X (sky130_fd_sc_hd__a21o_1)
                                                         _260_ (net)
                      0.059730    0.000145    3.117451 v _335_/A2 (sky130_fd_sc_hd__a21o_1)
     2    0.005706    0.045293    0.191323    3.308774 v _335_/X (sky130_fd_sc_hd__a21o_1)
                                                         _268_ (net)
                      0.045293    0.000061    3.308835 v _337_/A2 (sky130_fd_sc_hd__a21oi_1)
     2    0.011710    0.271021    0.261631    3.570466 ^ _337_/Y (sky130_fd_sc_hd__a21oi_1)
                                                         _270_ (net)
                      0.271021    0.000194    3.570660 ^ _339_/A (sky130_fd_sc_hd__nor3b_2)
     2    0.008286    0.077145    0.102111    3.672771 v _339_/Y (sky130_fd_sc_hd__nor3b_2)
                                                         _272_ (net)
                      0.077145    0.000099    3.672869 v _366_/C1 (sky130_fd_sc_hd__a211o_1)
     2    0.007139    0.068277    0.258125    3.930994 v _366_/X (sky130_fd_sc_hd__a211o_1)
                                                         _018_ (net)
                      0.068277    0.000079    3.931073 v _369_/B2 (sky130_fd_sc_hd__a2bb2o_4)
     2    0.005080    0.035609    0.207289    4.138362 v _369_/X (sky130_fd_sc_hd__a2bb2o_4)
                                                         _021_ (net)
                      0.035609    0.000040    4.138402 v _406_/A2 (sky130_fd_sc_hd__a21o_1)
     2    0.009336    0.059948    0.198288    4.336690 v _406_/X (sky130_fd_sc_hd__a21o_1)
                                                         _057_ (net)
                      0.059948    0.000210    4.336900 v _439_/A1 (sky130_fd_sc_hd__a21o_1)
     4    0.018156    0.095841    0.217868    4.554768 v _439_/X (sky130_fd_sc_hd__a21o_1)
                                                         _089_ (net)
                      0.095845    0.000695    4.555463 v _542_/A2 (sky130_fd_sc_hd__a2111o_1)
     2    0.008725    0.089848    0.460270    5.015733 v _542_/X (sky130_fd_sc_hd__a2111o_1)
                                                         _188_ (net)
                      0.089848    0.000194    5.015927 v _543_/B (sky130_fd_sc_hd__and3_4)
     5    0.016948    0.048619    0.206406    5.222333 v _543_/X (sky130_fd_sc_hd__and3_4)
                                                         _189_ (net)
                      0.048619    0.000407    5.222740 v _558_/C (sky130_fd_sc_hd__or4_4)
     1    0.008837    0.091995    0.490218    5.712958 v _558_/X (sky130_fd_sc_hd__or4_4)
                                                         _203_ (net)
                      0.091995    0.000091    5.713050 v _559_/B (sky130_fd_sc_hd__nand2b_4)
     1    0.010924    0.060480    0.093348    5.806398 ^ _559_/Y (sky130_fd_sc_hd__nand2b_4)
                                                         net21 (net)
                      0.060480    0.000339    5.806736 ^ output21/A (sky130_fd_sc_hd__buf_8)
     1    0.034500    0.066061    0.121535    5.928271 ^ output21/X (sky130_fd_sc_hd__buf_8)
                                                         y[13] (net)
                      0.066062    0.000425    5.928696 ^ y[13] (out)
                                              5.928696   data arrival time

                      0.000000   10.000000   10.000000   clock __VIRTUAL_CLK__ (rise edge)
                                  0.000000   10.000000   clock network delay (ideal)
                                 -0.250000    9.750000   clock uncertainty
                                  0.000000    9.750000   clock reconvergence pessimism
                                 -2.000000    7.750000   output external delay
                                              7.750000   data required time
---------------------------------------------------------------------------------------------
                                              7.750000   data required time
                                             -5.928696   data arrival time
---------------------------------------------------------------------------------------------
                                              1.821304   slack (MET)


Startpoint: a[3] (input port clocked by __VIRTUAL_CLK__)
Endpoint: y[15] (output port clocked by __VIRTUAL_CLK__)
Path Group: __VIRTUAL_CLK__
Path Type: max

Fanout         Cap        Slew       Delay        Time   Description
---------------------------------------------------------------------------------------------
                      0.000000    0.000000    0.000000   clock __VIRTUAL_CLK__ (rise edge)
                                  0.000000    0.000000   clock network delay (ideal)
                                  2.000000    2.000000 ^ input external delay
     1    0.003165    0.021306    0.011581    2.011581 ^ a[3] (in)
                                                         a[3] (net)
                      0.021306    0.000000    2.011581 ^ input4/A (sky130_fd_sc_hd__clkbuf_2)
     5    0.022573    0.128023    0.155649    2.167230 ^ input4/X (sky130_fd_sc_hd__clkbuf_2)
                                                         net4 (net)
                      0.128024    0.000364    2.167595 ^ fanout40/A (sky130_fd_sc_hd__buf_2)
    10    0.040025    0.197188    0.246723    2.414317 ^ fanout40/X (sky130_fd_sc_hd__buf_2)
                                                         net40 (net)
                      0.197258    0.001033    2.415350 ^ _321_/B (sky130_fd_sc_hd__nand2_1)
     3    0.007662    0.078213    0.112966    2.528316 v _321_/Y (sky130_fd_sc_hd__nand2_1)
                                                         _254_ (net)
                      0.078213    0.000048    2.528364 v _324_/B (sky130_fd_sc_hd__or3_4)
     2    0.006359    0.068932    0.377239    2.905603 v _324_/X (sky130_fd_sc_hd__or3_4)
                                                         _257_ (net)
                      0.068932    0.000069    2.905672 v _327_/A2 (sky130_fd_sc_hd__a21o_1)
     3    0.009270    0.059730    0.211634    3.117306 v _327_/X (sky130_fd_sc_hd__a21o_1)
                                                         _260_ (net)
                      0.059730    0.000145    3.117451 v _335_/A2 (sky130_fd_sc_hd__a21o_1)
     2    0.005706    0.045293    0.191323    3.308774 v _335_/X (sky130_fd_sc_hd__a21o_1)
                                                         _268_ (net)
                      0.045293    0.000061    3.308835 v _337_/A2 (sky130_fd_sc_hd__a21oi_1)
     2    0.011710    0.271021    0.261631    3.570466 ^ _337_/Y (sky130_fd_sc_hd__a21oi_1)
                                                         _270_ (net)
                      0.271021    0.000194    3.570660 ^ _339_/A (sky130_fd_sc_hd__nor3b_2)
     2    0.008286    0.077145    0.102111    3.672771 v _339_/Y (sky130_fd_sc_hd__nor3b_2)
                                                         _272_ (net)
                      0.077145    0.000099    3.672869 v _366_/C1 (sky130_fd_sc_hd__a211o_1)
     2    0.007139    0.068277    0.258125    3.930994 v _366_/X (sky130_fd_sc_hd__a211o_1)
                                                         _018_ (net)
                      0.068277    0.000079    3.931073 v _369_/B2 (sky130_fd_sc_hd__a2bb2o_4)
     2    0.005080    0.035609    0.207289    4.138362 v _369_/X (sky130_fd_sc_hd__a2bb2o_4)
                                                         _021_ (net)
                      0.035609    0.000040    4.138402 v _406_/A2 (sky130_fd_sc_hd__a21o_1)
     2    0.009336    0.059948    0.198288    4.336690 v _406_/X (sky130_fd_sc_hd__a21o_1)
                                                         _057_ (net)
                      0.059948    0.000210    4.336900 v _439_/A1 (sky130_fd_sc_hd__a21o_1)
     4    0.018156    0.095841    0.217868    4.554768 v _439_/X (sky130_fd_sc_hd__a21o_1)
                                                         _089_ (net)
                      0.095845    0.000695    4.555463 v _542_/A2 (sky130_fd_sc_hd__a2111o_1)
     2    0.008725    0.089848    0.460270    5.015733 v _542_/X (sky130_fd_sc_hd__a2111o_1)
                                                         _188_ (net)
                      0.089848    0.000194    5.015927 v _543_/B (sky130_fd_sc_hd__and3_4)
     5    0.016948    0.048619    0.206406    5.222333 v _543_/X (sky130_fd_sc_hd__and3_4)
                                                         _189_ (net)
                      0.048619    0.000529    5.222862 v _565_/A2 (sky130_fd_sc_hd__o211a_1)
     1    0.005206    0.049252    0.213788    5.436650 v _565_/X (sky130_fd_sc_hd__o211a_1)
                                                         _209_ (net)
                      0.049252    0.000090    5.436739 v _568_/B (sky130_fd_sc_hd__or2_4)
     1    0.007224    0.050354    0.231365    5.668104 v _568_/X (sky130_fd_sc_hd__or2_4)
                                                         net23 (net)
                      0.050354    0.000080    5.668185 v output23/A (sky130_fd_sc_hd__buf_8)
     1    0.034116    0.039626    0.136311    5.804496 v output23/X (sky130_fd_sc_hd__buf_8)
                                                         y[15] (net)
                      0.039626    0.000219    5.804716 v y[15] (out)
                                              5.804716   data arrival time

                      0.000000   10.000000   10.000000   clock __VIRTUAL_CLK__ (rise edge)
                                  0.000000   10.000000   clock network delay (ideal)
                                 -0.250000    9.750000   clock uncertainty
                                  0.000000    9.750000   clock reconvergence pessimism
                                 -2.000000    7.750000   output external delay
                                              7.750000   data required time
---------------------------------------------------------------------------------------------
                                              7.750000   data required time
                                             -5.804716   data arrival time
---------------------------------------------------------------------------------------------
                                              1.945284   slack (MET)


Startpoint: a[3] (input port clocked by __VIRTUAL_CLK__)
Endpoint: y[14] (output port clocked by __VIRTUAL_CLK__)
Path Group: __VIRTUAL_CLK__
Path Type: max

Fanout         Cap        Slew       Delay        Time   Description
---------------------------------------------------------------------------------------------
                      0.000000    0.000000    0.000000   clock __VIRTUAL_CLK__ (rise edge)
                                  0.000000    0.000000   clock network delay (ideal)
                                  2.000000    2.000000 ^ input external delay
     1    0.003165    0.021306    0.011581    2.011581 ^ a[3] (in)
                                                         a[3] (net)
                      0.021306    0.000000    2.011581 ^ input4/A (sky130_fd_sc_hd__clkbuf_2)
     5    0.022573    0.128023    0.155649    2.167230 ^ input4/X (sky130_fd_sc_hd__clkbuf_2)
                                                         net4 (net)
                      0.128024    0.000364    2.167595 ^ fanout40/A (sky130_fd_sc_hd__buf_2)
    10    0.040025    0.197188    0.246723    2.414317 ^ fanout40/X (sky130_fd_sc_hd__buf_2)
                                                         net40 (net)
                      0.197258    0.001033    2.415350 ^ _321_/B (sky130_fd_sc_hd__nand2_1)
     3    0.007662    0.078213    0.112966    2.528316 v _321_/Y (sky130_fd_sc_hd__nand2_1)
                                                         _254_ (net)
                      0.078213    0.000048    2.528364 v _324_/B (sky130_fd_sc_hd__or3_4)
     2    0.006359    0.068932    0.377239    2.905603 v _324_/X (sky130_fd_sc_hd__or3_4)
                                                         _257_ (net)
                      0.068932    0.000069    2.905672 v _327_/A2 (sky130_fd_sc_hd__a21o_1)
     3    0.009270    0.059730    0.211634    3.117306 v _327_/X (sky130_fd_sc_hd__a21o_1)
                                                         _260_ (net)
                      0.059730    0.000145    3.117451 v _335_/A2 (sky130_fd_sc_hd__a21o_1)
     2    0.005706    0.045293    0.191323    3.308774 v _335_/X (sky130_fd_sc_hd__a21o_1)
                                                         _268_ (net)
                      0.045293    0.000061    3.308835 v _337_/A2 (sky130_fd_sc_hd__a21oi_1)
     2    0.011710    0.271021    0.261631    3.570466 ^ _337_/Y (sky130_fd_sc_hd__a21oi_1)
                                                         _270_ (net)
                      0.271021    0.000194    3.570660 ^ _339_/A (sky130_fd_sc_hd__nor3b_2)
     2    0.008286    0.077145    0.102111    3.672771 v _339_/Y (sky130_fd_sc_hd__nor3b_2)
                                                         _272_ (net)
                      0.077145    0.000099    3.672869 v _366_/C1 (sky130_fd_sc_hd__a211o_1)
     2    0.007139    0.068277    0.258125    3.930994 v _366_/X (sky130_fd_sc_hd__a211o_1)
                                                         _018_ (net)
                      0.068277    0.000079    3.931073 v _369_/B2 (sky130_fd_sc_hd__a2bb2o_4)
     2    0.005080    0.035609    0.207289    4.138362 v _369_/X (sky130_fd_sc_hd__a2bb2o_4)
                                                         _021_ (net)
                      0.035609    0.000040    4.138402 v _406_/A2 (sky130_fd_sc_hd__a21o_1)
     2    0.009336    0.059948    0.198288    4.336690 v _406_/X (sky130_fd_sc_hd__a21o_1)
                                                         _057_ (net)
                      0.059948    0.000210    4.336900 v _439_/A1 (sky130_fd_sc_hd__a21o_1)
     4    0.018156    0.095841    0.217868    4.554768 v _439_/X (sky130_fd_sc_hd__a21o_1)
                                                         _089_ (net)
                      0.095845    0.000695    4.555463 v _542_/A2 (sky130_fd_sc_hd__a2111o_1)
     2    0.008725    0.089848    0.460270    5.015733 v _542_/X (sky130_fd_sc_hd__a2111o_1)
                                                         _188_ (net)
                      0.089848    0.000194    5.015927 v _543_/B (sky130_fd_sc_hd__and3_4)
     5    0.016948    0.048619    0.206406    5.222333 v _543_/X (sky130_fd_sc_hd__and3_4)
                                                         _189_ (net)
                      0.048619    0.000536    5.222869 v _564_/A1 (sky130_fd_sc_hd__o21ai_1)
     1    0.005984    0.151426    0.167127    5.389996 ^ _564_/Y (sky130_fd_sc_hd__o21ai_1)
                                                         _208_ (net)
                      0.151426    0.000090    5.390086 ^ _566_/B (sky130_fd_sc_hd__xnor2_1)
     1    0.007124    0.198927    0.166078    5.556164 ^ _566_/Y (sky130_fd_sc_hd__xnor2_1)
                                                         net22 (net)
                      0.198927    0.000147    5.556311 ^ output22/A (sky130_fd_sc_hd__buf_6)
     1    0.034011    0.077519    0.167371    5.723681 ^ output22/X (sky130_fd_sc_hd__buf_6)
                                                         y[14] (net)
                      0.077519    0.000242    5.723923 ^ y[14] (out)
                                              5.723923   data arrival time

                      0.000000   10.000000   10.000000   clock __VIRTUAL_CLK__ (rise edge)
                                  0.000000   10.000000   clock network delay (ideal)
                                 -0.250000    9.750000   clock uncertainty
                                  0.000000    9.750000   clock reconvergence pessimism
                                 -2.000000    7.750000   output external delay
                                              7.750000   data required time
---------------------------------------------------------------------------------------------
                                              7.750000   data required time
                                             -5.723923   data arrival time
---------------------------------------------------------------------------------------------
                                              2.026077   slack (MET)


Startpoint: a[3] (input port clocked by __VIRTUAL_CLK__)
Endpoint: y[12] (output port clocked by __VIRTUAL_CLK__)
Path Group: __VIRTUAL_CLK__
Path Type: max

Fanout         Cap        Slew       Delay        Time   Description
---------------------------------------------------------------------------------------------
                      0.000000    0.000000    0.000000   clock __VIRTUAL_CLK__ (rise edge)
                                  0.000000    0.000000   clock network delay (ideal)
                                  2.000000    2.000000 ^ input external delay
     1    0.003165    0.021306    0.011581    2.011581 ^ a[3] (in)
                                                         a[3] (net)
                      0.021306    0.000000    2.011581 ^ input4/A (sky130_fd_sc_hd__clkbuf_2)
     5    0.022573    0.128023    0.155649    2.167230 ^ input4/X (sky130_fd_sc_hd__clkbuf_2)
                                                         net4 (net)
                      0.128024    0.000364    2.167595 ^ fanout40/A (sky130_fd_sc_hd__buf_2)
    10    0.040025    0.197188    0.246723    2.414317 ^ fanout40/X (sky130_fd_sc_hd__buf_2)
                                                         net40 (net)
                      0.197258    0.001033    2.415350 ^ _321_/B (sky130_fd_sc_hd__nand2_1)
     3    0.007662    0.078213    0.112966    2.528316 v _321_/Y (sky130_fd_sc_hd__nand2_1)
                                                         _254_ (net)
                      0.078213    0.000048    2.528364 v _324_/B (sky130_fd_sc_hd__or3_4)
     2    0.006359    0.068932    0.377239    2.905603 v _324_/X (sky130_fd_sc_hd__or3_4)
                                                         _257_ (net)
                      0.068932    0.000069    2.905672 v _327_/A2 (sky130_fd_sc_hd__a21o_1)
     3    0.009270    0.059730    0.211634    3.117306 v _327_/X (sky130_fd_sc_hd__a21o_1)
                                                         _260_ (net)
                      0.059730    0.000145    3.117451 v _335_/A2 (sky130_fd_sc_hd__a21o_1)
     2    0.005706    0.045293    0.191323    3.308774 v _335_/X (sky130_fd_sc_hd__a21o_1)
                                                         _268_ (net)
                      0.045293    0.000061    3.308835 v _337_/A2 (sky130_fd_sc_hd__a21oi_1)
     2    0.011710    0.271021    0.261631    3.570466 ^ _337_/Y (sky130_fd_sc_hd__a21oi_1)
                                                         _270_ (net)
                      0.271021    0.000194    3.570660 ^ _339_/A (sky130_fd_sc_hd__nor3b_2)
     2    0.008286    0.077145    0.102111    3.672771 v _339_/Y (sky130_fd_sc_hd__nor3b_2)
                                                         _272_ (net)
                      0.077145    0.000099    3.672869 v _366_/C1 (sky130_fd_sc_hd__a211o_1)
     2    0.007139    0.068277    0.258125    3.930994 v _366_/X (sky130_fd_sc_hd__a211o_1)
                                                         _018_ (net)
                      0.068277    0.000079    3.931073 v _369_/B2 (sky130_fd_sc_hd__a2bb2o_4)
     2    0.005080    0.035609    0.207289    4.138362 v _369_/X (sky130_fd_sc_hd__a2bb2o_4)
                                                         _021_ (net)
                      0.035609    0.000040    4.138402 v _406_/A2 (sky130_fd_sc_hd__a21o_1)
     2    0.009336    0.059948    0.198288    4.336690 v _406_/X (sky130_fd_sc_hd__a21o_1)
                                                         _057_ (net)
                      0.059948    0.000210    4.336900 v _439_/A1 (sky130_fd_sc_hd__a21o_1)
     4    0.018156    0.095841    0.217868    4.554768 v _439_/X (sky130_fd_sc_hd__a21o_1)
                                                         _089_ (net)
                      0.095845    0.000695    4.555463 v _542_/A2 (sky130_fd_sc_hd__a2111o_1)
     2    0.008725    0.089848    0.460270    5.015733 v _542_/X (sky130_fd_sc_hd__a2111o_1)
                                                         _188_ (net)
                      0.089848    0.000194    5.015927 v _543_/B (sky130_fd_sc_hd__and3_4)
     5    0.016948    0.048619    0.206406    5.222333 v _543_/X (sky130_fd_sc_hd__and3_4)
                                                         _189_ (net)
                      0.048619    0.000158    5.222491 v _545_/A (sky130_fd_sc_hd__nor2_1)
     1    0.007224    0.147823    0.152231    5.374722 ^ _545_/Y (sky130_fd_sc_hd__nor2_1)
                                                         net20 (net)
                      0.147823    0.000214    5.374936 ^ output20/A (sky130_fd_sc_hd__buf_4)
     1    0.034570    0.103588    0.191769    5.566706 ^ output20/X (sky130_fd_sc_hd__buf_4)
                                                         y[12] (net)
                      0.103589    0.000439    5.567145 ^ y[12] (out)
                                              5.567145   data arrival time

                      0.000000   10.000000   10.000000   clock __VIRTUAL_CLK__ (rise edge)
                                  0.000000   10.000000   clock network delay (ideal)
                                 -0.250000    9.750000   clock uncertainty
                                  0.000000    9.750000   clock reconvergence pessimism
                                 -2.000000    7.750000   output external delay
                                              7.750000   data required time
---------------------------------------------------------------------------------------------
                                              7.750000   data required time
                                             -5.567145   data arrival time
---------------------------------------------------------------------------------------------
                                              2.182855   slack (MET)


Startpoint: a[3] (input port clocked by __VIRTUAL_CLK__)
Endpoint: y[11] (output port clocked by __VIRTUAL_CLK__)
Path Group: __VIRTUAL_CLK__
Path Type: max

Fanout         Cap        Slew       Delay        Time   Description
---------------------------------------------------------------------------------------------
                      0.000000    0.000000    0.000000   clock __VIRTUAL_CLK__ (rise edge)
                                  0.000000    0.000000   clock network delay (ideal)
                                  2.000000    2.000000 ^ input external delay
     1    0.003165    0.021306    0.011581    2.011581 ^ a[3] (in)
                                                         a[3] (net)
                      0.021306    0.000000    2.011581 ^ input4/A (sky130_fd_sc_hd__clkbuf_2)
     5    0.022573    0.128023    0.155649    2.167230 ^ input4/X (sky130_fd_sc_hd__clkbuf_2)
                                                         net4 (net)
                      0.128024    0.000364    2.167595 ^ fanout40/A (sky130_fd_sc_hd__buf_2)
    10    0.040025    0.197188    0.246723    2.414317 ^ fanout40/X (sky130_fd_sc_hd__buf_2)
                                                         net40 (net)
                      0.197258    0.001033    2.415350 ^ _321_/B (sky130_fd_sc_hd__nand2_1)
     3    0.007662    0.078213    0.112966    2.528316 v _321_/Y (sky130_fd_sc_hd__nand2_1)
                                                         _254_ (net)
                      0.078213    0.000048    2.528364 v _324_/B (sky130_fd_sc_hd__or3_4)
     2    0.006359    0.068932    0.377239    2.905603 v _324_/X (sky130_fd_sc_hd__or3_4)
                                                         _257_ (net)
                      0.068932    0.000069    2.905672 v _327_/A2 (sky130_fd_sc_hd__a21o_1)
     3    0.009270    0.059730    0.211634    3.117306 v _327_/X (sky130_fd_sc_hd__a21o_1)
                                                         _260_ (net)
                      0.059730    0.000145    3.117451 v _335_/A2 (sky130_fd_sc_hd__a21o_1)
     2    0.005706    0.045293    0.191323    3.308774 v _335_/X (sky130_fd_sc_hd__a21o_1)
                                                         _268_ (net)
                      0.045293    0.000061    3.308835 v _337_/A2 (sky130_fd_sc_hd__a21oi_1)
     2    0.011710    0.271021    0.261631    3.570466 ^ _337_/Y (sky130_fd_sc_hd__a21oi_1)
                                                         _270_ (net)
                      0.271021    0.000194    3.570660 ^ _339_/A (sky130_fd_sc_hd__nor3b_2)
     2    0.008286    0.077145    0.102111    3.672771 v _339_/Y (sky130_fd_sc_hd__nor3b_2)
                                                         _272_ (net)
                      0.077145    0.000099    3.672869 v _366_/C1 (sky130_fd_sc_hd__a211o_1)
     2    0.007139    0.068277    0.258125    3.930994 v _366_/X (sky130_fd_sc_hd__a211o_1)
                                                         _018_ (net)
                      0.068277    0.000079    3.931073 v _369_/B2 (sky130_fd_sc_hd__a2bb2o_4)
     2    0.005080    0.035609    0.207289    4.138362 v _369_/X (sky130_fd_sc_hd__a2bb2o_4)
                                                         _021_ (net)
                      0.035609    0.000040    4.138402 v _406_/A2 (sky130_fd_sc_hd__a21o_1)
     2    0.009336    0.059948    0.198288    4.336690 v _406_/X (sky130_fd_sc_hd__a21o_1)
                                                         _057_ (net)
                      0.059948    0.000210    4.336900 v _439_/A1 (sky130_fd_sc_hd__a21o_1)
     4    0.018156    0.095841    0.217868    4.554768 v _439_/X (sky130_fd_sc_hd__a21o_1)
                                                         _089_ (net)
                      0.095845    0.000688    4.555457 v _497_/A1 (sky130_fd_sc_hd__a21oi_1)
     2    0.012387    0.284016    0.272612    4.828068 ^ _497_/Y (sky130_fd_sc_hd__a21oi_1)
                                                         _145_ (net)
                      0.284016    0.000106    4.828175 ^ _522_/A2 (sky130_fd_sc_hd__o21ba_1)
     1    0.008640    0.095956    0.197112    5.025286 ^ _522_/X (sky130_fd_sc_hd__o21ba_1)
                                                         _169_ (net)
                      0.095956    0.000075    5.025362 ^ _523_/B (sky130_fd_sc_hd__xnor2_2)
     1    0.009813    0.175232    0.133681    5.159043 ^ _523_/Y (sky130_fd_sc_hd__xnor2_2)
                                                         net19 (net)
                      0.175232    0.000340    5.159382 ^ output19/A (sky130_fd_sc_hd__buf_6)
     1    0.034656    0.078439    0.163072    5.322454 ^ output19/X (sky130_fd_sc_hd__buf_6)
                                                         y[11] (net)
                      0.078441    0.000463    5.322918 ^ y[11] (out)
                                              5.322918   data arrival time

                      0.000000   10.000000   10.000000   clock __VIRTUAL_CLK__ (rise edge)
                                  0.000000   10.000000   clock network delay (ideal)
                                 -0.250000    9.750000   clock uncertainty
                                  0.000000    9.750000   clock reconvergence pessimism
                                 -2.000000    7.750000   output external delay
                                              7.750000   data required time
---------------------------------------------------------------------------------------------
                                              7.750000   data required time
                                             -5.322918   data arrival time
---------------------------------------------------------------------------------------------
                                              2.427082   slack (MET)


Startpoint: a[3] (input port clocked by __VIRTUAL_CLK__)
Endpoint: y[10] (output port clocked by __VIRTUAL_CLK__)
Path Group: __VIRTUAL_CLK__
Path Type: max

Fanout         Cap        Slew       Delay        Time   Description
---------------------------------------------------------------------------------------------
                      0.000000    0.000000    0.000000   clock __VIRTUAL_CLK__ (rise edge)
                                  0.000000    0.000000   clock network delay (ideal)
                                  2.000000    2.000000 ^ input external delay
     1    0.003165    0.021306    0.011581    2.011581 ^ a[3] (in)
                                                         a[3] (net)
                      0.021306    0.000000    2.011581 ^ input4/A (sky130_fd_sc_hd__clkbuf_2)
     5    0.022573    0.128023    0.155649    2.167230 ^ input4/X (sky130_fd_sc_hd__clkbuf_2)
                                                         net4 (net)
                      0.128024    0.000364    2.167595 ^ fanout40/A (sky130_fd_sc_hd__buf_2)
    10    0.040025    0.197188    0.246723    2.414317 ^ fanout40/X (sky130_fd_sc_hd__buf_2)
                                                         net40 (net)
                      0.197258    0.001033    2.415350 ^ _321_/B (sky130_fd_sc_hd__nand2_1)
     3    0.007662    0.078213    0.112966    2.528316 v _321_/Y (sky130_fd_sc_hd__nand2_1)
                                                         _254_ (net)
                      0.078213    0.000048    2.528364 v _324_/B (sky130_fd_sc_hd__or3_4)
     2    0.006359    0.068932    0.377239    2.905603 v _324_/X (sky130_fd_sc_hd__or3_4)
                                                         _257_ (net)
                      0.068932    0.000069    2.905672 v _327_/A2 (sky130_fd_sc_hd__a21o_1)
     3    0.009270    0.059730    0.211634    3.117306 v _327_/X (sky130_fd_sc_hd__a21o_1)
                                                         _260_ (net)
                      0.059730    0.000145    3.117451 v _335_/A2 (sky130_fd_sc_hd__a21o_1)
     2    0.005706    0.045293    0.191323    3.308774 v _335_/X (sky130_fd_sc_hd__a21o_1)
                                                         _268_ (net)
                      0.045293    0.000061    3.308835 v _337_/A2 (sky130_fd_sc_hd__a21oi_1)
     2    0.011710    0.271021    0.261631    3.570466 ^ _337_/Y (sky130_fd_sc_hd__a21oi_1)
                                                         _270_ (net)
                      0.271021    0.000194    3.570660 ^ _339_/A (sky130_fd_sc_hd__nor3b_2)
     2    0.008286    0.077145    0.102111    3.672771 v _339_/Y (sky130_fd_sc_hd__nor3b_2)
                                                         _272_ (net)
                      0.077145    0.000099    3.672869 v _366_/C1 (sky130_fd_sc_hd__a211o_1)
     2    0.007139    0.068277    0.258125    3.930994 v _366_/X (sky130_fd_sc_hd__a211o_1)
                                                         _018_ (net)
                      0.068277    0.000079    3.931073 v _369_/B2 (sky130_fd_sc_hd__a2bb2o_4)
     2    0.005080    0.035609    0.207289    4.138362 v _369_/X (sky130_fd_sc_hd__a2bb2o_4)
                                                         _021_ (net)
                      0.035609    0.000040    4.138402 v _406_/A2 (sky130_fd_sc_hd__a21o_1)
     2    0.009336    0.059948    0.198288    4.336690 v _406_/X (sky130_fd_sc_hd__a21o_1)
                                                         _057_ (net)
                      0.059948    0.000210    4.336900 v _439_/A1 (sky130_fd_sc_hd__a21o_1)
     4    0.018156    0.095841    0.217868    4.554768 v _439_/X (sky130_fd_sc_hd__a21o_1)
                                                         _089_ (net)
                      0.095845    0.000688    4.555457 v _497_/A1 (sky130_fd_sc_hd__a21oi_1)
     2    0.012387    0.284016    0.272612    4.828068 ^ _497_/Y (sky130_fd_sc_hd__a21oi_1)
                                                         _145_ (net)
                      0.284016    0.000129    4.828197 ^ _498_/B (sky130_fd_sc_hd__xnor2_2)
     1    0.010204    0.179441    0.169697    4.997894 ^ _498_/Y (sky130_fd_sc_hd__xnor2_2)
                                                         net18 (net)
                      0.179442    0.000364    4.998258 ^ output18/A (sky130_fd_sc_hd__buf_6)
     1    0.034656    0.078490    0.163970    5.162228 ^ output18/X (sky130_fd_sc_hd__buf_6)
                                                         y[10] (net)
                      0.078491    0.000463    5.162691 ^ y[10] (out)
                                              5.162691   data arrival time

                      0.000000   10.000000   10.000000   clock __VIRTUAL_CLK__ (rise edge)
                                  0.000000   10.000000   clock network delay (ideal)
                                 -0.250000    9.750000   clock uncertainty
                                  0.000000    9.750000   clock reconvergence pessimism
                                 -2.000000    7.750000   output external delay
                                              7.750000   data required time
---------------------------------------------------------------------------------------------
                                              7.750000   data required time
                                             -5.162691   data arrival time
---------------------------------------------------------------------------------------------
                                              2.587309   slack (MET)


Startpoint: a[3] (input port clocked by __VIRTUAL_CLK__)
Endpoint: y[9] (output port clocked by __VIRTUAL_CLK__)
Path Group: __VIRTUAL_CLK__
Path Type: max

Fanout         Cap        Slew       Delay        Time   Description
---------------------------------------------------------------------------------------------
                      0.000000    0.000000    0.000000   clock __VIRTUAL_CLK__ (rise edge)
                                  0.000000    0.000000   clock network delay (ideal)
                                  2.000000    2.000000 ^ input external delay
     1    0.003165    0.021306    0.011581    2.011581 ^ a[3] (in)
                                                         a[3] (net)
                      0.021306    0.000000    2.011581 ^ input4/A (sky130_fd_sc_hd__clkbuf_2)
     5    0.022573    0.128023    0.155649    2.167230 ^ input4/X (sky130_fd_sc_hd__clkbuf_2)
                                                         net4 (net)
                      0.128024    0.000364    2.167595 ^ fanout40/A (sky130_fd_sc_hd__buf_2)
    10    0.040025    0.197188    0.246723    2.414317 ^ fanout40/X (sky130_fd_sc_hd__buf_2)
                                                         net40 (net)
                      0.197258    0.001033    2.415350 ^ _321_/B (sky130_fd_sc_hd__nand2_1)
     3    0.007662    0.078213    0.112966    2.528316 v _321_/Y (sky130_fd_sc_hd__nand2_1)
                                                         _254_ (net)
                      0.078213    0.000048    2.528364 v _324_/B (sky130_fd_sc_hd__or3_4)
     2    0.006359    0.068932    0.377239    2.905603 v _324_/X (sky130_fd_sc_hd__or3_4)
                                                         _257_ (net)
                      0.068932    0.000069    2.905672 v _327_/A2 (sky130_fd_sc_hd__a21o_1)
     3    0.009270    0.059730    0.211634    3.117306 v _327_/X (sky130_fd_sc_hd__a21o_1)
                                                         _260_ (net)
                      0.059730    0.000145    3.117451 v _335_/A2 (sky130_fd_sc_hd__a21o_1)
     2    0.005706    0.045293    0.191323    3.308774 v _335_/X (sky130_fd_sc_hd__a21o_1)
                                                         _268_ (net)
                      0.045293    0.000061    3.308835 v _337_/A2 (sky130_fd_sc_hd__a21oi_1)
     2    0.011710    0.271021    0.261631    3.570466 ^ _337_/Y (sky130_fd_sc_hd__a21oi_1)
                                                         _270_ (net)
                      0.271021    0.000194    3.570660 ^ _339_/A (sky130_fd_sc_hd__nor3b_2)
     2    0.008286    0.077145    0.102111    3.672771 v _339_/Y (sky130_fd_sc_hd__nor3b_2)
                                                         _272_ (net)
                      0.077145    0.000099    3.672869 v _366_/C1 (sky130_fd_sc_hd__a211o_1)
     2    0.007139    0.068277    0.258125    3.930994 v _366_/X (sky130_fd_sc_hd__a211o_1)
                                                         _018_ (net)
                      0.068277    0.000079    3.931073 v _369_/B2 (sky130_fd_sc_hd__a2bb2o_4)
     2    0.005080    0.035609    0.207289    4.138362 v _369_/X (sky130_fd_sc_hd__a2bb2o_4)
                                                         _021_ (net)
                      0.035609    0.000040    4.138402 v _406_/A2 (sky130_fd_sc_hd__a21o_1)
     2    0.009336    0.059948    0.198288    4.336690 v _406_/X (sky130_fd_sc_hd__a21o_1)
                                                         _057_ (net)
                      0.059948    0.000210    4.336900 v _439_/A1 (sky130_fd_sc_hd__a21o_1)
     4    0.018156    0.095841    0.217868    4.554768 v _439_/X (sky130_fd_sc_hd__a21o_1)
                                                         _089_ (net)
                      0.095843    0.000564    4.555333 v _469_/A1 (sky130_fd_sc_hd__a21bo_1)
     1    0.009406    0.062146    0.213445    4.768777 v _469_/X (sky130_fd_sc_hd__a21bo_1)
                                                         _118_ (net)
                      0.062146    0.000108    4.768886 v _470_/A (sky130_fd_sc_hd__xor2_2)
     1    0.011584    0.181914    0.212153    4.981039 ^ _470_/X (sky130_fd_sc_hd__xor2_2)
                                                         net32 (net)
                      0.181914    0.000494    4.981533 ^ output32/A (sky130_fd_sc_hd__buf_6)
     1    0.034522    0.078270    0.164330    5.145863 ^ output32/X (sky130_fd_sc_hd__buf_6)
                                                         y[9] (net)
                      0.078271    0.000433    5.146296 ^ y[9] (out)
                                              5.146296   data arrival time

                      0.000000   10.000000   10.000000   clock __VIRTUAL_CLK__ (rise edge)
                                  0.000000   10.000000   clock network delay (ideal)
                                 -0.250000    9.750000   clock uncertainty
                                  0.000000    9.750000   clock reconvergence pessimism
                                 -2.000000    7.750000   output external delay
                                              7.750000   data required time
---------------------------------------------------------------------------------------------
                                              7.750000   data required time
                                             -5.146296   data arrival time
---------------------------------------------------------------------------------------------
                                              2.603704   slack (MET)


Startpoint: a[3] (input port clocked by __VIRTUAL_CLK__)
Endpoint: y[8] (output port clocked by __VIRTUAL_CLK__)
Path Group: __VIRTUAL_CLK__
Path Type: max

Fanout         Cap        Slew       Delay        Time   Description
---------------------------------------------------------------------------------------------
                      0.000000    0.000000    0.000000   clock __VIRTUAL_CLK__ (rise edge)
                                  0.000000    0.000000   clock network delay (ideal)
                                  2.000000    2.000000 ^ input external delay
     1    0.003165    0.021306    0.011581    2.011581 ^ a[3] (in)
                                                         a[3] (net)
                      0.021306    0.000000    2.011581 ^ input4/A (sky130_fd_sc_hd__clkbuf_2)
     5    0.022573    0.128023    0.155649    2.167230 ^ input4/X (sky130_fd_sc_hd__clkbuf_2)
                                                         net4 (net)
                      0.128024    0.000364    2.167595 ^ fanout40/A (sky130_fd_sc_hd__buf_2)
    10    0.040025    0.197188    0.246723    2.414317 ^ fanout40/X (sky130_fd_sc_hd__buf_2)
                                                         net40 (net)
                      0.197258    0.001033    2.415350 ^ _321_/B (sky130_fd_sc_hd__nand2_1)
     3    0.007662    0.078213    0.112966    2.528316 v _321_/Y (sky130_fd_sc_hd__nand2_1)
                                                         _254_ (net)
                      0.078213    0.000048    2.528364 v _324_/B (sky130_fd_sc_hd__or3_4)
     2    0.006359    0.068932    0.377239    2.905603 v _324_/X (sky130_fd_sc_hd__or3_4)
                                                         _257_ (net)
                      0.068932    0.000069    2.905672 v _327_/A2 (sky130_fd_sc_hd__a21o_1)
     3    0.009270    0.059730    0.211634    3.117306 v _327_/X (sky130_fd_sc_hd__a21o_1)
                                                         _260_ (net)
                      0.059730    0.000141    3.117447 v _359_/A1 (sky130_fd_sc_hd__a21bo_1)
     2    0.008018    0.057376    0.192488    3.309934 v _359_/X (sky130_fd_sc_hd__a21bo_1)
                                                         _011_ (net)
                      0.057376    0.000083    3.310017 v _361_/B1 (sky130_fd_sc_hd__a21o_1)
     2    0.008379    0.057371    0.179121    3.489138 v _361_/X (sky130_fd_sc_hd__a21o_1)
                                                         _013_ (net)
                      0.057371    0.000084    3.489223 v _363_/A1 (sky130_fd_sc_hd__a21o_1)
     2    0.004811    0.041423    0.164869    3.654092 v _363_/X (sky130_fd_sc_hd__a21o_1)
                                                         _015_ (net)
                      0.041423    0.000040    3.654132 v rebuffer1/A (sky130_fd_sc_hd__dlygate4sd1_1)
     1    0.005037    0.040866    0.235159    3.889292 v rebuffer1/X (sky130_fd_sc_hd__dlygate4sd1_1)
                                                         net56 (net)
                      0.040866    0.000057    3.889349 v _364_/C1 (sky130_fd_sc_hd__o211ai_2)
     3    0.012858    0.210189    0.087714    3.977063 ^ _364_/Y (sky130_fd_sc_hd__o211ai_2)
                                                         _016_ (net)
                      0.210189    0.000087    3.977150 ^ _368_/D (sky130_fd_sc_hd__and4bb_1)
     2    0.005037    0.076330    0.237289    4.214439 ^ _368_/X (sky130_fd_sc_hd__and4bb_1)
                                                         _020_ (net)
                      0.076330    0.000053    4.214492 ^ _406_/B1 (sky130_fd_sc_hd__a21o_1)
     2    0.009833    0.093688    0.126503    4.340995 ^ _406_/X (sky130_fd_sc_hd__a21o_1)
                                                         _057_ (net)
                      0.093688    0.000223    4.341218 ^ _439_/A1 (sky130_fd_sc_hd__a21o_1)
     4    0.019046    0.169657    0.211501    4.552719 ^ _439_/X (sky130_fd_sc_hd__a21o_1)
                                                         _089_ (net)
                      0.169657    0.000655    4.553374 ^ _440_/B (sky130_fd_sc_hd__xor2_1)
     1    0.008860    0.218272    0.239937    4.793311 ^ _440_/X (sky130_fd_sc_hd__xor2_1)
                                                         net31 (net)
                      0.218272    0.000309    4.793620 ^ output31/A (sky130_fd_sc_hd__buf_2)
     1    0.033907    0.168952    0.251695    5.045315 ^ output31/X (sky130_fd_sc_hd__buf_2)
                                                         y[8] (net)
                      0.168952    0.000165    5.045481 ^ y[8] (out)
                                              5.045481   data arrival time

                      0.000000   10.000000   10.000000   clock __VIRTUAL_CLK__ (rise edge)
                                  0.000000   10.000000   clock network delay (ideal)
                                 -0.250000    9.750000   clock uncertainty
                                  0.000000    9.750000   clock reconvergence pessimism
                                 -2.000000    7.750000   output external delay
                                              7.750000   data required time
---------------------------------------------------------------------------------------------
                                              7.750000   data required time
                                             -5.045481   data arrival time
---------------------------------------------------------------------------------------------
                                              2.704519   slack (MET)


Startpoint: b[0] (input port clocked by __VIRTUAL_CLK__)
Endpoint: y[7] (output port clocked by __VIRTUAL_CLK__)
Path Group: __VIRTUAL_CLK__
Path Type: max

Fanout         Cap        Slew       Delay        Time   Description
---------------------------------------------------------------------------------------------
                      0.000000    0.000000    0.000000   clock __VIRTUAL_CLK__ (rise edge)
                                  0.000000    0.000000   clock network delay (ideal)
                                  2.000000    2.000000 v input external delay
     1    0.002605    0.008182    0.004095    2.004095 v b[0] (in)
                                                         b[0] (net)
                      0.008182    0.000000    2.004095 v input9/A (sky130_fd_sc_hd__dlymetal6s2s_1)
     5    0.019207    0.106200    0.182509    2.186604 v input9/X (sky130_fd_sc_hd__dlymetal6s2s_1)
                                                         net9 (net)
                      0.106200    0.000416    2.187020 v fanout33/A (sky130_fd_sc_hd__buf_2)
    10    0.033390    0.087659    0.206038    2.393059 v fanout33/X (sky130_fd_sc_hd__buf_2)
                                                         net33 (net)
                      0.087670    0.001003    2.394061 v _351_/A2 (sky130_fd_sc_hd__a22o_1)
     3    0.007915    0.064284    0.268119    2.662181 v _351_/X (sky130_fd_sc_hd__a22o_1)
                                                         _003_ (net)
                      0.064284    0.000061    2.662241 v _389_/A2 (sky130_fd_sc_hd__a21bo_1)
     2    0.006377    0.049783    0.209334    2.871576 v _389_/X (sky130_fd_sc_hd__a21bo_1)
                                                         _040_ (net)
                      0.049783    0.000084    2.871660 v _391_/B1 (sky130_fd_sc_hd__a21o_1)
     3    0.009806    0.061722    0.182619    3.054278 v _391_/X (sky130_fd_sc_hd__a21o_1)
                                                         _042_ (net)
                      0.061722    0.000208    3.054486 v _393_/A2 (sky130_fd_sc_hd__a21o_1)
     2    0.005449    0.044184    0.190903    3.245389 v _393_/X (sky130_fd_sc_hd__a21o_1)
                                                         _044_ (net)
                      0.044184    0.000045    3.245433 v _396_/A2 (sky130_fd_sc_hd__a21o_1)
     3    0.012748    0.073514    0.214344    3.459778 v _396_/X (sky130_fd_sc_hd__a21o_1)
                                                         _047_ (net)
                      0.073515    0.000413    3.460191 v _398_/C (sky130_fd_sc_hd__and3_1)
     2    0.008263    0.060304    0.213791    3.673981 v _398_/X (sky130_fd_sc_hd__and3_1)
                                                         _049_ (net)
                      0.060304    0.000100    3.674081 v _399_/C1 (sky130_fd_sc_hd__a211o_1)
     3    0.008312    0.074361    0.259270    3.933351 v _399_/X (sky130_fd_sc_hd__a211o_1)
                                                         _050_ (net)
                      0.074361    0.000078    3.933429 v _401_/A1 (sky130_fd_sc_hd__a21o_1)
     2    0.004831    0.041530    0.171959    4.105388 v _401_/X (sky130_fd_sc_hd__a21o_1)
                                                         _052_ (net)
                      0.041530    0.000039    4.105427 v _403_/B (sky130_fd_sc_hd__and3_1)
     2    0.004761    0.045144    0.167221    4.272648 v _403_/X (sky130_fd_sc_hd__and3_1)
                                                         _054_ (net)
                      0.045144    0.000044    4.272693 v _405_/A_N (sky130_fd_sc_hd__and2b_1)
     1    0.004971    0.058866    0.196161    4.468853 ^ _405_/X (sky130_fd_sc_hd__and2b_1)
                                                         _056_ (net)
                      0.058866    0.000046    4.468900 ^ _407_/A (sky130_fd_sc_hd__xor2_1)
     1    0.009505    0.229932    0.222649    4.691549 ^ _407_/X (sky130_fd_sc_hd__xor2_1)
                                                         net30 (net)
                      0.229933    0.000397    4.691946 ^ output30/A (sky130_fd_sc_hd__buf_2)
     1    0.034019    0.169494    0.255195    4.947141 ^ output30/X (sky130_fd_sc_hd__buf_2)
                                                         y[7] (net)
                      0.169494    0.000200    4.947341 ^ y[7] (out)
                                              4.947341   data arrival time

                      0.000000   10.000000   10.000000   clock __VIRTUAL_CLK__ (rise edge)
                                  0.000000   10.000000   clock network delay (ideal)
                                 -0.250000    9.750000   clock uncertainty
                                  0.000000    9.750000   clock reconvergence pessimism
                                 -2.000000    7.750000   output external delay
                                              7.750000   data required time
---------------------------------------------------------------------------------------------
                                              7.750000   data required time
                                             -4.947341   data arrival time
---------------------------------------------------------------------------------------------
                                              2.802659   slack (MET)


Startpoint: a[3] (input port clocked by __VIRTUAL_CLK__)
Endpoint: y[6] (output port clocked by __VIRTUAL_CLK__)
Path Group: __VIRTUAL_CLK__
Path Type: max

Fanout         Cap        Slew       Delay        Time   Description
---------------------------------------------------------------------------------------------
                      0.000000    0.000000    0.000000   clock __VIRTUAL_CLK__ (rise edge)
                                  0.000000    0.000000   clock network delay (ideal)
                                  2.000000    2.000000 ^ input external delay
     1    0.003165    0.021306    0.011581    2.011581 ^ a[3] (in)
                                                         a[3] (net)
                      0.021306    0.000000    2.011581 ^ input4/A (sky130_fd_sc_hd__clkbuf_2)
     5    0.022573    0.128023    0.155649    2.167230 ^ input4/X (sky130_fd_sc_hd__clkbuf_2)
                                                         net4 (net)
                      0.128024    0.000364    2.167595 ^ fanout40/A (sky130_fd_sc_hd__buf_2)
    10    0.040025    0.197188    0.246723    2.414317 ^ fanout40/X (sky130_fd_sc_hd__buf_2)
                                                         net40 (net)
                      0.197258    0.001033    2.415350 ^ _321_/B (sky130_fd_sc_hd__nand2_1)
     3    0.007662    0.078213    0.112966    2.528316 v _321_/Y (sky130_fd_sc_hd__nand2_1)
                                                         _254_ (net)
                      0.078213    0.000048    2.528364 v _324_/B (sky130_fd_sc_hd__or3_4)
     2    0.006359    0.068932    0.377239    2.905603 v _324_/X (sky130_fd_sc_hd__or3_4)
                                                         _257_ (net)
                      0.068932    0.000069    2.905672 v _327_/A2 (sky130_fd_sc_hd__a21o_1)
     3    0.009270    0.059730    0.211634    3.117306 v _327_/X (sky130_fd_sc_hd__a21o_1)
                                                         _260_ (net)
                      0.059730    0.000145    3.117451 v _335_/A2 (sky130_fd_sc_hd__a21o_1)
     2    0.005706    0.045293    0.191323    3.308774 v _335_/X (sky130_fd_sc_hd__a21o_1)
                                                         _268_ (net)
                      0.045293    0.000061    3.308835 v _337_/A2 (sky130_fd_sc_hd__a21oi_1)
     2    0.011710    0.271021    0.261631    3.570466 ^ _337_/Y (sky130_fd_sc_hd__a21oi_1)
                                                         _270_ (net)
                      0.271021    0.000205    3.570671 ^ _338_/B (sky130_fd_sc_hd__nor2_2)
     1    0.008386    0.066388    0.078482    3.649154 v _338_/Y (sky130_fd_sc_hd__nor2_2)
                                                         _271_ (net)
                      0.066388    0.000075    3.649229 v _367_/B (sky130_fd_sc_hd__xnor2_2)
     5    0.016734    0.252089    0.233431    3.882660 ^ _367_/Y (sky130_fd_sc_hd__xnor2_2)
                                                         _019_ (net)
                      0.252089    0.000132    3.882792 ^ _368_/B_N (sky130_fd_sc_hd__and4bb_1)
     2    0.004588    0.047986    0.255949    4.138741 v _368_/X (sky130_fd_sc_hd__and4bb_1)
                                                         _020_ (net)
                      0.047986    0.000038    4.138779 v _370_/A_N (sky130_fd_sc_hd__nand2b_1)
     1    0.005066    0.055582    0.150680    4.289460 v _370_/Y (sky130_fd_sc_hd__nand2b_1)
                                                         _022_ (net)
                      0.055582    0.000058    4.289517 v _372_/A (sky130_fd_sc_hd__xnor2_1)
     1    0.008456    0.225330    0.234030    4.523548 ^ _372_/Y (sky130_fd_sc_hd__xnor2_1)
                                                         net29 (net)
                      0.225330    0.000217    4.523765 ^ output29/A (sky130_fd_sc_hd__buf_2)
     1    0.033948    0.169153    0.253725    4.777490 ^ output29/X (sky130_fd_sc_hd__buf_2)
                                                         y[6] (net)
                      0.169153    0.000183    4.777672 ^ y[6] (out)
                                              4.777672   data arrival time

                      0.000000   10.000000   10.000000   clock __VIRTUAL_CLK__ (rise edge)
                                  0.000000   10.000000   clock network delay (ideal)
                                 -0.250000    9.750000   clock uncertainty
                                  0.000000    9.750000   clock reconvergence pessimism
                                 -2.000000    7.750000   output external delay
                                              7.750000   data required time
---------------------------------------------------------------------------------------------
                                              7.750000   data required time
                                             -4.777672   data arrival time
---------------------------------------------------------------------------------------------
                                              2.972328   slack (MET)


Startpoint: b[0] (input port clocked by __VIRTUAL_CLK__)
Endpoint: y[5] (output port clocked by __VIRTUAL_CLK__)
Path Group: __VIRTUAL_CLK__
Path Type: max

Fanout         Cap        Slew       Delay        Time   Description
---------------------------------------------------------------------------------------------
                      0.000000    0.000000    0.000000   clock __VIRTUAL_CLK__ (rise edge)
                                  0.000000    0.000000   clock network delay (ideal)
                                  2.000000    2.000000 ^ input external delay
     1    0.002763    0.019575    0.010177    2.010177 ^ b[0] (in)
                                                         b[0] (net)
                      0.019575    0.000000    2.010177 ^ input9/A (sky130_fd_sc_hd__dlymetal6s2s_1)
     5    0.020136    0.216146    0.200236    2.210414 ^ input9/X (sky130_fd_sc_hd__dlymetal6s2s_1)
                                                         net9 (net)
                      0.216147    0.000435    2.210849 ^ fanout33/A (sky130_fd_sc_hd__buf_2)
    10    0.034902    0.173668    0.253981    2.464830 ^ fanout33/X (sky130_fd_sc_hd__buf_2)
                                                         net33 (net)
                      0.173668    0.000545    2.465375 ^ _285_/A (sky130_fd_sc_hd__and4_1)
     2    0.004797    0.071869    0.213761    2.679136 ^ _285_/X (sky130_fd_sc_hd__and4_1)
                                                         _220_ (net)
                      0.071869    0.000012    2.679148 ^ _288_/A_N (sky130_fd_sc_hd__and2b_1)
     1    0.004855    0.042202    0.186463    2.865611 v _288_/X (sky130_fd_sc_hd__and2b_1)
                                                         _223_ (net)
                      0.042202    0.000027    2.865638 v _299_/B (sky130_fd_sc_hd__xnor2_1)
     2    0.009659    0.249423    0.229059    3.094697 ^ _299_/Y (sky130_fd_sc_hd__xnor2_1)
                                                         _234_ (net)
                      0.249423    0.000200    3.094897 ^ _305_/A (sky130_fd_sc_hd__xnor2_1)
     2    0.007178    0.089286    0.140809    3.235706 v _305_/Y (sky130_fd_sc_hd__xnor2_1)
                                                         _240_ (net)
                      0.089286    0.000060    3.235766 v _306_/C (sky130_fd_sc_hd__and3_1)
     2    0.006602    0.053240    0.212883    3.448649 v _306_/X (sky130_fd_sc_hd__and3_1)
                                                         _241_ (net)
                      0.053240    0.000073    3.448723 v _307_/A2 (sky130_fd_sc_hd__o21ai_2)
     6    0.021409    0.267389    0.242384    3.691107 ^ _307_/Y (sky130_fd_sc_hd__o21ai_2)
                                                         _242_ (net)
                      0.267389    0.000393    3.691500 ^ _316_/A (sky130_fd_sc_hd__nand3_1)
     4    0.010455    0.144425    0.180704    3.872204 v _316_/Y (sky130_fd_sc_hd__nand3_1)
                                                         _250_ (net)
                      0.144425    0.000125    3.872329 v _569_/B (sky130_fd_sc_hd__and3_1)
     1    0.002699    0.036218    0.202599    4.074928 v _569_/X (sky130_fd_sc_hd__and3_1)
                                                         _211_ (net)
                      0.036218    0.000015    4.074943 v _571_/A (sky130_fd_sc_hd__nor2_1)
     1    0.007449    0.151714    0.150430    4.225373 ^ _571_/Y (sky130_fd_sc_hd__nor2_1)
                                                         net28 (net)
                      0.151715    0.000200    4.225574 ^ output28/A (sky130_fd_sc_hd__buf_2)
     1    0.034012    0.169349    0.234016    4.459589 ^ output28/X (sky130_fd_sc_hd__buf_2)
                                                         y[5] (net)
                      0.169349    0.000200    4.459790 ^ y[5] (out)
                                              4.459790   data arrival time

                      0.000000   10.000000   10.000000   clock __VIRTUAL_CLK__ (rise edge)
                                  0.000000   10.000000   clock network delay (ideal)
                                 -0.250000    9.750000   clock uncertainty
                                  0.000000    9.750000   clock reconvergence pessimism
                                 -2.000000    7.750000   output external delay
                                              7.750000   data required time
---------------------------------------------------------------------------------------------
                                              7.750000   data required time
                                             -4.459790   data arrival time
---------------------------------------------------------------------------------------------
                                              3.290210   slack (MET)


Startpoint: b[0] (input port clocked by __VIRTUAL_CLK__)
Endpoint: y[4] (output port clocked by __VIRTUAL_CLK__)
Path Group: __VIRTUAL_CLK__
Path Type: max

Fanout         Cap        Slew       Delay        Time   Description
---------------------------------------------------------------------------------------------
                      0.000000    0.000000    0.000000   clock __VIRTUAL_CLK__ (rise edge)
                                  0.000000    0.000000   clock network delay (ideal)
                                  2.000000    2.000000 ^ input external delay
     1    0.002763    0.019575    0.010177    2.010177 ^ b[0] (in)
                                                         b[0] (net)
                      0.019575    0.000000    2.010177 ^ input9/A (sky130_fd_sc_hd__dlymetal6s2s_1)
     5    0.020136    0.216146    0.200236    2.210414 ^ input9/X (sky130_fd_sc_hd__dlymetal6s2s_1)
                                                         net9 (net)
                      0.216147    0.000435    2.210849 ^ fanout33/A (sky130_fd_sc_hd__buf_2)
    10    0.034902    0.173668    0.253981    2.464830 ^ fanout33/X (sky130_fd_sc_hd__buf_2)
                                                         net33 (net)
                      0.173668    0.000545    2.465375 ^ _285_/A (sky130_fd_sc_hd__and4_1)
     2    0.004797    0.071869    0.213761    2.679136 ^ _285_/X (sky130_fd_sc_hd__and4_1)
                                                         _220_ (net)
                      0.071869    0.000012    2.679148 ^ _288_/A_N (sky130_fd_sc_hd__and2b_1)
     1    0.004855    0.042202    0.186463    2.865611 v _288_/X (sky130_fd_sc_hd__and2b_1)
                                                         _223_ (net)
                      0.042202    0.000027    2.865638 v _299_/B (sky130_fd_sc_hd__xnor2_1)
     2    0.009659    0.249423    0.229059    3.094697 ^ _299_/Y (sky130_fd_sc_hd__xnor2_1)
                                                         _234_ (net)
                      0.249423    0.000200    3.094897 ^ _305_/A (sky130_fd_sc_hd__xnor2_1)
     2    0.007178    0.089286    0.140809    3.235706 v _305_/Y (sky130_fd_sc_hd__xnor2_1)
                                                         _240_ (net)
                      0.089286    0.000060    3.235766 v _306_/C (sky130_fd_sc_hd__and3_1)
     2    0.006602    0.053240    0.212883    3.448649 v _306_/X (sky130_fd_sc_hd__and3_1)
                                                         _241_ (net)
                      0.053240    0.000039    3.448688 v _308_/C (sky130_fd_sc_hd__or3_1)
     2    0.006862    0.087717    0.335709    3.784397 v _308_/X (sky130_fd_sc_hd__or3_1)
                                                         _243_ (net)
                      0.087717    0.000110    3.784507 v _316_/B (sky130_fd_sc_hd__nand3_1)
     4    0.010974    0.135512    0.152101    3.936608 ^ _316_/Y (sky130_fd_sc_hd__nand3_1)
                                                         _250_ (net)
                      0.135512    0.000062    3.936670 ^ _318_/A (sky130_fd_sc_hd__and2_1)
     1    0.009888    0.108183    0.188242    4.124912 ^ _318_/X (sky130_fd_sc_hd__and2_1)
                                                         net27 (net)
                      0.108183    0.000298    4.125209 ^ output27/A (sky130_fd_sc_hd__buf_2)
     1    0.033975    0.169052    0.220732    4.345942 ^ output27/X (sky130_fd_sc_hd__buf_2)
                                                         y[4] (net)
                      0.169052    0.000183    4.346125 ^ y[4] (out)
                                              4.346125   data arrival time

                      0.000000   10.000000   10.000000   clock __VIRTUAL_CLK__ (rise edge)
                                  0.000000   10.000000   clock network delay (ideal)
                                 -0.250000    9.750000   clock uncertainty
                                  0.000000    9.750000   clock reconvergence pessimism
                                 -2.000000    7.750000   output external delay
                                              7.750000   data required time
---------------------------------------------------------------------------------------------
                                              7.750000   data required time
                                             -4.346125   data arrival time
---------------------------------------------------------------------------------------------
                                              3.403876   slack (MET)


Startpoint: b[0] (input port clocked by __VIRTUAL_CLK__)
Endpoint: y[3] (output port clocked by __VIRTUAL_CLK__)
Path Group: __VIRTUAL_CLK__
Path Type: max

Fanout         Cap        Slew       Delay        Time   Description
---------------------------------------------------------------------------------------------
                      0.000000    0.000000    0.000000   clock __VIRTUAL_CLK__ (rise edge)
                                  0.000000    0.000000   clock network delay (ideal)
                                  2.000000    2.000000 ^ input external delay
     1    0.002763    0.019575    0.010177    2.010177 ^ b[0] (in)
                                                         b[0] (net)
                      0.019575    0.000000    2.010177 ^ input9/A (sky130_fd_sc_hd__dlymetal6s2s_1)
     5    0.020136    0.216146    0.200236    2.210414 ^ input9/X (sky130_fd_sc_hd__dlymetal6s2s_1)
                                                         net9 (net)
                      0.216147    0.000435    2.210849 ^ fanout33/A (sky130_fd_sc_hd__buf_2)
    10    0.034902    0.173668    0.253981    2.464830 ^ fanout33/X (sky130_fd_sc_hd__buf_2)
                                                         net33 (net)
                      0.173668    0.000545    2.465375 ^ _285_/A (sky130_fd_sc_hd__and4_1)
     2    0.004797    0.071869    0.213761    2.679136 ^ _285_/X (sky130_fd_sc_hd__and4_1)
                                                         _220_ (net)
                      0.071869    0.000012    2.679148 ^ _288_/A_N (sky130_fd_sc_hd__and2b_1)
     1    0.004855    0.042202    0.186463    2.865611 v _288_/X (sky130_fd_sc_hd__and2b_1)
                                                         _223_ (net)
                      0.042202    0.000027    2.865638 v _299_/B (sky130_fd_sc_hd__xnor2_1)
     2    0.009659    0.249423    0.229059    3.094697 ^ _299_/Y (sky130_fd_sc_hd__xnor2_1)
                                                         _234_ (net)
                      0.249423    0.000200    3.094897 ^ _305_/A (sky130_fd_sc_hd__xnor2_1)
     2    0.007496    0.206373    0.185493    3.280390 ^ _305_/Y (sky130_fd_sc_hd__xnor2_1)
                                                         _240_ (net)
                      0.206373    0.000081    3.280471 ^ _314_/B (sky130_fd_sc_hd__xnor2_1)
     2    0.005439    0.066848    0.109857    3.390327 v _314_/Y (sky130_fd_sc_hd__xnor2_1)
                                                         _248_ (net)
                      0.066848    0.000066    3.390393 v _315_/B (sky130_fd_sc_hd__and2_1)
     3    0.008290    0.057788    0.185695    3.576088 v _315_/X (sky130_fd_sc_hd__and2_1)
                                                         _249_ (net)
                      0.057788    0.000080    3.576168 v _577_/A (sky130_fd_sc_hd__nor2_1)
     1    0.009203    0.181048    0.180077    3.756245 ^ _577_/Y (sky130_fd_sc_hd__nor2_1)
                                                         net26 (net)
                      0.181049    0.000315    3.756561 ^ output26/A (sky130_fd_sc_hd__buf_2)
     1    0.034040    0.169519    0.242041    3.998602 ^ output26/X (sky130_fd_sc_hd__buf_2)
                                                         y[3] (net)
                      0.169519    0.000200    3.998802 ^ y[3] (out)
                                              3.998802   data arrival time

                      0.000000   10.000000   10.000000   clock __VIRTUAL_CLK__ (rise edge)
                                  0.000000   10.000000   clock network delay (ideal)
                                 -0.250000    9.750000   clock uncertainty
                                  0.000000    9.750000   clock reconvergence pessimism
                                 -2.000000    7.750000   output external delay
                                              7.750000   data required time
---------------------------------------------------------------------------------------------
                                              7.750000   data required time
                                             -3.998802   data arrival time
---------------------------------------------------------------------------------------------
                                              3.751198   slack (MET)


Startpoint: b[0] (input port clocked by __VIRTUAL_CLK__)
Endpoint: y[2] (output port clocked by __VIRTUAL_CLK__)
Path Group: __VIRTUAL_CLK__
Path Type: max

Fanout         Cap        Slew       Delay        Time   Description
---------------------------------------------------------------------------------------------
                      0.000000    0.000000    0.000000   clock __VIRTUAL_CLK__ (rise edge)
                                  0.000000    0.000000   clock network delay (ideal)
                                  2.000000    2.000000 ^ input external delay
     1    0.002763    0.019575    0.010177    2.010177 ^ b[0] (in)
                                                         b[0] (net)
                      0.019575    0.000000    2.010177 ^ input9/A (sky130_fd_sc_hd__dlymetal6s2s_1)
     5    0.020136    0.216146    0.200236    2.210414 ^ input9/X (sky130_fd_sc_hd__dlymetal6s2s_1)
                                                         net9 (net)
                      0.216147    0.000435    2.210849 ^ fanout33/A (sky130_fd_sc_hd__buf_2)
    10    0.034902    0.173668    0.253981    2.464830 ^ fanout33/X (sky130_fd_sc_hd__buf_2)
                                                         net33 (net)
                      0.173668    0.000110    2.464941 ^ _300_/A (sky130_fd_sc_hd__and4_1)
     3    0.007485    0.094808    0.235086    2.700026 ^ _300_/X (sky130_fd_sc_hd__and4_1)
                                                         _235_ (net)
                      0.094808    0.000061    2.700087 ^ _302_/A_N (sky130_fd_sc_hd__and4bb_1)
     2    0.005583    0.052212    0.201951    2.902038 v _302_/X (sky130_fd_sc_hd__and4bb_1)
                                                         _237_ (net)
                      0.052212    0.000033    2.902071 v _310_/A (sky130_fd_sc_hd__nor2_1)
     2    0.004775    0.111256    0.123458    3.025529 ^ _310_/Y (sky130_fd_sc_hd__nor2_1)
                                                         _245_ (net)
                      0.111256    0.000020    3.025549 ^ _313_/A (sky130_fd_sc_hd__and2_1)
     3    0.011256    0.120658    0.190457    3.216006 ^ _313_/X (sky130_fd_sc_hd__and2_1)
                                                         _247_ (net)
                      0.120658    0.000038    3.216043 ^ _575_/A (sky130_fd_sc_hd__nor2_1)
     1    0.002212    0.036709    0.058393    3.274436 v _575_/Y (sky130_fd_sc_hd__nor2_1)
                                                         net25 (net)
                      0.036709    0.000022    3.274459 v output25/A (sky130_fd_sc_hd__buf_2)
     1    0.034256    0.089406    0.176757    3.451216 v output25/X (sky130_fd_sc_hd__buf_2)
                                                         y[2] (net)
                      0.089407    0.000345    3.451560 v y[2] (out)
                                              3.451560   data arrival time

                      0.000000   10.000000   10.000000   clock __VIRTUAL_CLK__ (rise edge)
                                  0.000000   10.000000   clock network delay (ideal)
                                 -0.250000    9.750000   clock uncertainty
                                  0.000000    9.750000   clock reconvergence pessimism
                                 -2.000000    7.750000   output external delay
                                              7.750000   data required time
---------------------------------------------------------------------------------------------
                                              7.750000   data required time
                                             -3.451560   data arrival time
---------------------------------------------------------------------------------------------
                                              4.298440   slack (MET)


Startpoint: a[0] (input port clocked by __VIRTUAL_CLK__)
Endpoint: y[1] (output port clocked by __VIRTUAL_CLK__)
Path Group: __VIRTUAL_CLK__
Path Type: max

Fanout         Cap        Slew       Delay        Time   Description
---------------------------------------------------------------------------------------------
                      0.000000    0.000000    0.000000   clock __VIRTUAL_CLK__ (rise edge)
                                  0.000000    0.000000   clock network delay (ideal)
                                  2.000000    2.000000 v input external delay
     1    0.002373    0.007645    0.003703    2.003703 v a[0] (in)
                                                         a[0] (net)
                      0.007645    0.000000    2.003703 v input1/A (sky130_fd_sc_hd__dlymetal6s2s_1)
     4    0.018548    0.103361    0.179891    2.183594 v input1/X (sky130_fd_sc_hd__dlymetal6s2s_1)
                                                         net1 (net)
                      0.103361    0.000315    2.183908 v fanout55/A (sky130_fd_sc_hd__buf_2)
    10    0.032361    0.085414    0.202884    2.386792 v fanout55/X (sky130_fd_sc_hd__buf_2)
                                                         net55 (net)
                      0.085414    0.000186    2.386978 v _311_/A (sky130_fd_sc_hd__and2_1)
     2    0.004025    0.040041    0.155996    2.542974 v _311_/X (sky130_fd_sc_hd__and2_1)
                                                         net17 (net)
                      0.040041    0.000018    2.542991 v _312_/C (sky130_fd_sc_hd__and3_1)
     3    0.007702    0.058312    0.196083    2.739075 v _312_/X (sky130_fd_sc_hd__and3_1)
                                                         _246_ (net)
                      0.058312    0.000042    2.739117 v _573_/A (sky130_fd_sc_hd__nor2_1)
     1    0.002721    0.076612    0.100420    2.839536 ^ _573_/Y (sky130_fd_sc_hd__nor2_1)
                                                         net24 (net)
                      0.076612    0.000030    2.839566 ^ output24/A (sky130_fd_sc_hd__buf_2)
     1    0.034378    0.170787    0.210306    3.049873 ^ output24/X (sky130_fd_sc_hd__buf_2)
                                                         y[1] (net)
                      0.170787    0.000369    3.050242 ^ y[1] (out)
                                              3.050242   data arrival time

                      0.000000   10.000000   10.000000   clock __VIRTUAL_CLK__ (rise edge)
                                  0.000000   10.000000   clock network delay (ideal)
                                 -0.250000    9.750000   clock uncertainty
                                  0.000000    9.750000   clock reconvergence pessimism
                                 -2.000000    7.750000   output external delay
                                              7.750000   data required time
---------------------------------------------------------------------------------------------
                                              7.750000   data required time
                                             -3.050242   data arrival time
---------------------------------------------------------------------------------------------
                                              4.699758   slack (MET)


Startpoint: a[0] (input port clocked by __VIRTUAL_CLK__)
Endpoint: y[0] (output port clocked by __VIRTUAL_CLK__)
Path Group: __VIRTUAL_CLK__
Path Type: max

Fanout         Cap        Slew       Delay        Time   Description
---------------------------------------------------------------------------------------------
                      0.000000    0.000000    0.000000   clock __VIRTUAL_CLK__ (rise edge)
                                  0.000000    0.000000   clock network delay (ideal)
                                  2.000000    2.000000 ^ input external delay
     1    0.002531    0.018588    0.009363    2.009363 ^ a[0] (in)
                                                         a[0] (net)
                      0.018588    0.000000    2.009363 ^ input1/A (sky130_fd_sc_hd__dlymetal6s2s_1)
     4    0.019032    0.205849    0.192615    2.201978 ^ input1/X (sky130_fd_sc_hd__dlymetal6s2s_1)
                                                         net1 (net)
                      0.205850    0.000324    2.202302 ^ fanout55/A (sky130_fd_sc_hd__buf_2)
    10    0.033463    0.166980    0.246496    2.448799 ^ fanout55/X (sky130_fd_sc_hd__buf_2)
                                                         net55 (net)
                      0.166980    0.000193    2.448991 ^ _311_/A (sky130_fd_sc_hd__and2_1)
     2    0.004321    0.062891    0.157437    2.606428 ^ _311_/X (sky130_fd_sc_hd__and2_1)
                                                         net17 (net)
                      0.062891    0.000019    2.606447 ^ output17/A (sky130_fd_sc_hd__buf_2)
     1    0.034612    0.171811    0.205986    2.812432 ^ output17/X (sky130_fd_sc_hd__buf_2)
                                                         y[0] (net)
                      0.171811    0.000428    2.812860 ^ y[0] (out)
                                              2.812860   data arrival time

                      0.000000   10.000000   10.000000   clock __VIRTUAL_CLK__ (rise edge)
                                  0.000000   10.000000   clock network delay (ideal)
                                 -0.250000    9.750000   clock uncertainty
                                  0.000000    9.750000   clock reconvergence pessimism
                                 -2.000000    7.750000   output external delay
                                              7.750000   data required time
---------------------------------------------------------------------------------------------
                                              7.750000   data required time
                                             -2.812860   data arrival time
---------------------------------------------------------------------------------------------
                                              4.937140   slack (MET)



