                                                                       Cells by Function                                                                        
┏━━━━━━━━━━━━━━━━━━━━━━━━━━━━━━━━━━━━━━━━━━━━━━━━━━━━━━━━━━━━━━━━━━━━━━━━━━━━━━━━━━━━━━━━━━━━━━━━━━━━━━━━━━━━━━━━━━━━━━━━━━━━━━━━━┳━━━━━━━━━━━━━━━━━━━━━━━━━━━━┓
┃ Cell Function                                                                                                                   ┃ Count                      ┃
┡━━━━━━━━━━━━━━━━━━━━━━━━━━━━━━━━━━━━━━━━━━━━━━━━━━━━━━━━━━━━━━━━━━━━━━━━━━━━━━━━━━━━━━━━━━━━━━━━━━━━━━━━━━━━━━━━━━━━━━━━━━━━━━━━━╇━━━━━━━━━━━━━━━━━━━━━━━━━━━━┩
│ sky130_ef_sc_hd__decap                                                                                                          │ 30                         │
│ sky130_fd_sc_hd__a21bo                                                                                                          │ 1                          │
│ sky130_fd_sc_hd__a21oi                                                                                                          │ 1                          │
│ sky130_fd_sc_hd__a221o                                                                                                          │ 1                          │
│ sky130_fd_sc_hd__a22o                                                                                                           │ 3                          │
│ sky130_fd_sc_hd__a31o                                                                                                           │ 1                          │
│ sky130_fd_sc_hd__a32o                                                                                                           │ 1                          │
│ sky130_fd_sc_hd__and2                                                                                                           │ 6                          │
│ sky130_fd_sc_hd__and2b                                                                                                          │ 1                          │
│ sky130_fd_sc_hd__and3                                                                                                           │ 3                          │
│ sky130_fd_sc_hd__and4                                                                                                           │ 1                          │
│ sky130_fd_sc_hd__buf                                                                                                            │ 14                         │
│ sky130_fd_sc_hd__clkbuf                                                                                                         │ 2                          │
│ sky130_fd_sc_hd__decap                                                                                                          │ 40                         │
│ sky130_fd_sc_hd__dlymetal6s2s                                                                                                   │ 2                          │
│ sky130_fd_sc_hd__fill                                                                                                           │ 27                         │
│ sky130_fd_sc_hd__nand2                                                                                                          │ 4                          │
│ sky130_fd_sc_hd__nor2                                                                                                           │ 3                          │
│ sky130_fd_sc_hd__o21ai                                                                                                          │ 1                          │
│ sky130_fd_sc_hd__or3                                                                                                            │ 1                          │
│ sky130_fd_sc_hd__tapvpwrvgnd                                                                                                    │ 12                         │
│ sky130_fd_sc_hd__xnor2                                                                                                          │ 3                          │
│ sky130_fd_sc_hd__xor2                                                                                                           │ 1                          │
└─────────────────────────────────────────────────────────────────────────────────────────────────────────────────────────────────┴────────────────────────────┘
