
===========================================================================
 report_power
============================================================================
======================= nom_tt_025C_1v80 Corner ===================================

Group                    Internal    Switching      Leakage        Total
                            Power        Power        Power        Power (Watts)
------------------------------------------------------------------------
Sequential           0.000000e+00 0.000000e+00 0.000000e+00 0.000000e+00   0.0%
Combinational        2.080029e-04 2.543584e-04 1.593811e-09 4.623629e-04 100.0%
Clock                0.000000e+00 0.000000e+00 4.212053e-10 4.212053e-10   0.0%
Macro                0.000000e+00 0.000000e+00 0.000000e+00 0.000000e+00   0.0%
Pad                  0.000000e+00 0.000000e+00 0.000000e+00 0.000000e+00   0.0%
------------------------------------------------------------------------
Total                2.080029e-04 2.543584e-04 2.015020e-09 4.623633e-04 100.0%
                            45.0%        55.0%         0.0%
Writing metric power__internal__total: 0.00020800286438316107
Writing metric power__switching__total: 0.00025435839779675007
Writing metric power__leakage__total: 2.015019706647081e-9
Writing metric power__total: 0.00046236327034421265

