
===========================================================================
report_checks -unconstrained
===========================================================================
======================= nom_ss_100C_1v60 Corner ===================================

Startpoint: B[5] (input port clocked by __VIRTUAL_CLK__)
Endpoint: P[14] (output port clocked by __VIRTUAL_CLK__)
Path Group: __VIRTUAL_CLK__
Path Type: max

Fanout         Cap        Slew       Delay        Time   Description
---------------------------------------------------------------------------------------------
                      0.000000    0.000000    0.000000   clock __VIRTUAL_CLK__ (rise edge)
                                  0.000000    0.000000   clock network delay (ideal)
                                  2.000000    2.000000 v input external delay
    17    0.045208    0.196152    0.138543    2.138542 v B[5] (in)
                                                         B[5] (net)
                      0.196152    0.000000    2.138542 v _230_/C (sky130_fd_sc_hd__and4_2)
     6    0.018017    0.144768    0.613293    2.751836 v _230_/X (sky130_fd_sc_hd__and4_2)
                                                         _164_ (net)
                      0.144768    0.000000    2.751836 v _310_/A (sky130_fd_sc_hd__or4_2)
     3    0.005269    0.243823    1.619159    4.370995 v _310_/X (sky130_fd_sc_hd__or4_2)
                                                         _022_ (net)
                      0.243823    0.000000    4.370995 v _312_/A (sky130_fd_sc_hd__and2_2)
     2    0.010500    0.105851    0.476230    4.847225 v _312_/X (sky130_fd_sc_hd__and2_2)
                                                         _024_ (net)
                      0.105851    0.000000    4.847225 v _336_/A4 (sky130_fd_sc_hd__a41o_2)
     1    0.008431    0.095056    0.531535    5.378760 v _336_/X (sky130_fd_sc_hd__a41o_2)
                                                         _047_ (net)
                      0.095056    0.000000    5.378760 v _342_/A (sky130_fd_sc_hd__xnor2_2)
     2    0.005683    0.107984    0.253071    5.631831 v _342_/Y (sky130_fd_sc_hd__xnor2_2)
                                                         _053_ (net)
                      0.107984    0.000000    5.631831 v _350_/A (sky130_fd_sc_hd__or3_2)
     3    0.007846    0.201638    1.171089    6.802920 v _350_/X (sky130_fd_sc_hd__or3_2)
                                                         _061_ (net)
                      0.201638    0.000000    6.802920 v _353_/B1 (sky130_fd_sc_hd__a22o_2)
     3    0.010470    0.105192    0.479514    7.282434 v _353_/X (sky130_fd_sc_hd__a22o_2)
                                                         _064_ (net)
                      0.105192    0.000000    7.282434 v _355_/B (sky130_fd_sc_hd__and3_2)
     1    0.001369    0.063814    0.400707    7.683141 v _355_/X (sky130_fd_sc_hd__and3_2)
                                                         _066_ (net)
                      0.063814    0.000000    7.683141 v _358_/A (sky130_fd_sc_hd__or2_2)
     2    0.009499    0.150452    0.713973    8.397115 v _358_/X (sky130_fd_sc_hd__or2_2)
                                                         _069_ (net)
                      0.150452    0.000000    8.397115 v _383_/B (sky130_fd_sc_hd__or2_2)
     2    0.008304    0.144136    0.698365    9.095479 v _383_/X (sky130_fd_sc_hd__or2_2)
                                                         _093_ (net)
                      0.144136    0.000000    9.095479 v _424_/A2 (sky130_fd_sc_hd__o31ai_2)
     4    0.018105    0.674211    0.679500    9.774980 ^ _424_/Y (sky130_fd_sc_hd__o31ai_2)
                                                         _132_ (net)
                      0.674211    0.000000    9.774980 ^ _435_/A2 (sky130_fd_sc_hd__o211a_2)
     2    0.014074    0.173508    0.630788   10.405767 ^ _435_/X (sky130_fd_sc_hd__o211a_2)
                                                         _142_ (net)
                      0.173508    0.000000   10.405767 ^ _445_/A (sky130_fd_sc_hd__xor2_2)
     1    0.033442    0.668303    0.623233   11.029000 ^ _445_/X (sky130_fd_sc_hd__xor2_2)
                                                         P[14] (net)
                      0.668303    0.000000   11.029000 ^ P[14] (out)
                                             11.029000   data arrival time

                      0.000000   10.000000   10.000000   clock __VIRTUAL_CLK__ (rise edge)
                                  0.000000   10.000000   clock network delay (ideal)
                                 -0.250000    9.750000   clock uncertainty
                                  0.000000    9.750000   clock reconvergence pessimism
                                 -2.000000    7.750000   output external delay
                                              7.750000   data required time
---------------------------------------------------------------------------------------------
                                              7.750000   data required time
                                            -11.029000   data arrival time
---------------------------------------------------------------------------------------------
                                             -3.279000   slack (VIOLATED)




===========================================================================
report_checks --slack_max -0.01
============================================================================
======================= nom_ss_100C_1v60 Corner ===================================

Startpoint: B[5] (input port clocked by __VIRTUAL_CLK__)
Endpoint: P[14] (output port clocked by __VIRTUAL_CLK__)
Path Group: __VIRTUAL_CLK__
Path Type: max

Fanout         Cap        Slew       Delay        Time   Description
---------------------------------------------------------------------------------------------
                      0.000000    0.000000    0.000000   clock __VIRTUAL_CLK__ (rise edge)
                                  0.000000    0.000000   clock network delay (ideal)
                                  2.000000    2.000000 v input external delay
    17    0.045208    0.196152    0.138543    2.138542 v B[5] (in)
                                                         B[5] (net)
                      0.196152    0.000000    2.138542 v _230_/C (sky130_fd_sc_hd__and4_2)
     6    0.018017    0.144768    0.613293    2.751836 v _230_/X (sky130_fd_sc_hd__and4_2)
                                                         _164_ (net)
                      0.144768    0.000000    2.751836 v _310_/A (sky130_fd_sc_hd__or4_2)
     3    0.005269    0.243823    1.619159    4.370995 v _310_/X (sky130_fd_sc_hd__or4_2)
                                                         _022_ (net)
                      0.243823    0.000000    4.370995 v _312_/A (sky130_fd_sc_hd__and2_2)
     2    0.010500    0.105851    0.476230    4.847225 v _312_/X (sky130_fd_sc_hd__and2_2)
                                                         _024_ (net)
                      0.105851    0.000000    4.847225 v _336_/A4 (sky130_fd_sc_hd__a41o_2)
     1    0.008431    0.095056    0.531535    5.378760 v _336_/X (sky130_fd_sc_hd__a41o_2)
                                                         _047_ (net)
                      0.095056    0.000000    5.378760 v _342_/A (sky130_fd_sc_hd__xnor2_2)
     2    0.005683    0.107984    0.253071    5.631831 v _342_/Y (sky130_fd_sc_hd__xnor2_2)
                                                         _053_ (net)
                      0.107984    0.000000    5.631831 v _350_/A (sky130_fd_sc_hd__or3_2)
     3    0.007846    0.201638    1.171089    6.802920 v _350_/X (sky130_fd_sc_hd__or3_2)
                                                         _061_ (net)
                      0.201638    0.000000    6.802920 v _353_/B1 (sky130_fd_sc_hd__a22o_2)
     3    0.010470    0.105192    0.479514    7.282434 v _353_/X (sky130_fd_sc_hd__a22o_2)
                                                         _064_ (net)
                      0.105192    0.000000    7.282434 v _355_/B (sky130_fd_sc_hd__and3_2)
     1    0.001369    0.063814    0.400707    7.683141 v _355_/X (sky130_fd_sc_hd__and3_2)
                                                         _066_ (net)
                      0.063814    0.000000    7.683141 v _358_/A (sky130_fd_sc_hd__or2_2)
     2    0.009499    0.150452    0.713973    8.397115 v _358_/X (sky130_fd_sc_hd__or2_2)
                                                         _069_ (net)
                      0.150452    0.000000    8.397115 v _383_/B (sky130_fd_sc_hd__or2_2)
     2    0.008304    0.144136    0.698365    9.095479 v _383_/X (sky130_fd_sc_hd__or2_2)
                                                         _093_ (net)
                      0.144136    0.000000    9.095479 v _424_/A2 (sky130_fd_sc_hd__o31ai_2)
     4    0.018105    0.674211    0.679500    9.774980 ^ _424_/Y (sky130_fd_sc_hd__o31ai_2)
                                                         _132_ (net)
                      0.674211    0.000000    9.774980 ^ _435_/A2 (sky130_fd_sc_hd__o211a_2)
     2    0.014074    0.173508    0.630788   10.405767 ^ _435_/X (sky130_fd_sc_hd__o211a_2)
                                                         _142_ (net)
                      0.173508    0.000000   10.405767 ^ _445_/A (sky130_fd_sc_hd__xor2_2)
     1    0.033442    0.668303    0.623233   11.029000 ^ _445_/X (sky130_fd_sc_hd__xor2_2)
                                                         P[14] (net)
                      0.668303    0.000000   11.029000 ^ P[14] (out)
                                             11.029000   data arrival time

                      0.000000   10.000000   10.000000   clock __VIRTUAL_CLK__ (rise edge)
                                  0.000000   10.000000   clock network delay (ideal)
                                 -0.250000    9.750000   clock uncertainty
                                  0.000000    9.750000   clock reconvergence pessimism
                                 -2.000000    7.750000   output external delay
                                              7.750000   data required time
---------------------------------------------------------------------------------------------
                                              7.750000   data required time
                                            -11.029000   data arrival time
---------------------------------------------------------------------------------------------
                                             -3.279000   slack (VIOLATED)




===========================================================================
 report_check_types -max_slew -max_cap -max_fanout -violators
============================================================================
======================= nom_ss_100C_1v60 Corner ===================================

max fanout

Pin                                   Limit Fanout  Slack
---------------------------------------------------------
A[6]                                     10     19     -9 (VIOLATED)
B[7]                                     10     18     -8 (VIOLATED)
A[2]                                     10     17     -7 (VIOLATED)
B[5]                                     10     17     -7 (VIOLATED)
A[4]                                     10     16     -6 (VIOLATED)
B[1]                                     10     16     -6 (VIOLATED)
A[0]                                     10     14     -4 (VIOLATED)
B[3]                                     10     13     -3 (VIOLATED)



===========================================================================
report_parasitic_annotation -report_unannotated
============================================================================
Found 254 unannotated drivers.
 A[0]
 A[1]
 A[2]
 A[3]
 A[4]
 A[5]
 A[6]
 A[7]
 B[0]
 B[1]
 B[2]
 B[3]
 B[4]
 B[5]
 B[6]
 B[7]
 _220_/Y
 _221_/Y
 _222_/X
 _223_/Y
 _224_/X
 _225_/X
 _226_/Y
 _227_/X
 _228_/X
 _229_/Y
 _230_/X
 _231_/Y
 _232_/X
 _233_/X
 _234_/Y
 _235_/X
 _236_/X
 _237_/Y
 _238_/X
 _239_/Y
 _240_/Y
 _241_/X
 _242_/X
 _243_/X
 _244_/Y
 _245_/Y
 _246_/X
 _247_/Y
 _248_/Y
 _249_/Y
 _250_/X
 _251_/Y
 _252_/X
 _253_/Y
 _254_/X
 _255_/X
 _256_/X
 _257_/X
 _258_/X
 _259_/Y
 _260_/X
 _261_/X
 _262_/Y
 _263_/Y
 _264_/Y
 _265_/Y
 _266_/Y
 _267_/X
 _268_/X
 _269_/X
 _270_/Y
 _271_/Y
 _272_/Y
 _273_/X
 _274_/Y
 _275_/Y
 _276_/Y
 _277_/Y
 _278_/Y
 _279_/X
 _280_/Y
 _281_/Y
 _282_/X
 _283_/Y
 _284_/Y
 _285_/X
 _286_/Y
 _287_/X
 _288_/Y
 _289_/X
 _290_/Y
 _291_/Y
 _292_/X
 _293_/X
 _294_/Y
 _295_/X
 _296_/X
 _297_/Y
 _298_/Y
 _299_/X
 _300_/Y
 _301_/Y
 _302_/X
 _303_/Y
 _304_/Y
 _305_/Y
 _306_/Y
 _307_/Y
 _308_/Y
 _309_/X
 _310_/X
 _311_/Y
 _312_/X
 _313_/X
 _314_/Y
 _315_/Y
 _316_/X
 _317_/X
 _318_/X
 _319_/X
 _320_/Y
 _321_/X
 _322_/Y
 _323_/X
 _324_/Y
 _325_/Y
 _326_/X
 _327_/Y
 _328_/X
 _329_/X
 _330_/X
 _331_/Y
 _332_/X
 _333_/X
 _334_/X
 _335_/Y
 _336_/X
 _337_/Y
 _338_/Y
 _339_/X
 _340_/X
 _341_/Y
 _342_/Y
 _343_/X
 _344_/Y
 _345_/X
 _346_/Y
 _347_/Y
 _348_/Y
 _349_/X
 _350_/X
 _351_/Y
 _352_/Y
 _353_/X
 _354_/X
 _355_/X
 _356_/Y
 _357_/Y
 _358_/X
 _359_/Y
 _360_/X
 _361_/Y
 _362_/X
 _363_/X
 _364_/Y
 _365_/Y
 _366_/X
 _367_/X
 _368_/X
 _369_/X
 _370_/X
 _371_/Y
 _372_/X
 _373_/X
 _374_/X
 _375_/Y
 _376_/Y
 _377_/Y
 _378_/X
 _379_/X
 _380_/Y
 _381_/Y
 _382_/Y
 _383_/X
 _384_/X
 _385_/Y
 _386_/Y
 _387_/Y
 _388_/Y
 _389_/X
 _390_/X
 _391_/Y
 _392_/Y
 _393_/X
 _394_/Y
 _395_/X
 _396_/X
 _397_/X
 _398_/Y
 _399_/Y
 _400_/X
 _401_/Y
 _402_/X
 _403_/X
 _404_/Y
 _405_/X
 _406_/Y
 _407_/X
 _408_/X
 _409_/Y
 _410_/X
 _411_/X
 _412_/X
 _413_/X
 _414_/Y
 _415_/Y
 _416_/Y
 _417_/Y
 _418_/Y
 _419_/Y
 _420_/Y
 _421_/X
 _422_/X
 _423_/X
 _424_/Y
 _425_/Y
 _426_/X
 _427_/X
 _428_/Y
 _429_/X
 _430_/X
 _431_/X
 _432_/Y
 _433_/Y
 _434_/Y
 _435_/X
 _436_/Y
 _437_/X
 _438_/X
 _439_/Y
 _440_/X
 _441_/X
 _442_/X
 _443_/X
 _444_/X
 _445_/X
 _446_/X
 _447_/Y
 _448_/X
 _449_/X
 _450_/X
 _451_/X
 _452_/Y
 _453_/Y
 _454_/Y
 _455_/Y
 _456_/X
 _457_/X
Found 0 partially unannotated drivers.

===========================================================================
max slew violation count 0
max fanout violation count 8
max cap violation count 0
============================================================================

===========================================================================
check_setup -verbose -unconstrained_endpoints -multiple_clock -no_clock -no_input_delay -loops -generated_clocks
===========================================================================
