
===========================================================================
report_checks -path_delay min (Hold)
============================================================================
======================= min_ss_100C_1v60 Corner ===================================

Startpoint: B[1] (input port clocked by __VIRTUAL_CLK__)
Endpoint: P[3] (output port clocked by __VIRTUAL_CLK__)
Path Group: __VIRTUAL_CLK__
Path Type: min

Fanout         Cap        Slew       Delay        Time   Description
---------------------------------------------------------------------------------------------
                      0.000000    0.000000    0.000000   clock __VIRTUAL_CLK__ (rise edge)
                                  0.000000    0.000000   clock network delay (ideal)
                                  2.000000    2.000000 v input external delay
     1    0.002453    0.017148    0.008121    2.008121 v B[1] (in)
                                                         B[1] (net)
                      0.017148    0.000000    2.008121 v input4/A (sky130_fd_sc_hd__buf_1)
     4    0.010244    0.127434    0.199912    2.208033 v input4/X (sky130_fd_sc_hd__buf_1)
                                                         net4 (net)
                      0.127434    0.000063    2.208096 v _3_/A (sky130_fd_sc_hd__and3_1)
     1    0.002499    0.062278    0.313510    2.521606 v _3_/X (sky130_fd_sc_hd__and3_1)
                                                         net8 (net)
                      0.062278    0.000025    2.521632 v output8/A (sky130_fd_sc_hd__buf_2)
     1    0.033914    0.164397    0.340245    2.861876 v output8/X (sky130_fd_sc_hd__buf_2)
                                                         P[3] (net)
                      0.164397    0.000166    2.862042 v P[3] (out)
                                              2.862042   data arrival time

                      0.000000    0.000000    0.000000   clock __VIRTUAL_CLK__ (rise edge)
                                  0.000000    0.000000   clock network delay (ideal)
                                  0.250000    0.250000   clock uncertainty
                                  0.000000    0.250000   clock reconvergence pessimism
                                 -2.000000   -1.750000   output external delay
                                             -1.750000   data required time
---------------------------------------------------------------------------------------------
                                             -1.750000   data required time
                                             -2.862042   data arrival time
---------------------------------------------------------------------------------------------
                                              4.612042   slack (MET)


Startpoint: B[0] (input port clocked by __VIRTUAL_CLK__)
Endpoint: P[0] (output port clocked by __VIRTUAL_CLK__)
Path Group: __VIRTUAL_CLK__
Path Type: min

Fanout         Cap        Slew       Delay        Time   Description
---------------------------------------------------------------------------------------------
                      0.000000    0.000000    0.000000   clock __VIRTUAL_CLK__ (rise edge)
                                  0.000000    0.000000   clock network delay (ideal)
                                  2.000000    2.000000 v input external delay
     1    0.002472    0.017218    0.008179    2.008179 v B[0] (in)
                                                         B[0] (net)
                      0.017218    0.000000    2.008179 v input3/A (sky130_fd_sc_hd__buf_1)
     3    0.009586    0.120501    0.194460    2.202640 v input3/X (sky130_fd_sc_hd__buf_1)
                                                         net3 (net)
                      0.120501    0.000194    2.202834 v _2_/A (sky130_fd_sc_hd__and2_1)
     3    0.006596    0.095464    0.331929    2.534762 v _2_/X (sky130_fd_sc_hd__and2_1)
                                                         net5 (net)
                      0.095464    0.000067    2.534829 v output5/A (sky130_fd_sc_hd__buf_2)
     1    0.034027    0.164792    0.356175    2.891005 v output5/X (sky130_fd_sc_hd__buf_2)
                                                         P[0] (net)
                      0.164792    0.000200    2.891205 v P[0] (out)
                                              2.891205   data arrival time

                      0.000000    0.000000    0.000000   clock __VIRTUAL_CLK__ (rise edge)
                                  0.000000    0.000000   clock network delay (ideal)
                                  0.250000    0.250000   clock uncertainty
                                  0.000000    0.250000   clock reconvergence pessimism
                                 -2.000000   -1.750000   output external delay
                                             -1.750000   data required time
---------------------------------------------------------------------------------------------
                                             -1.750000   data required time
                                             -2.891205   data arrival time
---------------------------------------------------------------------------------------------
                                              4.641205   slack (MET)


Startpoint: A[1] (input port clocked by __VIRTUAL_CLK__)
Endpoint: P[2] (output port clocked by __VIRTUAL_CLK__)
Path Group: __VIRTUAL_CLK__
Path Type: min

Fanout         Cap        Slew       Delay        Time   Description
---------------------------------------------------------------------------------------------
                      0.000000    0.000000    0.000000   clock __VIRTUAL_CLK__ (rise edge)
                                  0.000000    0.000000   clock network delay (ideal)
                                  2.000000    2.000000 v input external delay
     1    0.002630    0.017815    0.008678    2.008677 v A[1] (in)
                                                         A[1] (net)
                      0.017815    0.000000    2.008677 v input2/A (sky130_fd_sc_hd__buf_1)
     4    0.011245    0.137538    0.208422    2.217100 v input2/X (sky130_fd_sc_hd__buf_1)
                                                         net2 (net)
                      0.137538    0.000096    2.217196 v _7_/B (sky130_fd_sc_hd__and3b_1)
     1    0.002209    0.060488    0.351515    2.568711 v _7_/X (sky130_fd_sc_hd__and3b_1)
                                                         net7 (net)
                      0.060488    0.000021    2.568732 v output7/A (sky130_fd_sc_hd__buf_2)
     1    0.033977    0.164661    0.339614    2.908346 v output7/X (sky130_fd_sc_hd__buf_2)
                                                         P[2] (net)
                      0.164661    0.000183    2.908529 v P[2] (out)
                                              2.908529   data arrival time

                      0.000000    0.000000    0.000000   clock __VIRTUAL_CLK__ (rise edge)
                                  0.000000    0.000000   clock network delay (ideal)
                                  0.250000    0.250000   clock uncertainty
                                  0.000000    0.250000   clock reconvergence pessimism
                                 -2.000000   -1.750000   output external delay
                                             -1.750000   data required time
---------------------------------------------------------------------------------------------
                                             -1.750000   data required time
                                             -2.908529   data arrival time
---------------------------------------------------------------------------------------------
                                              4.658529   slack (MET)


Startpoint: B[0] (input port clocked by __VIRTUAL_CLK__)
Endpoint: P[1] (output port clocked by __VIRTUAL_CLK__)
Path Group: __VIRTUAL_CLK__
Path Type: min

Fanout         Cap        Slew       Delay        Time   Description
---------------------------------------------------------------------------------------------
                      0.000000    0.000000    0.000000   clock __VIRTUAL_CLK__ (rise edge)
                                  0.000000    0.000000   clock network delay (ideal)
                                  2.000000    2.000000 v input external delay
     1    0.002472    0.017218    0.008179    2.008179 v B[0] (in)
                                                         B[0] (net)
                      0.017218    0.000000    2.008179 v input3/A (sky130_fd_sc_hd__buf_1)
     3    0.009586    0.120501    0.194460    2.202640 v input3/X (sky130_fd_sc_hd__buf_1)
                                                         net3 (net)
                      0.120501    0.000183    2.202822 v _4_/C1 (sky130_fd_sc_hd__o211a_1)
     1    0.002753    0.057424    0.219301    2.422124 v _4_/X (sky130_fd_sc_hd__o211a_1)
                                                         _0_ (net)
                      0.057424    0.000025    2.422149 v _6_/A (sky130_fd_sc_hd__nor2_1)
     1    0.002355    0.120147    0.150977    2.573127 ^ _6_/Y (sky130_fd_sc_hd__nor2_1)
                                                         net6 (net)
                      0.120147    0.000024    2.573150 ^ output6/A (sky130_fd_sc_hd__buf_2)
     1    0.034301    0.272419    0.367302    2.940452 ^ output6/X (sky130_fd_sc_hd__buf_2)
                                                         P[1] (net)
                      0.272419    0.000379    2.940832 ^ P[1] (out)
                                              2.940832   data arrival time

                      0.000000    0.000000    0.000000   clock __VIRTUAL_CLK__ (rise edge)
                                  0.000000    0.000000   clock network delay (ideal)
                                  0.250000    0.250000   clock uncertainty
                                  0.000000    0.250000   clock reconvergence pessimism
                                 -2.000000   -1.750000   output external delay
                                             -1.750000   data required time
---------------------------------------------------------------------------------------------
                                             -1.750000   data required time
                                             -2.940832   data arrival time
---------------------------------------------------------------------------------------------
                                              4.690832   slack (MET)



