
===========================================================================
report_checks -unconstrained
===========================================================================
======================= nom_tt_025C_1v80 Corner ===================================

Startpoint: A[0] (input port clocked by __VIRTUAL_CLK__)
Endpoint: P[5] (output port clocked by __VIRTUAL_CLK__)
Path Group: __VIRTUAL_CLK__
Path Type: max

Fanout         Cap        Slew       Delay        Time   Description
---------------------------------------------------------------------------------------------
                      0.000000    0.000000    0.000000   clock __VIRTUAL_CLK__ (rise edge)
                                  0.000000    0.000000   clock network delay (ideal)
                                  2.000000    2.000000 v input external delay
     1    0.002524    0.007988    0.003971    2.003972 v A[0] (in)
                                                         A[0] (net)
                      0.007988    0.000000    2.003972 v input1/A (sky130_fd_sc_hd__dlymetal6s2s_1)
     6    0.020112    0.110091    0.185826    2.189797 v input1/X (sky130_fd_sc_hd__dlymetal6s2s_1)
                                                         net1 (net)
                      0.110091    0.000420    2.190217 v _51_/A (sky130_fd_sc_hd__and2_1)
     4    0.012052    0.072938    0.200385    2.390602 v _51_/X (sky130_fd_sc_hd__and2_1)
                                                         _04_ (net)
                      0.072939    0.000330    2.390932 v _59_/B (sky130_fd_sc_hd__or4b_1)
     4    0.010560    0.129137    0.570737    2.961669 v _59_/X (sky130_fd_sc_hd__or4b_1)
                                                         _11_ (net)
                      0.129137    0.000341    2.962010 v _61_/B (sky130_fd_sc_hd__nand3b_1)
     5    0.012910    0.158377    0.185889    3.147899 ^ _61_/Y (sky130_fd_sc_hd__nand3b_1)
                                                         _13_ (net)
                      0.158377    0.000246    3.148145 ^ _84_/B (sky130_fd_sc_hd__and3_1)
     2    0.011624    0.127059    0.235786    3.383931 ^ _84_/X (sky130_fd_sc_hd__and3_1)
                                                         _35_ (net)
                      0.127059    0.000216    3.384147 ^ _86_/A_N (sky130_fd_sc_hd__and2b_1)
     1    0.005072    0.043148    0.202909    3.587056 v _86_/X (sky130_fd_sc_hd__and2b_1)
                                                         _37_ (net)
                      0.043148    0.000157    3.587213 v _88_/A (sky130_fd_sc_hd__xnor2_1)
     1    0.002625    0.112466    0.140586    3.727799 ^ _88_/Y (sky130_fd_sc_hd__xnor2_1)
                                                         net14 (net)
                      0.112466    0.000076    3.727875 ^ output14/A (sky130_fd_sc_hd__buf_2)
     1    0.034073    0.169628    0.222302    3.950178 ^ output14/X (sky130_fd_sc_hd__buf_2)
                                                         P[5] (net)
                      0.169628    0.000655    3.950833 ^ P[5] (out)
                                              3.950833   data arrival time

                      0.000000   10.000000   10.000000   clock __VIRTUAL_CLK__ (rise edge)
                                  0.000000   10.000000   clock network delay (ideal)
                                 -0.250000    9.750000   clock uncertainty
                                  0.000000    9.750000   clock reconvergence pessimism
                                 -2.000000    7.750000   output external delay
                                              7.750000   data required time
---------------------------------------------------------------------------------------------
                                              7.750000   data required time
                                             -3.950833   data arrival time
---------------------------------------------------------------------------------------------
                                              3.799167   slack (MET)




===========================================================================
report_checks --slack_max -0.01
============================================================================
======================= nom_tt_025C_1v80 Corner ===================================

No paths found.


===========================================================================
 report_check_types -max_slew -max_cap -max_fanout -violators
============================================================================
======================= nom_tt_025C_1v80 Corner ===================================



===========================================================================
report_parasitic_annotation -report_unannotated
============================================================================
Found 0 unannotated drivers.
Found 0 partially unannotated drivers.

===========================================================================
max slew violation count 0
max fanout violation count 0
max cap violation count 0
============================================================================

===========================================================================
check_setup -verbose -unconstrained_endpoints -multiple_clock -no_clock -no_input_delay -loops -generated_clocks
===========================================================================
