
===========================================================================
 report_power
============================================================================
======================= max_ff_n40C_1v95 Corner ===================================

Group                    Internal    Switching      Leakage        Total
                            Power        Power        Power        Power (Watts)
------------------------------------------------------------------------
Sequential           0.000000e+00 0.000000e+00 0.000000e+00 0.000000e+00   0.0%
Combinational        1.932142e-04 2.772202e-04 3.094658e-09 4.704375e-04 100.0%
Clock                -2.275316e-11 0.000000e+00 2.711197e-09 2.688444e-09   0.0%
Macro                0.000000e+00 0.000000e+00 0.000000e+00 0.000000e+00   0.0%
Pad                  0.000000e+00 0.000000e+00 0.000000e+00 0.000000e+00   0.0%
------------------------------------------------------------------------
Total                1.932142e-04 2.772202e-04 5.805860e-09 4.704402e-04 100.0%
                            41.1%        58.9%         0.0%

