
===========================================================================
report_checks -path_delay min (Hold)
============================================================================
======================= min_ff_n40C_1v95 Corner ===================================

Startpoint: A[0] (input port clocked by __VIRTUAL_CLK__)
Endpoint: P[1] (output port clocked by __VIRTUAL_CLK__)
Path Group: __VIRTUAL_CLK__
Path Type: min

Fanout         Cap        Slew       Delay        Time   Description
---------------------------------------------------------------------------------------------
                      0.000000    0.000000    0.000000   clock __VIRTUAL_CLK__ (rise edge)
                                  0.000000    0.000000   clock network delay (ideal)
                                  2.000000    2.000000 ^ input external delay
     1    0.005663    0.023910    0.014545    2.014545 ^ A[0] (in)
                                                         A[0] (net)
                      0.023910    0.000000    2.014545 ^ input1/A (sky130_fd_sc_hd__buf_6)
     2    0.020494    0.038360    0.069176    2.083721 ^ input1/X (sky130_fd_sc_hd__buf_6)
                                                         net1 (net)
                      0.038361    0.000248    2.083969 ^ fanout52/A (sky130_fd_sc_hd__buf_6)
     6    0.016792    0.033389    0.069009    2.152978 ^ fanout52/X (sky130_fd_sc_hd__buf_6)
                                                         net52 (net)
                      0.033389    0.000165    2.153143 ^ _281_/B1 (sky130_fd_sc_hd__a21o_1)
     1    0.002328    0.022495    0.044393    2.197536 ^ _281_/X (sky130_fd_sc_hd__a21o_1)
                                                         _217_ (net)
                      0.022495    0.000014    2.197550 ^ _282_/C (sky130_fd_sc_hd__and3b_1)
     1    0.002727    0.033893    0.088119    2.285669 ^ _282_/X (sky130_fd_sc_hd__and3b_1)
                                                         net23 (net)
                      0.033893    0.000030    2.285698 ^ output23/A (sky130_fd_sc_hd__buf_2)
     1    0.034095    0.127567    0.137959    2.423657 ^ output23/X (sky130_fd_sc_hd__buf_2)
                                                         P[1] (net)
                      0.127567    0.000243    2.423900 ^ P[1] (out)
                                              2.423900   data arrival time

                      0.000000    0.000000    0.000000   clock __VIRTUAL_CLK__ (rise edge)
                                  0.000000    0.000000   clock network delay (ideal)
                                  0.250000    0.250000   clock uncertainty
                                  0.000000    0.250000   clock reconvergence pessimism
                                 -2.000000   -1.750000   output external delay
                                             -1.750000   data required time
---------------------------------------------------------------------------------------------
                                             -1.750000   data required time
                                             -2.423900   data arrival time
---------------------------------------------------------------------------------------------
                                              4.173900   slack (MET)


Startpoint: A[6] (input port clocked by __VIRTUAL_CLK__)
Endpoint: P[15] (output port clocked by __VIRTUAL_CLK__)
Path Group: __VIRTUAL_CLK__
Path Type: min

Fanout         Cap        Slew       Delay        Time   Description
---------------------------------------------------------------------------------------------
                      0.000000    0.000000    0.000000   clock __VIRTUAL_CLK__ (rise edge)
                                  0.000000    0.000000   clock network delay (ideal)
                                  2.000000    2.000000 ^ input external delay
     1    0.003324    0.015794    0.008600    2.008600 ^ A[6] (in)
                                                         A[6] (net)
                      0.015794    0.000000    2.008600 ^ input7/A (sky130_fd_sc_hd__clkbuf_1)
     3    0.008419    0.079231    0.081227    2.089827 ^ input7/X (sky130_fd_sc_hd__clkbuf_1)
                                                         net7 (net)
                      0.079231    0.000112    2.089939 ^ _549_/C (sky130_fd_sc_hd__and4_1)
     2    0.005159    0.051194    0.124235    2.214174 ^ _549_/X (sky130_fd_sc_hd__and4_1)
                                                         _195_ (net)
                      0.051194    0.000058    2.214232 ^ _569_/B1 (sky130_fd_sc_hd__a211o_1)
     1    0.003841    0.032206    0.065327    2.279559 ^ _569_/X (sky130_fd_sc_hd__a211o_1)
                                                         _214_ (net)
                      0.032206    0.000044    2.279603 ^ _570_/B1 (sky130_fd_sc_hd__a21o_1)
     1    0.005469    0.041714    0.058312    2.337915 ^ _570_/X (sky130_fd_sc_hd__a21o_1)
                                                         net22 (net)
                      0.041714    0.000058    2.337973 ^ output22/A (sky130_fd_sc_hd__buf_6)
     1    0.034297    0.057482    0.088098    2.426072 ^ output22/X (sky130_fd_sc_hd__buf_6)
                                                         P[15] (net)
                      0.057484    0.000378    2.426450 ^ P[15] (out)
                                              2.426450   data arrival time

                      0.000000    0.000000    0.000000   clock __VIRTUAL_CLK__ (rise edge)
                                  0.000000    0.000000   clock network delay (ideal)
                                  0.250000    0.250000   clock uncertainty
                                  0.000000    0.250000   clock reconvergence pessimism
                                 -2.000000   -1.750000   output external delay
                                             -1.750000   data required time
---------------------------------------------------------------------------------------------
                                             -1.750000   data required time
                                             -2.426450   data arrival time
---------------------------------------------------------------------------------------------
                                              4.176450   slack (MET)


Startpoint: A[2] (input port clocked by __VIRTUAL_CLK__)
Endpoint: P[2] (output port clocked by __VIRTUAL_CLK__)
Path Group: __VIRTUAL_CLK__
Path Type: min

Fanout         Cap        Slew       Delay        Time   Description
---------------------------------------------------------------------------------------------
                      0.000000    0.000000    0.000000   clock __VIRTUAL_CLK__ (rise edge)
                                  0.000000    0.000000   clock network delay (ideal)
                                  2.000000    2.000000 v input external delay
     1    0.002768    0.004684    0.002232    2.002232 v A[2] (in)
                                                         A[2] (net)
                      0.004684    0.000000    2.002232 v input3/A (sky130_fd_sc_hd__clkbuf_2)
     5    0.027543    0.075219    0.103693    2.105925 v input3/X (sky130_fd_sc_hd__clkbuf_2)
                                                         net3 (net)
                      0.075247    0.000449    2.106374 v fanout38/A (sky130_fd_sc_hd__buf_2)
    10    0.036797    0.066675    0.138509    2.244883 v fanout38/X (sky130_fd_sc_hd__buf_2)
                                                         net38 (net)
                      0.066675    0.000075    2.244958 v _283_/B (sky130_fd_sc_hd__nand2_2)
     4    0.020151    0.083409    0.099440    2.344398 ^ _283_/Y (sky130_fd_sc_hd__nand2_2)
                                                         _218_ (net)
                      0.083416    0.000647    2.345045 ^ _292_/A (sky130_fd_sc_hd__xor2_1)
     1    0.003294    0.026500    0.045761    2.390806 v _292_/X (sky130_fd_sc_hd__xor2_1)
                                                         net24 (net)
                      0.026500    0.000050    2.390857 v output24/A (sky130_fd_sc_hd__buf_2)
     1    0.034105    0.062368    0.115920    2.506776 v output24/X (sky130_fd_sc_hd__buf_2)
                                                         P[2] (net)
                      0.062368    0.000242    2.507019 v P[2] (out)
                                              2.507019   data arrival time

                      0.000000    0.000000    0.000000   clock __VIRTUAL_CLK__ (rise edge)
                                  0.000000    0.000000   clock network delay (ideal)
                                  0.250000    0.250000   clock uncertainty
                                  0.000000    0.250000   clock reconvergence pessimism
                                 -2.000000   -1.750000   output external delay
                                             -1.750000   data required time
---------------------------------------------------------------------------------------------
                                             -1.750000   data required time
                                             -2.507019   data arrival time
---------------------------------------------------------------------------------------------
                                              4.257019   slack (MET)


Startpoint: A[4] (input port clocked by __VIRTUAL_CLK__)
Endpoint: P[4] (output port clocked by __VIRTUAL_CLK__)
Path Group: __VIRTUAL_CLK__
Path Type: min

Fanout         Cap        Slew       Delay        Time   Description
---------------------------------------------------------------------------------------------
                      0.000000    0.000000    0.000000   clock __VIRTUAL_CLK__ (rise edge)
                                  0.000000    0.000000   clock network delay (ideal)
                                  2.000000    2.000000 v input external delay
     1    0.002591    0.004425    0.002073    2.002073 v A[4] (in)
                                                         A[4] (net)
                      0.004425    0.000000    2.002073 v input5/A (sky130_fd_sc_hd__clkbuf_2)
     5    0.026851    0.073564    0.102192    2.104265 v input5/X (sky130_fd_sc_hd__clkbuf_2)
                                                         net5 (net)
                      0.073629    0.001428    2.105693 v fanout36/A (sky130_fd_sc_hd__buf_2)
    10    0.042418    0.075452    0.143981    2.249674 v fanout36/X (sky130_fd_sc_hd__buf_2)
                                                         net36 (net)
                      0.075546    0.002379    2.252053 v _310_/B (sky130_fd_sc_hd__nand2_1)
     3    0.014069    0.100564    0.113395    2.365448 ^ _310_/Y (sky130_fd_sc_hd__nand2_1)
                                                         _243_ (net)
                      0.100566    0.000398    2.365846 ^ _325_/A (sky130_fd_sc_hd__xnor2_1)
     1    0.006667    0.037130    0.064520    2.430366 v _325_/Y (sky130_fd_sc_hd__xnor2_1)
                                                         net26 (net)
                      0.037146    0.000200    2.430566 v output26/A (sky130_fd_sc_hd__buf_2)
     1    0.034319    0.062734    0.120372    2.550938 v output26/X (sky130_fd_sc_hd__buf_2)
                                                         P[4] (net)
                      0.062735    0.000357    2.551294 v P[4] (out)
                                              2.551294   data arrival time

                      0.000000    0.000000    0.000000   clock __VIRTUAL_CLK__ (rise edge)
                                  0.000000    0.000000   clock network delay (ideal)
                                  0.250000    0.250000   clock uncertainty
                                  0.000000    0.250000   clock reconvergence pessimism
                                 -2.000000   -1.750000   output external delay
                                             -1.750000   data required time
---------------------------------------------------------------------------------------------
                                             -1.750000   data required time
                                             -2.551294   data arrival time
---------------------------------------------------------------------------------------------
                                              4.301294   slack (MET)


Startpoint: A[7] (input port clocked by __VIRTUAL_CLK__)
Endpoint: P[14] (output port clocked by __VIRTUAL_CLK__)
Path Group: __VIRTUAL_CLK__
Path Type: min

Fanout         Cap        Slew       Delay        Time   Description
---------------------------------------------------------------------------------------------
                      0.000000    0.000000    0.000000   clock __VIRTUAL_CLK__ (rise edge)
                                  0.000000    0.000000   clock network delay (ideal)
                                  2.000000    2.000000 ^ input external delay
     1    0.003537    0.016562    0.009163    2.009163 ^ A[7] (in)
                                                         A[7] (net)
                      0.016562    0.000000    2.009163 ^ input8/A (sky130_fd_sc_hd__buf_1)
     4    0.014117    0.127576    0.114589    2.123752 ^ input8/X (sky130_fd_sc_hd__buf_1)
                                                         net8 (net)
                      0.127577    0.000309    2.124061 ^ _564_/A2 (sky130_fd_sc_hd__a32o_1)
     2    0.006647    0.058041    0.122017    2.246078 ^ _564_/X (sky130_fd_sc_hd__a32o_1)
                                                         _209_ (net)
                      0.058041    0.000086    2.246164 ^ _565_/B (sky130_fd_sc_hd__and2b_1)
     1    0.005323    0.044741    0.087960    2.334124 ^ _565_/X (sky130_fd_sc_hd__and2b_1)
                                                         _210_ (net)
                      0.044741    0.000059    2.334183 ^ _566_/B (sky130_fd_sc_hd__xnor2_1)
     2    0.013517    0.065951    0.071663    2.405847 v _566_/Y (sky130_fd_sc_hd__xnor2_1)
                                                         _211_ (net)
                      0.065969    0.000138    2.405985 v _568_/B (sky130_fd_sc_hd__xnor2_2)
     1    0.005021    0.027874    0.094898    2.500882 v _568_/Y (sky130_fd_sc_hd__xnor2_2)
                                                         net21 (net)
                      0.027874    0.000055    2.500937 v output21/A (sky130_fd_sc_hd__buf_6)
     1    0.034387    0.032139    0.089442    2.590380 v output21/X (sky130_fd_sc_hd__buf_6)
                                                         P[14] (net)
                      0.032144    0.000394    2.590774 v P[14] (out)
                                              2.590774   data arrival time

                      0.000000    0.000000    0.000000   clock __VIRTUAL_CLK__ (rise edge)
                                  0.000000    0.000000   clock network delay (ideal)
                                  0.250000    0.250000   clock uncertainty
                                  0.000000    0.250000   clock reconvergence pessimism
                                 -2.000000   -1.750000   output external delay
                                             -1.750000   data required time
---------------------------------------------------------------------------------------------
                                             -1.750000   data required time
                                             -2.590774   data arrival time
---------------------------------------------------------------------------------------------
                                              4.340774   slack (MET)


Startpoint: A[4] (input port clocked by __VIRTUAL_CLK__)
Endpoint: P[9] (output port clocked by __VIRTUAL_CLK__)
Path Group: __VIRTUAL_CLK__
Path Type: min

Fanout         Cap        Slew       Delay        Time   Description
---------------------------------------------------------------------------------------------
                      0.000000    0.000000    0.000000   clock __VIRTUAL_CLK__ (rise edge)
                                  0.000000    0.000000   clock network delay (ideal)
                                  2.000000    2.000000 ^ input external delay
     1    0.002820    0.013986    0.007269    2.007269 ^ A[4] (in)
                                                         A[4] (net)
                      0.013986    0.000000    2.007269 ^ input5/A (sky130_fd_sc_hd__clkbuf_2)
     5    0.027539    0.118010    0.122016    2.129286 ^ input5/X (sky130_fd_sc_hd__clkbuf_2)
                                                         net5 (net)
                      0.118032    0.001304    2.130590 ^ _433_/B (sky130_fd_sc_hd__and3_1)
     2    0.005839    0.054729    0.119556    2.250146 ^ _433_/X (sky130_fd_sc_hd__and3_1)
                                                         _084_ (net)
                      0.054729    0.000044    2.250190 ^ _476_/B (sky130_fd_sc_hd__nor2_1)
     2    0.006767    0.030180    0.036863    2.287052 v _476_/Y (sky130_fd_sc_hd__nor2_1)
                                                         _126_ (net)
                      0.030180    0.000028    2.287080 v _478_/B (sky130_fd_sc_hd__xnor2_1)
     2    0.010906    0.055841    0.103323    2.390402 v _478_/Y (sky130_fd_sc_hd__xnor2_1)
                                                         _128_ (net)
                      0.055841    0.000148    2.390550 v _480_/A (sky130_fd_sc_hd__xnor2_1)
     1    0.010807    0.055485    0.114842    2.505392 v _480_/Y (sky130_fd_sc_hd__xnor2_1)
                                                         net31 (net)
                      0.055486    0.000357    2.505749 v output31/A (sky130_fd_sc_hd__buf_6)
     1    0.034019    0.031887    0.101055    2.606803 v output31/X (sky130_fd_sc_hd__buf_6)
                                                         P[9] (net)
                      0.031888    0.000200    2.607004 v P[9] (out)
                                              2.607004   data arrival time

                      0.000000    0.000000    0.000000   clock __VIRTUAL_CLK__ (rise edge)
                                  0.000000    0.000000   clock network delay (ideal)
                                  0.250000    0.250000   clock uncertainty
                                  0.000000    0.250000   clock reconvergence pessimism
                                 -2.000000   -1.750000   output external delay
                                             -1.750000   data required time
---------------------------------------------------------------------------------------------
                                             -1.750000   data required time
                                             -2.607004   data arrival time
---------------------------------------------------------------------------------------------
                                              4.357004   slack (MET)


Startpoint: B[0] (input port clocked by __VIRTUAL_CLK__)
Endpoint: P[5] (output port clocked by __VIRTUAL_CLK__)
Path Group: __VIRTUAL_CLK__
Path Type: min

Fanout         Cap        Slew       Delay        Time   Description
---------------------------------------------------------------------------------------------
                      0.000000    0.000000    0.000000   clock __VIRTUAL_CLK__ (rise edge)
                                  0.000000    0.000000   clock network delay (ideal)
                                  2.000000    2.000000 v input external delay
     1    0.002236    0.003905    0.001764    2.001764 v B[0] (in)
                                                         B[0] (net)
                      0.003905    0.000000    2.001764 v input9/A (sky130_fd_sc_hd__dlymetal6s2s_1)
     4    0.024002    0.088781    0.131082    2.132845 v input9/X (sky130_fd_sc_hd__dlymetal6s2s_1)
                                                         net9 (net)
                      0.088791    0.000959    2.133805 v _358_/A (sky130_fd_sc_hd__nand2_1)
     1    0.003674    0.041376    0.063362    2.197166 ^ _358_/Y (sky130_fd_sc_hd__nand2_1)
                                                         _011_ (net)
                      0.041376    0.000032    2.197198 ^ _359_/A3 (sky130_fd_sc_hd__a31o_1)
     2    0.011343    0.085423    0.122694    2.319892 ^ _359_/X (sky130_fd_sc_hd__a31o_1)
                                                         _012_ (net)
                      0.085424    0.000280    2.320173 ^ _365_/A (sky130_fd_sc_hd__xnor2_1)
     2    0.011706    0.059162    0.080214    2.400387 v _365_/Y (sky130_fd_sc_hd__xnor2_1)
                                                         _018_ (net)
                      0.059162    0.000162    2.400549 v _366_/B1 (sky130_fd_sc_hd__a21oi_4)
     3    0.019271    0.090119    0.092748    2.493297 ^ _366_/Y (sky130_fd_sc_hd__a21oi_4)
                                                         _019_ (net)
                      0.090120    0.000234    2.493530 ^ _572_/A (sky130_fd_sc_hd__nor2_2)
     1    0.009456    0.025825    0.038447    2.531978 v _572_/Y (sky130_fd_sc_hd__nor2_2)
                                                         net27 (net)
                      0.025832    0.000335    2.532313 v output27/A (sky130_fd_sc_hd__buf_6)
     1    0.034454    0.032182    0.088609    2.620921 v output27/X (sky130_fd_sc_hd__buf_6)
                                                         P[5] (net)
                      0.032187    0.000401    2.621322 v P[5] (out)
                                              2.621322   data arrival time

                      0.000000    0.000000    0.000000   clock __VIRTUAL_CLK__ (rise edge)
                                  0.000000    0.000000   clock network delay (ideal)
                                  0.250000    0.250000   clock uncertainty
                                  0.000000    0.250000   clock reconvergence pessimism
                                 -2.000000   -1.750000   output external delay
                                             -1.750000   data required time
---------------------------------------------------------------------------------------------
                                             -1.750000   data required time
                                             -2.621322   data arrival time
---------------------------------------------------------------------------------------------
                                              4.371322   slack (MET)


Startpoint: A[5] (input port clocked by __VIRTUAL_CLK__)
Endpoint: P[11] (output port clocked by __VIRTUAL_CLK__)
Path Group: __VIRTUAL_CLK__
Path Type: min

Fanout         Cap        Slew       Delay        Time   Description
---------------------------------------------------------------------------------------------
                      0.000000    0.000000    0.000000   clock __VIRTUAL_CLK__ (rise edge)
                                  0.000000    0.000000   clock network delay (ideal)
                                  2.000000    2.000000 v input external delay
     1    0.002596    0.004433    0.002077    2.002077 v A[5] (in)
                                                         A[5] (net)
                      0.004433    0.000000    2.002077 v input6/A (sky130_fd_sc_hd__clkbuf_2)
     3    0.029700    0.080499    0.107592    2.109669 v input6/X (sky130_fd_sc_hd__clkbuf_2)
                                                         net6 (net)
                      0.080562    0.001512    2.111181 v _481_/B (sky130_fd_sc_hd__and3_1)
     2    0.010093    0.044614    0.145123    2.256304 v _481_/X (sky130_fd_sc_hd__and3_1)
                                                         _130_ (net)
                      0.044614    0.000214    2.256518 v _493_/A (sky130_fd_sc_hd__nand2_1)
     2    0.005895    0.047902    0.057342    2.313860 ^ _493_/Y (sky130_fd_sc_hd__nand2_1)
                                                         _142_ (net)
                      0.047902    0.000061    2.313921 ^ _521_/B (sky130_fd_sc_hd__nand3_1)
     3    0.010720    0.068541    0.073452    2.387374 v _521_/Y (sky130_fd_sc_hd__nand3_1)
                                                         _169_ (net)
                      0.068541    0.000122    2.387496 v _522_/B (sky130_fd_sc_hd__nand2b_1)
     1    0.009812    0.084887    0.096130    2.483625 ^ _522_/Y (sky130_fd_sc_hd__nand2b_1)
                                                         _170_ (net)
                      0.084887    0.000114    2.483739 ^ _524_/A (sky130_fd_sc_hd__xnor2_2)
     1    0.007808    0.033327    0.053475    2.537214 v _524_/Y (sky130_fd_sc_hd__xnor2_2)
                                                         net18 (net)
                      0.033327    0.000199    2.537413 v output18/A (sky130_fd_sc_hd__buf_6)
     1    0.033937    0.031885    0.091627    2.629040 v output18/X (sky130_fd_sc_hd__buf_6)
                                                         P[11] (net)
                      0.031886    0.000174    2.629214 v P[11] (out)
                                              2.629214   data arrival time

                      0.000000    0.000000    0.000000   clock __VIRTUAL_CLK__ (rise edge)
                                  0.000000    0.000000   clock network delay (ideal)
                                  0.250000    0.250000   clock uncertainty
                                  0.000000    0.250000   clock reconvergence pessimism
                                 -2.000000   -1.750000   output external delay
                                             -1.750000   data required time
---------------------------------------------------------------------------------------------
                                             -1.750000   data required time
                                             -2.629214   data arrival time
---------------------------------------------------------------------------------------------
                                              4.379214   slack (MET)


Startpoint: B[0] (input port clocked by __VIRTUAL_CLK__)
Endpoint: P[6] (output port clocked by __VIRTUAL_CLK__)
Path Group: __VIRTUAL_CLK__
Path Type: min

Fanout         Cap        Slew       Delay        Time   Description
---------------------------------------------------------------------------------------------
                      0.000000    0.000000    0.000000   clock __VIRTUAL_CLK__ (rise edge)
                                  0.000000    0.000000   clock network delay (ideal)
                                  2.000000    2.000000 v input external delay
     1    0.002236    0.003905    0.001764    2.001764 v B[0] (in)
                                                         B[0] (net)
                      0.003905    0.000000    2.001764 v input9/A (sky130_fd_sc_hd__dlymetal6s2s_1)
     4    0.024002    0.088781    0.131082    2.132845 v input9/X (sky130_fd_sc_hd__dlymetal6s2s_1)
                                                         net9 (net)
                      0.088791    0.000959    2.133805 v _358_/A (sky130_fd_sc_hd__nand2_1)
     1    0.003674    0.041376    0.063362    2.197166 ^ _358_/Y (sky130_fd_sc_hd__nand2_1)
                                                         _011_ (net)
                      0.041376    0.000032    2.197198 ^ _359_/A3 (sky130_fd_sc_hd__a31o_1)
     2    0.011343    0.085423    0.122694    2.319892 ^ _359_/X (sky130_fd_sc_hd__a31o_1)
                                                         _012_ (net)
                      0.085424    0.000280    2.320173 ^ _365_/A (sky130_fd_sc_hd__xnor2_1)
     2    0.011706    0.059162    0.080214    2.400387 v _365_/Y (sky130_fd_sc_hd__xnor2_1)
                                                         _018_ (net)
                      0.059162    0.000162    2.400549 v _366_/B1 (sky130_fd_sc_hd__a21oi_4)
     3    0.019271    0.090119    0.092748    2.493297 ^ _366_/Y (sky130_fd_sc_hd__a21oi_4)
                                                         _019_ (net)
                      0.090122    0.000428    2.493725 ^ _367_/B (sky130_fd_sc_hd__xor2_2)
     1    0.009575    0.033073    0.055126    2.548851 v _367_/X (sky130_fd_sc_hd__xor2_2)
                                                         net28 (net)
                      0.033084    0.000349    2.549200 v output28/A (sky130_fd_sc_hd__buf_6)
     1    0.034702    0.032294    0.091778    2.640978 v output28/X (sky130_fd_sc_hd__buf_6)
                                                         P[6] (net)
                      0.032301    0.000461    2.641439 v P[6] (out)
                                              2.641439   data arrival time

                      0.000000    0.000000    0.000000   clock __VIRTUAL_CLK__ (rise edge)
                                  0.000000    0.000000   clock network delay (ideal)
                                  0.250000    0.250000   clock uncertainty
                                  0.000000    0.250000   clock reconvergence pessimism
                                 -2.000000   -1.750000   output external delay
                                             -1.750000   data required time
---------------------------------------------------------------------------------------------
                                             -1.750000   data required time
                                             -2.641439   data arrival time
---------------------------------------------------------------------------------------------
                                              4.391439   slack (MET)


Startpoint: B[4] (input port clocked by __VIRTUAL_CLK__)
Endpoint: P[13] (output port clocked by __VIRTUAL_CLK__)
Path Group: __VIRTUAL_CLK__
Path Type: min

Fanout         Cap        Slew       Delay        Time   Description
---------------------------------------------------------------------------------------------
                      0.000000    0.000000    0.000000   clock __VIRTUAL_CLK__ (rise edge)
                                  0.000000    0.000000   clock network delay (ideal)
                                  2.000000    2.000000 v input external delay
     1    0.002560    0.004381    0.002046    2.002046 v B[4] (in)
                                                         B[4] (net)
                      0.004381    0.000000    2.002046 v input13/A (sky130_fd_sc_hd__clkbuf_2)
     4    0.030683    0.083023    0.109039    2.111085 v input13/X (sky130_fd_sc_hd__clkbuf_2)
                                                         net13 (net)
                      0.083152    0.002714    2.113799 v _503_/A1 (sky130_fd_sc_hd__a21oi_1)
     1    0.002352    0.044932    0.094367    2.208166 ^ _503_/Y (sky130_fd_sc_hd__a21oi_1)
                                                         _151_ (net)
                      0.044932    0.000023    2.208189 ^ _504_/C (sky130_fd_sc_hd__or3_1)
     3    0.009121    0.068690    0.093459    2.301648 ^ _504_/X (sky130_fd_sc_hd__or3_1)
                                                         _152_ (net)
                      0.068690    0.000192    2.301840 ^ _537_/A (sky130_fd_sc_hd__or3_2)
     3    0.014168    0.058163    0.107472    2.409312 ^ _537_/X (sky130_fd_sc_hd__or3_2)
                                                         _184_ (net)
                      0.058164    0.000303    2.409616 ^ _559_/A (sky130_fd_sc_hd__xor2_1)
     2    0.005629    0.032955    0.050388    2.460003 v _559_/X (sky130_fd_sc_hd__xor2_1)
                                                         _205_ (net)
                      0.032955    0.000053    2.460056 v _561_/B (sky130_fd_sc_hd__nor2_1)
     1    0.002965    0.055038    0.057022    2.517078 ^ _561_/Y (sky130_fd_sc_hd__nor2_1)
                                                         _207_ (net)
                      0.055038    0.000031    2.517109 ^ _562_/A2 (sky130_fd_sc_hd__a21oi_1)
     1    0.004717    0.033238    0.047049    2.564157 v _562_/Y (sky130_fd_sc_hd__a21oi_1)
                                                         net20 (net)
                      0.033238    0.000089    2.564246 v output20/A (sky130_fd_sc_hd__buf_4)
     1    0.034969    0.043334    0.112661    2.676907 v output20/X (sky130_fd_sc_hd__buf_4)
                                                         P[13] (net)
                      0.043339    0.000502    2.677409 v P[13] (out)
                                              2.677409   data arrival time

                      0.000000    0.000000    0.000000   clock __VIRTUAL_CLK__ (rise edge)
                                  0.000000    0.000000   clock network delay (ideal)
                                  0.250000    0.250000   clock uncertainty
                                  0.000000    0.250000   clock reconvergence pessimism
                                 -2.000000   -1.750000   output external delay
                                             -1.750000   data required time
---------------------------------------------------------------------------------------------
                                             -1.750000   data required time
                                             -2.677409   data arrival time
---------------------------------------------------------------------------------------------
                                              4.427409   slack (MET)


Startpoint: A[0] (input port clocked by __VIRTUAL_CLK__)
Endpoint: P[7] (output port clocked by __VIRTUAL_CLK__)
Path Group: __VIRTUAL_CLK__
Path Type: min

Fanout         Cap        Slew       Delay        Time   Description
---------------------------------------------------------------------------------------------
                      0.000000    0.000000    0.000000   clock __VIRTUAL_CLK__ (rise edge)
                                  0.000000    0.000000   clock network delay (ideal)
                                  2.000000    2.000000 v input external delay
     1    0.005175    0.008494    0.004433    2.004433 v A[0] (in)
                                                         A[0] (net)
                      0.008494    0.000000    2.004433 v input1/A (sky130_fd_sc_hd__buf_6)
     2    0.019777    0.024903    0.073281    2.077714 v input1/X (sky130_fd_sc_hd__buf_6)
                                                         net1 (net)
                      0.024940    0.000861    2.078575 v fanout53/A (sky130_fd_sc_hd__clkbuf_2)
     7    0.021683    0.060755    0.101192    2.179767 v fanout53/X (sky130_fd_sc_hd__clkbuf_2)
                                                         net53 (net)
                      0.060757    0.000421    2.180188 v _353_/A (sky130_fd_sc_hd__nand4_2)
     3    0.009840    0.054693    0.070814    2.251003 ^ _353_/Y (sky130_fd_sc_hd__nand4_2)
                                                         _006_ (net)
                      0.054693    0.000094    2.251096 ^ _361_/A2 (sky130_fd_sc_hd__a32o_1)
     2    0.007368    0.062898    0.112858    2.363955 ^ _361_/X (sky130_fd_sc_hd__a32o_1)
                                                         _014_ (net)
                      0.062898    0.000113    2.364068 ^ _363_/B1 (sky130_fd_sc_hd__a21o_1)
     2    0.005150    0.039895    0.061214    2.425282 ^ _363_/X (sky130_fd_sc_hd__a21o_1)
                                                         _016_ (net)
                      0.039895    0.000040    2.425322 ^ _404_/A1 (sky130_fd_sc_hd__a21o_1)
     2    0.009913    0.069685    0.095804    2.521126 ^ _404_/X (sky130_fd_sc_hd__a21o_1)
                                                         _056_ (net)
                      0.069707    0.000147    2.521273 ^ _405_/B (sky130_fd_sc_hd__xor2_1)
     1    0.008391    0.040387    0.058028    2.579301 v _405_/X (sky130_fd_sc_hd__xor2_1)
                                                         net29 (net)
                      0.040388    0.000315    2.579616 v output29/A (sky130_fd_sc_hd__buf_4)
     1    0.034354    0.042869    0.115203    2.694819 v output29/X (sky130_fd_sc_hd__buf_4)
                                                         P[7] (net)
                      0.042872    0.000377    2.695196 v P[7] (out)
                                              2.695196   data arrival time

                      0.000000    0.000000    0.000000   clock __VIRTUAL_CLK__ (rise edge)
                                  0.000000    0.000000   clock network delay (ideal)
                                  0.250000    0.250000   clock uncertainty
                                  0.000000    0.250000   clock reconvergence pessimism
                                 -2.000000   -1.750000   output external delay
                                             -1.750000   data required time
---------------------------------------------------------------------------------------------
                                             -1.750000   data required time
                                             -2.695196   data arrival time
---------------------------------------------------------------------------------------------
                                              4.445196   slack (MET)


Startpoint: A[5] (input port clocked by __VIRTUAL_CLK__)
Endpoint: P[10] (output port clocked by __VIRTUAL_CLK__)
Path Group: __VIRTUAL_CLK__
Path Type: min

Fanout         Cap        Slew       Delay        Time   Description
---------------------------------------------------------------------------------------------
                      0.000000    0.000000    0.000000   clock __VIRTUAL_CLK__ (rise edge)
                                  0.000000    0.000000   clock network delay (ideal)
                                  2.000000    2.000000 ^ input external delay
     1    0.002825    0.014005    0.007283    2.007283 ^ A[5] (in)
                                                         A[5] (net)
                      0.014005    0.000000    2.007283 ^ input6/A (sky130_fd_sc_hd__clkbuf_2)
     3    0.030042    0.127812    0.128938    2.136221 ^ input6/X (sky130_fd_sc_hd__clkbuf_2)
                                                         net6 (net)
                      0.127839    0.001533    2.137753 ^ _481_/B (sky130_fd_sc_hd__and3_1)
     2    0.010547    0.085863    0.145565    2.283318 ^ _481_/X (sky130_fd_sc_hd__and3_1)
                                                         _130_ (net)
                      0.085863    0.000217    2.283535 ^ _494_/A (sky130_fd_sc_hd__xnor2_1)
     2    0.007869    0.043303    0.066503    2.350038 v _494_/Y (sky130_fd_sc_hd__xnor2_1)
                                                         _143_ (net)
                      0.043303    0.000101    2.350140 v _496_/B1 (sky130_fd_sc_hd__a21oi_2)
     3    0.012503    0.092863    0.089184    2.439323 ^ _496_/Y (sky130_fd_sc_hd__a21oi_2)
                                                         _145_ (net)
                      0.092864    0.000161    2.439485 ^ _497_/A (sky130_fd_sc_hd__inv_2)
     1    0.002392    0.019414    0.012745    2.452229 v _497_/Y (sky130_fd_sc_hd__inv_2)
                                                         _146_ (net)
                      0.019414    0.000010    2.452240 v _498_/B (sky130_fd_sc_hd__nand2_1)
     1    0.017506    0.124287    0.105900    2.558139 ^ _498_/Y (sky130_fd_sc_hd__nand2_1)
                                                         _147_ (net)
                      0.124287    0.000150    2.558289 ^ _501_/A (sky130_fd_sc_hd__xnor2_4)
     1    0.008693    0.030324    0.054265    2.612555 v _501_/Y (sky130_fd_sc_hd__xnor2_4)
                                                         net17 (net)
                      0.030333    0.000203    2.612758 v output17/A (sky130_fd_sc_hd__buf_6)
     1    0.033887    0.031868    0.090338    2.703095 v output17/X (sky130_fd_sc_hd__buf_6)
                                                         P[10] (net)
                      0.031868    0.000165    2.703260 v P[10] (out)
                                              2.703260   data arrival time

                      0.000000    0.000000    0.000000   clock __VIRTUAL_CLK__ (rise edge)
                                  0.000000    0.000000   clock network delay (ideal)
                                  0.250000    0.250000   clock uncertainty
                                  0.000000    0.250000   clock reconvergence pessimism
                                 -2.000000   -1.750000   output external delay
                                             -1.750000   data required time
---------------------------------------------------------------------------------------------
                                             -1.750000   data required time
                                             -2.703260   data arrival time
---------------------------------------------------------------------------------------------
                                              4.453260   slack (MET)


Startpoint: A[5] (input port clocked by __VIRTUAL_CLK__)
Endpoint: P[12] (output port clocked by __VIRTUAL_CLK__)
Path Group: __VIRTUAL_CLK__
Path Type: min

Fanout         Cap        Slew       Delay        Time   Description
---------------------------------------------------------------------------------------------
                      0.000000    0.000000    0.000000   clock __VIRTUAL_CLK__ (rise edge)
                                  0.000000    0.000000   clock network delay (ideal)
                                  2.000000    2.000000 v input external delay
     1    0.002596    0.004433    0.002077    2.002077 v A[5] (in)
                                                         A[5] (net)
                      0.004433    0.000000    2.002077 v input6/A (sky130_fd_sc_hd__clkbuf_2)
     3    0.029700    0.080499    0.107592    2.109669 v input6/X (sky130_fd_sc_hd__clkbuf_2)
                                                         net6 (net)
                      0.080562    0.001512    2.111181 v _481_/B (sky130_fd_sc_hd__and3_1)
     2    0.010093    0.044614    0.145123    2.256304 v _481_/X (sky130_fd_sc_hd__and3_1)
                                                         _130_ (net)
                      0.044614    0.000214    2.256518 v _493_/A (sky130_fd_sc_hd__nand2_1)
     2    0.005895    0.047902    0.057342    2.313860 ^ _493_/Y (sky130_fd_sc_hd__nand2_1)
                                                         _142_ (net)
                      0.047902    0.000061    2.313921 ^ _521_/B (sky130_fd_sc_hd__nand3_1)
     3    0.010720    0.068541    0.073452    2.387374 v _521_/Y (sky130_fd_sc_hd__nand3_1)
                                                         _169_ (net)
                      0.068541    0.000159    2.387533 v _544_/C1 (sky130_fd_sc_hd__o221a_4)
     3    0.010633    0.021220    0.090997    2.478530 v _544_/X (sky130_fd_sc_hd__o221a_4)
                                                         _191_ (net)
                      0.021224    0.000295    2.478825 v _545_/B (sky130_fd_sc_hd__nand2_1)
     2    0.006240    0.049499    0.054749    2.533574 ^ _545_/Y (sky130_fd_sc_hd__nand2_1)
                                                         _192_ (net)
                      0.049499    0.000066    2.533640 ^ _547_/A (sky130_fd_sc_hd__and2_4)
     1    0.006529    0.027795    0.084314    2.617953 ^ _547_/X (sky130_fd_sc_hd__and2_4)
                                                         net19 (net)
                      0.027800    0.000110    2.618063 ^ output19/A (sky130_fd_sc_hd__buf_6)
     1    0.034697    0.057982    0.084849    2.702912 ^ output19/X (sky130_fd_sc_hd__buf_6)
                                                         P[12] (net)
                      0.057985    0.000464    2.703376 ^ P[12] (out)
                                              2.703376   data arrival time

                      0.000000    0.000000    0.000000   clock __VIRTUAL_CLK__ (rise edge)
                                  0.000000    0.000000   clock network delay (ideal)
                                  0.250000    0.250000   clock uncertainty
                                  0.000000    0.250000   clock reconvergence pessimism
                                 -2.000000   -1.750000   output external delay
                                             -1.750000   data required time
---------------------------------------------------------------------------------------------
                                             -1.750000   data required time
                                             -2.703376   data arrival time
---------------------------------------------------------------------------------------------
                                              4.453376   slack (MET)


Startpoint: A[2] (input port clocked by __VIRTUAL_CLK__)
Endpoint: P[3] (output port clocked by __VIRTUAL_CLK__)
Path Group: __VIRTUAL_CLK__
Path Type: min

Fanout         Cap        Slew       Delay        Time   Description
---------------------------------------------------------------------------------------------
                      0.000000    0.000000    0.000000   clock __VIRTUAL_CLK__ (rise edge)
                                  0.000000    0.000000   clock network delay (ideal)
                                  2.000000    2.000000 v input external delay
     1    0.002768    0.004684    0.002232    2.002232 v A[2] (in)
                                                         A[2] (net)
                      0.004684    0.000000    2.002232 v input3/A (sky130_fd_sc_hd__clkbuf_2)
     5    0.027543    0.075219    0.103693    2.105925 v input3/X (sky130_fd_sc_hd__clkbuf_2)
                                                         net3 (net)
                      0.075247    0.000449    2.106374 v fanout38/A (sky130_fd_sc_hd__buf_2)
    10    0.036797    0.066675    0.138509    2.244883 v fanout38/X (sky130_fd_sc_hd__buf_2)
                                                         net38 (net)
                      0.066675    0.000075    2.244958 v _283_/B (sky130_fd_sc_hd__nand2_2)
     4    0.020151    0.083409    0.099440    2.344398 ^ _283_/Y (sky130_fd_sc_hd__nand2_2)
                                                         _218_ (net)
                      0.083414    0.000552    2.344950 ^ _291_/A (sky130_fd_sc_hd__or3b_4)
     4    0.015634    0.048979    0.108479    2.453429 ^ _291_/X (sky130_fd_sc_hd__or3b_4)
                                                         _226_ (net)
                      0.048983    0.000477    2.453906 ^ _308_/B1 (sky130_fd_sc_hd__o21ai_1)
     1    0.003320    0.024083    0.028375    2.482281 v _308_/Y (sky130_fd_sc_hd__o21ai_1)
                                                         _242_ (net)
                      0.024083    0.000049    2.482330 v _309_/B (sky130_fd_sc_hd__and2_1)
     1    0.007262    0.036618    0.106783    2.589113 v _309_/X (sky130_fd_sc_hd__and2_1)
                                                         net25 (net)
                      0.036618    0.000221    2.589334 v output25/A (sky130_fd_sc_hd__buf_2)
     1    0.034319    0.062734    0.120160    2.709494 v output25/X (sky130_fd_sc_hd__buf_2)
                                                         P[3] (net)
                      0.062735    0.000357    2.709851 v P[3] (out)
                                              2.709851   data arrival time

                      0.000000    0.000000    0.000000   clock __VIRTUAL_CLK__ (rise edge)
                                  0.000000    0.000000   clock network delay (ideal)
                                  0.250000    0.250000   clock uncertainty
                                  0.000000    0.250000   clock reconvergence pessimism
                                 -2.000000   -1.750000   output external delay
                                             -1.750000   data required time
---------------------------------------------------------------------------------------------
                                             -1.750000   data required time
                                             -2.709851   data arrival time
---------------------------------------------------------------------------------------------
                                              4.459850   slack (MET)


Startpoint: A[4] (input port clocked by __VIRTUAL_CLK__)
Endpoint: P[8] (output port clocked by __VIRTUAL_CLK__)
Path Group: __VIRTUAL_CLK__
Path Type: min

Fanout         Cap        Slew       Delay        Time   Description
---------------------------------------------------------------------------------------------
                      0.000000    0.000000    0.000000   clock __VIRTUAL_CLK__ (rise edge)
                                  0.000000    0.000000   clock network delay (ideal)
                                  2.000000    2.000000 v input external delay
     1    0.002591    0.004425    0.002073    2.002073 v A[4] (in)
                                                         A[4] (net)
                      0.004425    0.000000    2.002073 v input5/A (sky130_fd_sc_hd__clkbuf_2)
     5    0.026851    0.073564    0.102192    2.104265 v input5/X (sky130_fd_sc_hd__clkbuf_2)
                                                         net5 (net)
                      0.073629    0.001428    2.105693 v fanout36/A (sky130_fd_sc_hd__buf_2)
    10    0.042418    0.075452    0.143981    2.249674 v fanout36/X (sky130_fd_sc_hd__buf_2)
                                                         net36 (net)
                      0.075452    0.000318    2.249992 v _432_/B (sky130_fd_sc_hd__nand2_1)
     2    0.007464    0.060106    0.082815    2.332807 ^ _432_/Y (sky130_fd_sc_hd__nand2_1)
                                                         _083_ (net)
                      0.060106    0.000063    2.332870 ^ _434_/B (sky130_fd_sc_hd__xor2_1)
     2    0.004756    0.030373    0.044277    2.377147 v _434_/X (sky130_fd_sc_hd__xor2_1)
                                                         _085_ (net)
                      0.030373    0.000074    2.377221 v _436_/C_N (sky130_fd_sc_hd__or3b_1)
     1    0.002100    0.023490    0.098256    2.475477 ^ _436_/X (sky130_fd_sc_hd__or3b_1)
                                                         _087_ (net)
                      0.023490    0.000010    2.475487 ^ _437_/B (sky130_fd_sc_hd__and2b_1)
     3    0.013990    0.100240    0.120988    2.596475 ^ _437_/X (sky130_fd_sc_hd__and2b_1)
                                                         _088_ (net)
                      0.100240    0.000124    2.596599 ^ _439_/A (sky130_fd_sc_hd__xor2_1)
     1    0.007510    0.038014    0.064593    2.661192 v _439_/X (sky130_fd_sc_hd__xor2_1)
                                                         net30 (net)
                      0.038014    0.000229    2.661421 v output30/A (sky130_fd_sc_hd__buf_4)
     1    0.034030    0.042545    0.114100    2.775521 v output30/X (sky130_fd_sc_hd__buf_4)
                                                         P[8] (net)
                      0.042545    0.000185    2.775706 v P[8] (out)
                                              2.775706   data arrival time

                      0.000000    0.000000    0.000000   clock __VIRTUAL_CLK__ (rise edge)
                                  0.000000    0.000000   clock network delay (ideal)
                                  0.250000    0.250000   clock uncertainty
                                  0.000000    0.250000   clock reconvergence pessimism
                                 -2.000000   -1.750000   output external delay
                                             -1.750000   data required time
---------------------------------------------------------------------------------------------
                                             -1.750000   data required time
                                             -2.775706   data arrival time
---------------------------------------------------------------------------------------------
                                              4.525705   slack (MET)



