
===========================================================================
report_checks -path_delay min (Hold)
============================================================================
======================= nom_tt_025C_1v80 Corner ===================================

Startpoint: A[0] (input port clocked by __VIRTUAL_CLK__)
Endpoint: P[0] (output port clocked by __VIRTUAL_CLK__)
Path Group: __VIRTUAL_CLK__
Path Type: min

Fanout         Cap        Slew       Delay        Time   Description
---------------------------------------------------------------------------------------------
                      0.000000    0.000000    0.000000   clock __VIRTUAL_CLK__ (rise edge)
                                  0.000000    0.000000   clock network delay (ideal)
                                  2.000000    2.000000 v input external delay
     1    0.003178    0.009511    0.005081    2.005081 v A[0] (in)
                                                         A[0] (net)
                      0.009511    0.000000    2.005081 v input1/A (sky130_fd_sc_hd__clkbuf_2)
     8    0.020578    0.083952    0.135546    2.140627 v input1/X (sky130_fd_sc_hd__clkbuf_2)
                                                         net1 (net)
                      0.083955    0.000565    2.141191 v _052_/A (sky130_fd_sc_hd__inv_2)
     3    0.009850    0.055601    0.079502    2.220694 ^ _052_/Y (sky130_fd_sc_hd__inv_2)
                                                         _001_ (net)
                      0.055601    0.000251    2.220944 ^ _057_/B (sky130_fd_sc_hd__nor2_1)
     1    0.002118    0.020756    0.036265    2.257209 v _057_/Y (sky130_fd_sc_hd__nor2_1)
                                                         net9 (net)
                      0.020756    0.000044    2.257254 v output9/A (sky130_fd_sc_hd__buf_2)
     1    0.034567    0.090403    0.170078    2.427332 v output9/X (sky130_fd_sc_hd__buf_2)
                                                         P[0] (net)
                      0.090412    0.000905    2.428236 v P[0] (out)
                                              2.428236   data arrival time

                      0.000000    0.000000    0.000000   clock __VIRTUAL_CLK__ (rise edge)
                                  0.000000    0.000000   clock network delay (ideal)
                                  0.250000    0.250000   clock uncertainty
                                  0.000000    0.250000   clock reconvergence pessimism
                                 -2.000000   -1.750000   output external delay
                                             -1.750000   data required time
---------------------------------------------------------------------------------------------
                                             -1.750000   data required time
                                             -2.428236   data arrival time
---------------------------------------------------------------------------------------------
                                              4.178236   slack (MET)


Startpoint: A[0] (input port clocked by __VIRTUAL_CLK__)
Endpoint: P[2] (output port clocked by __VIRTUAL_CLK__)
Path Group: __VIRTUAL_CLK__
Path Type: min

Fanout         Cap        Slew       Delay        Time   Description
---------------------------------------------------------------------------------------------
                      0.000000    0.000000    0.000000   clock __VIRTUAL_CLK__ (rise edge)
                                  0.000000    0.000000   clock network delay (ideal)
                                  2.000000    2.000000 v input external delay
     1    0.003178    0.009511    0.005081    2.005081 v A[0] (in)
                                                         A[0] (net)
                      0.009511    0.000000    2.005081 v input1/A (sky130_fd_sc_hd__clkbuf_2)
     8    0.020578    0.083952    0.135546    2.140627 v input1/X (sky130_fd_sc_hd__clkbuf_2)
                                                         net1 (net)
                      0.083955    0.000574    2.141201 v _063_/A (sky130_fd_sc_hd__nand2_1)
     3    0.009899    0.098835    0.115431    2.256632 ^ _063_/Y (sky130_fd_sc_hd__nand2_1)
                                                         _010_ (net)
                      0.098868    0.000266    2.256898 ^ _065_/B (sky130_fd_sc_hd__xnor2_1)
     1    0.002125    0.032739    0.065219    2.322117 v _065_/Y (sky130_fd_sc_hd__xnor2_1)
                                                         net11 (net)
                      0.032739    0.000045    2.322162 v output11/A (sky130_fd_sc_hd__buf_2)
     1    0.034712    0.090690    0.175407    2.497569 v output11/X (sky130_fd_sc_hd__buf_2)
                                                         P[2] (net)
                      0.090700    0.000960    2.498529 v P[2] (out)
                                              2.498529   data arrival time

                      0.000000    0.000000    0.000000   clock __VIRTUAL_CLK__ (rise edge)
                                  0.000000    0.000000   clock network delay (ideal)
                                  0.250000    0.250000   clock uncertainty
                                  0.000000    0.250000   clock reconvergence pessimism
                                 -2.000000   -1.750000   output external delay
                                             -1.750000   data required time
---------------------------------------------------------------------------------------------
                                             -1.750000   data required time
                                             -2.498529   data arrival time
---------------------------------------------------------------------------------------------
                                              4.248529   slack (MET)


Startpoint: A[0] (input port clocked by __VIRTUAL_CLK__)
Endpoint: P[1] (output port clocked by __VIRTUAL_CLK__)
Path Group: __VIRTUAL_CLK__
Path Type: min

Fanout         Cap        Slew       Delay        Time   Description
---------------------------------------------------------------------------------------------
                      0.000000    0.000000    0.000000   clock __VIRTUAL_CLK__ (rise edge)
                                  0.000000    0.000000   clock network delay (ideal)
                                  2.000000    2.000000 ^ input external delay
     1    0.003408    0.022367    0.012458    2.012458 ^ A[0] (in)
                                                         A[0] (net)
                      0.022367    0.000000    2.012458 ^ input1/A (sky130_fd_sc_hd__clkbuf_2)
     8    0.021657    0.123165    0.153016    2.165474 ^ input1/X (sky130_fd_sc_hd__clkbuf_2)
                                                         net1 (net)
                      0.123166    0.000607    2.166080 ^ _061_/A1 (sky130_fd_sc_hd__o211a_1)
     1    0.002729    0.039812    0.164171    2.330251 ^ _061_/X (sky130_fd_sc_hd__o211a_1)
                                                         net10 (net)
                      0.039812    0.000086    2.330338 ^ output10/A (sky130_fd_sc_hd__buf_2)
     1    0.034526    0.171402    0.196671    2.527009 ^ output10/X (sky130_fd_sc_hd__buf_2)
                                                         P[1] (net)
                      0.171457    0.000896    2.527905 ^ P[1] (out)
                                              2.527905   data arrival time

                      0.000000    0.000000    0.000000   clock __VIRTUAL_CLK__ (rise edge)
                                  0.000000    0.000000   clock network delay (ideal)
                                  0.250000    0.250000   clock uncertainty
                                  0.000000    0.250000   clock reconvergence pessimism
                                 -2.000000   -1.750000   output external delay
                                             -1.750000   data required time
---------------------------------------------------------------------------------------------
                                             -1.750000   data required time
                                             -2.527905   data arrival time
---------------------------------------------------------------------------------------------
                                              4.277905   slack (MET)


Startpoint: A[0] (input port clocked by __VIRTUAL_CLK__)
Endpoint: P[3] (output port clocked by __VIRTUAL_CLK__)
Path Group: __VIRTUAL_CLK__
Path Type: min

Fanout         Cap        Slew       Delay        Time   Description
---------------------------------------------------------------------------------------------
                      0.000000    0.000000    0.000000   clock __VIRTUAL_CLK__ (rise edge)
                                  0.000000    0.000000   clock network delay (ideal)
                                  2.000000    2.000000 v input external delay
     1    0.003178    0.009511    0.005081    2.005081 v A[0] (in)
                                                         A[0] (net)
                      0.009511    0.000000    2.005081 v input1/A (sky130_fd_sc_hd__clkbuf_2)
     8    0.020578    0.083952    0.135546    2.140627 v input1/X (sky130_fd_sc_hd__clkbuf_2)
                                                         net1 (net)
                      0.083955    0.000571    2.141197 v _064_/A (sky130_fd_sc_hd__and3_1)
     3    0.007766    0.055244    0.179983    2.321181 v _064_/X (sky130_fd_sc_hd__and3_1)
                                                         _011_ (net)
                      0.055244    0.000197    2.321378 v _108_/A (sky130_fd_sc_hd__nor2_1)
     1    0.003036    0.079709    0.103166    2.424544 ^ _108_/Y (sky130_fd_sc_hd__nor2_1)
                                                         _050_ (net)
                      0.079709    0.000068    2.424612 ^ _109_/B (sky130_fd_sc_hd__nor2_1)
     1    0.002247    0.025740    0.041597    2.466209 v _109_/Y (sky130_fd_sc_hd__nor2_1)
                                                         net12 (net)
                      0.025740    0.000048    2.466257 v output12/A (sky130_fd_sc_hd__buf_2)
     1    0.033844    0.088857    0.170800    2.637056 v output12/X (sky130_fd_sc_hd__buf_2)
                                                         P[3] (net)
                      0.088866    0.000919    2.637976 v P[3] (out)
                                              2.637976   data arrival time

                      0.000000    0.000000    0.000000   clock __VIRTUAL_CLK__ (rise edge)
                                  0.000000    0.000000   clock network delay (ideal)
                                  0.250000    0.250000   clock uncertainty
                                  0.000000    0.250000   clock reconvergence pessimism
                                 -2.000000   -1.750000   output external delay
                                             -1.750000   data required time
---------------------------------------------------------------------------------------------
                                             -1.750000   data required time
                                             -2.637976   data arrival time
---------------------------------------------------------------------------------------------
                                              4.387976   slack (MET)


Startpoint: B[3] (input port clocked by __VIRTUAL_CLK__)
Endpoint: P[7] (output port clocked by __VIRTUAL_CLK__)
Path Group: __VIRTUAL_CLK__
Path Type: min

Fanout         Cap        Slew       Delay        Time   Description
---------------------------------------------------------------------------------------------
                      0.000000    0.000000    0.000000   clock __VIRTUAL_CLK__ (rise edge)
                                  0.000000    0.000000   clock network delay (ideal)
                                  2.000000    2.000000 ^ input external delay
     1    0.002714    0.019363    0.010020    2.010020 ^ B[3] (in)
                                                         B[3] (net)
                      0.019363    0.000000    2.010020 ^ input8/A (sky130_fd_sc_hd__dlymetal6s2s_1)
     7    0.021492    0.228823    0.208973    2.218993 ^ input8/X (sky130_fd_sc_hd__dlymetal6s2s_1)
                                                         net8 (net)
                      0.228824    0.000366    2.219359 ^ _106_/B1 (sky130_fd_sc_hd__a2bb2o_1)
     1    0.003631    0.049621    0.177707    2.397066 ^ _106_/X (sky130_fd_sc_hd__a2bb2o_1)
                                                         _049_ (net)
                      0.049621    0.000092    2.397158 ^ _107_/B1 (sky130_fd_sc_hd__a21o_1)
     1    0.003240    0.038160    0.079867    2.477025 ^ _107_/X (sky130_fd_sc_hd__a21o_1)
                                                         net16 (net)
                      0.038160    0.000085    2.477110 ^ output16/A (sky130_fd_sc_hd__buf_2)
     1    0.035012    0.173698    0.197534    2.674644 ^ output16/X (sky130_fd_sc_hd__buf_2)
                                                         P[7] (net)
                      0.173756    0.001066    2.675711 ^ P[7] (out)
                                              2.675711   data arrival time

                      0.000000    0.000000    0.000000   clock __VIRTUAL_CLK__ (rise edge)
                                  0.000000    0.000000   clock network delay (ideal)
                                  0.250000    0.250000   clock uncertainty
                                  0.000000    0.250000   clock reconvergence pessimism
                                 -2.000000   -1.750000   output external delay
                                             -1.750000   data required time
---------------------------------------------------------------------------------------------
                                             -1.750000   data required time
                                             -2.675711   data arrival time
---------------------------------------------------------------------------------------------
                                              4.425711   slack (MET)


Startpoint: A[1] (input port clocked by __VIRTUAL_CLK__)
Endpoint: P[5] (output port clocked by __VIRTUAL_CLK__)
Path Group: __VIRTUAL_CLK__
Path Type: min

Fanout         Cap        Slew       Delay        Time   Description
---------------------------------------------------------------------------------------------
                      0.000000    0.000000    0.000000   clock __VIRTUAL_CLK__ (rise edge)
                                  0.000000    0.000000   clock network delay (ideal)
                                  2.000000    2.000000 v input external delay
     1    0.003120    0.009375    0.004981    2.004981 v A[1] (in)
                                                         A[1] (net)
                      0.009375    0.000000    2.004981 v input2/A (sky130_fd_sc_hd__clkbuf_2)
     7    0.021632    0.087657    0.138452    2.143434 v input2/X (sky130_fd_sc_hd__clkbuf_2)
                                                         net2 (net)
                      0.087659    0.000527    2.143961 v _054_/A (sky130_fd_sc_hd__inv_2)
     1    0.001983    0.028497    0.050683    2.194644 ^ _054_/Y (sky130_fd_sc_hd__inv_2)
                                                         _003_ (net)
                      0.028498    0.000041    2.194685 ^ _070_/A (sky130_fd_sc_hd__or4b_1)
     2    0.008964    0.090324    0.130469    2.325153 ^ _070_/X (sky130_fd_sc_hd__or4b_1)
                                                         _016_ (net)
                      0.090324    0.000330    2.325483 ^ _096_/A (sky130_fd_sc_hd__xor2_1)
     2    0.007766    0.055689    0.097086    2.422569 v _096_/X (sky130_fd_sc_hd__xor2_1)
                                                         _041_ (net)
                      0.055689    0.000180    2.422749 v _098_/A (sky130_fd_sc_hd__xnor2_1)
     1    0.002094    0.029920    0.119075    2.541824 v _098_/Y (sky130_fd_sc_hd__xnor2_1)
                                                         net14 (net)
                      0.029920    0.000044    2.541868 v output14/A (sky130_fd_sc_hd__buf_2)
     1    0.033866    0.088877    0.172639    2.714508 v output14/X (sky130_fd_sc_hd__buf_2)
                                                         P[5] (net)
                      0.088887    0.000923    2.715431 v P[5] (out)
                                              2.715431   data arrival time

                      0.000000    0.000000    0.000000   clock __VIRTUAL_CLK__ (rise edge)
                                  0.000000    0.000000   clock network delay (ideal)
                                  0.250000    0.250000   clock uncertainty
                                  0.000000    0.250000   clock reconvergence pessimism
                                 -2.000000   -1.750000   output external delay
                                             -1.750000   data required time
---------------------------------------------------------------------------------------------
                                             -1.750000   data required time
                                             -2.715431   data arrival time
---------------------------------------------------------------------------------------------
                                              4.465431   slack (MET)


Startpoint: B[3] (input port clocked by __VIRTUAL_CLK__)
Endpoint: P[6] (output port clocked by __VIRTUAL_CLK__)
Path Group: __VIRTUAL_CLK__
Path Type: min

Fanout         Cap        Slew       Delay        Time   Description
---------------------------------------------------------------------------------------------
                      0.000000    0.000000    0.000000   clock __VIRTUAL_CLK__ (rise edge)
                                  0.000000    0.000000   clock network delay (ideal)
                                  2.000000    2.000000 ^ input external delay
     1    0.002714    0.019363    0.010020    2.010020 ^ B[3] (in)
                                                         B[3] (net)
                      0.019363    0.000000    2.010020 ^ input8/A (sky130_fd_sc_hd__dlymetal6s2s_1)
     7    0.021492    0.228823    0.208973    2.218993 ^ input8/X (sky130_fd_sc_hd__dlymetal6s2s_1)
                                                         net8 (net)
                      0.228826    0.000632    2.219625 ^ _102_/A1 (sky130_fd_sc_hd__a21o_1)
     1    0.006308    0.063428    0.166343    2.385968 ^ _102_/X (sky130_fd_sc_hd__a21o_1)
                                                         _046_ (net)
                      0.063428    0.000250    2.386218 ^ _104_/A (sky130_fd_sc_hd__xor2_1)
     2    0.008217    0.057453    0.091121    2.477340 v _104_/X (sky130_fd_sc_hd__xor2_1)
                                                         _048_ (net)
                      0.057453    0.000252    2.477592 v _105_/B (sky130_fd_sc_hd__xor2_1)
     1    0.002818    0.036335    0.140222    2.617814 v _105_/X (sky130_fd_sc_hd__xor2_1)
                                                         net15 (net)
                      0.036335    0.000091    2.617906 v output15/A (sky130_fd_sc_hd__buf_2)
     1    0.034635    0.090486    0.176834    2.794739 v output15/X (sky130_fd_sc_hd__buf_2)
                                                         P[6] (net)
                      0.090495    0.000930    2.795670 v P[6] (out)
                                              2.795670   data arrival time

                      0.000000    0.000000    0.000000   clock __VIRTUAL_CLK__ (rise edge)
                                  0.000000    0.000000   clock network delay (ideal)
                                  0.250000    0.250000   clock uncertainty
                                  0.000000    0.250000   clock reconvergence pessimism
                                 -2.000000   -1.750000   output external delay
                                             -1.750000   data required time
---------------------------------------------------------------------------------------------
                                             -1.750000   data required time
                                             -2.795670   data arrival time
---------------------------------------------------------------------------------------------
                                              4.545670   slack (MET)


Startpoint: A[0] (input port clocked by __VIRTUAL_CLK__)
Endpoint: P[4] (output port clocked by __VIRTUAL_CLK__)
Path Group: __VIRTUAL_CLK__
Path Type: min

Fanout         Cap        Slew       Delay        Time   Description
---------------------------------------------------------------------------------------------
                      0.000000    0.000000    0.000000   clock __VIRTUAL_CLK__ (rise edge)
                                  0.000000    0.000000   clock network delay (ideal)
                                  2.000000    2.000000 v input external delay
     1    0.003178    0.009511    0.005081    2.005081 v A[0] (in)
                                                         A[0] (net)
                      0.009511    0.000000    2.005081 v input1/A (sky130_fd_sc_hd__clkbuf_2)
     8    0.020578    0.083952    0.135546    2.140627 v input1/X (sky130_fd_sc_hd__clkbuf_2)
                                                         net1 (net)
                      0.083955    0.000571    2.141197 v _064_/A (sky130_fd_sc_hd__and3_1)
     3    0.007766    0.055244    0.179983    2.321181 v _064_/X (sky130_fd_sc_hd__and3_1)
                                                         _011_ (net)
                      0.055244    0.000187    2.321368 v _085_/A (sky130_fd_sc_hd__and2_1)
     3    0.011777    0.070378    0.174633    2.496000 v _085_/X (sky130_fd_sc_hd__and2_1)
                                                         _031_ (net)
                      0.070378    0.000308    2.496308 v _087_/B (sky130_fd_sc_hd__xnor2_1)
     1    0.002377    0.034343    0.125546    2.621854 v _087_/Y (sky130_fd_sc_hd__xnor2_1)
                                                         net13 (net)
                      0.034343    0.000053    2.621907 v output13/A (sky130_fd_sc_hd__buf_2)
     1    0.034021    0.089200    0.174790    2.796697 v output13/X (sky130_fd_sc_hd__buf_2)
                                                         P[4] (net)
                      0.089211    0.000981    2.797678 v P[4] (out)
                                              2.797678   data arrival time

                      0.000000    0.000000    0.000000   clock __VIRTUAL_CLK__ (rise edge)
                                  0.000000    0.000000   clock network delay (ideal)
                                  0.250000    0.250000   clock uncertainty
                                  0.000000    0.250000   clock reconvergence pessimism
                                 -2.000000   -1.750000   output external delay
                                             -1.750000   data required time
---------------------------------------------------------------------------------------------
                                             -1.750000   data required time
                                             -2.797678   data arrival time
---------------------------------------------------------------------------------------------
                                              4.547678   slack (MET)



