
===========================================================================
report_checks -path_delay max (Setup)
============================================================================
======================= min_ss_100C_1v60 Corner ===================================

Startpoint: A[2] (input port clocked by __VIRTUAL_CLK__)
Endpoint: P[5] (output port clocked by __VIRTUAL_CLK__)
Path Group: __VIRTUAL_CLK__
Path Type: max

Fanout         Cap        Slew       Delay        Time   Description
---------------------------------------------------------------------------------------------
                      0.000000    0.000000    0.000000   clock __VIRTUAL_CLK__ (rise edge)
                                  0.000000    0.000000   clock network delay (ideal)
                                  2.000000    2.000000 v input external delay
     1    0.002125    0.015909    0.007091    2.007092 v A[2] (in)
                                                         A[2] (net)
                      0.015909    0.000000    2.007092 v input3/A (sky130_fd_sc_hd__dlymetal6s2s_1)
     6    0.018546    0.197934    0.369935    2.377026 v input3/X (sky130_fd_sc_hd__dlymetal6s2s_1)
                                                         net3 (net)
                      0.197934    0.000295    2.377321 v _49_/B (sky130_fd_sc_hd__and2_1)
     2    0.005550    0.090294    0.401964    2.779285 v _49_/X (sky130_fd_sc_hd__and2_1)
                                                         _02_ (net)
                      0.090294    0.000026    2.779312 v _59_/A (sky130_fd_sc_hd__or4b_1)
     4    0.010352    0.266903    1.345646    4.124958 v _59_/X (sky130_fd_sc_hd__or4b_1)
                                                         _11_ (net)
                      0.266903    0.000141    4.125099 v _61_/B (sky130_fd_sc_hd__nand3b_1)
     5    0.012505    0.251342    0.333455    4.458554 ^ _61_/Y (sky130_fd_sc_hd__nand3b_1)
                                                         _13_ (net)
                      0.251342    0.000080    4.458633 ^ _84_/B (sky130_fd_sc_hd__and3_1)
     2    0.011521    0.204724    0.460501    4.919134 ^ _84_/X (sky130_fd_sc_hd__and3_1)
                                                         _35_ (net)
                      0.204724    0.000074    4.919208 ^ _86_/A_N (sky130_fd_sc_hd__and2b_1)
     1    0.004973    0.083905    0.433527    5.352735 v _86_/X (sky130_fd_sc_hd__and2b_1)
                                                         _37_ (net)
                      0.083905    0.000056    5.352791 v _88_/A (sky130_fd_sc_hd__xnor2_1)
     1    0.002511    0.183225    0.238614    5.591405 ^ _88_/Y (sky130_fd_sc_hd__xnor2_1)
                                                         net14 (net)
                      0.183225    0.000028    5.591433 ^ output14/A (sky130_fd_sc_hd__buf_2)
     1    0.034029    0.270475    0.395570    5.987003 ^ output14/X (sky130_fd_sc_hd__buf_2)
                                                         P[5] (net)
                      0.270475    0.000200    5.987203 ^ P[5] (out)
                                              5.987203   data arrival time

                      0.000000   10.000000   10.000000   clock __VIRTUAL_CLK__ (rise edge)
                                  0.000000   10.000000   clock network delay (ideal)
                                 -0.250000    9.750000   clock uncertainty
                                  0.000000    9.750000   clock reconvergence pessimism
                                 -2.000000    7.750000   output external delay
                                              7.750000   data required time
---------------------------------------------------------------------------------------------
                                              7.750000   data required time
                                             -5.987203   data arrival time
---------------------------------------------------------------------------------------------
                                              1.762797   slack (MET)


Startpoint: A[2] (input port clocked by __VIRTUAL_CLK__)
Endpoint: P[6] (output port clocked by __VIRTUAL_CLK__)
Path Group: __VIRTUAL_CLK__
Path Type: max

Fanout         Cap        Slew       Delay        Time   Description
---------------------------------------------------------------------------------------------
                      0.000000    0.000000    0.000000   clock __VIRTUAL_CLK__ (rise edge)
                                  0.000000    0.000000   clock network delay (ideal)
                                  2.000000    2.000000 v input external delay
     1    0.002125    0.015909    0.007091    2.007092 v A[2] (in)
                                                         A[2] (net)
                      0.015909    0.000000    2.007092 v input3/A (sky130_fd_sc_hd__dlymetal6s2s_1)
     6    0.018546    0.197934    0.369935    2.377026 v input3/X (sky130_fd_sc_hd__dlymetal6s2s_1)
                                                         net3 (net)
                      0.197934    0.000295    2.377321 v _49_/B (sky130_fd_sc_hd__and2_1)
     2    0.005550    0.090294    0.401964    2.779285 v _49_/X (sky130_fd_sc_hd__and2_1)
                                                         _02_ (net)
                      0.090294    0.000026    2.779312 v _59_/A (sky130_fd_sc_hd__or4b_1)
     4    0.010352    0.266903    1.345646    4.124958 v _59_/X (sky130_fd_sc_hd__or4b_1)
                                                         _11_ (net)
                      0.266903    0.000141    4.125099 v _61_/B (sky130_fd_sc_hd__nand3b_1)
     5    0.012505    0.251342    0.333455    4.458554 ^ _61_/Y (sky130_fd_sc_hd__nand3b_1)
                                                         _13_ (net)
                      0.251342    0.000080    4.458633 ^ _84_/B (sky130_fd_sc_hd__and3_1)
     2    0.011521    0.204724    0.460501    4.919134 ^ _84_/X (sky130_fd_sc_hd__and3_1)
                                                         _35_ (net)
                      0.204724    0.000095    4.919230 ^ _89_/B1 (sky130_fd_sc_hd__o221ai_4)
     2    0.009467    0.165520    0.279420    5.198650 v _89_/Y (sky130_fd_sc_hd__o221ai_4)
                                                         _39_ (net)
                      0.165520    0.000199    5.198849 v _93_/A (sky130_fd_sc_hd__xor2_1)
     1    0.001864    0.112934    0.321994    5.520844 v _93_/X (sky130_fd_sc_hd__xor2_1)
                                                         net15 (net)
                      0.112934    0.000009    5.520853 v output15/A (sky130_fd_sc_hd__buf_2)
     1    0.033959    0.164544    0.364391    5.885243 v output15/X (sky130_fd_sc_hd__buf_2)
                                                         P[6] (net)
                      0.164544    0.000188    5.885431 v P[6] (out)
                                              5.885431   data arrival time

                      0.000000   10.000000   10.000000   clock __VIRTUAL_CLK__ (rise edge)
                                  0.000000   10.000000   clock network delay (ideal)
                                 -0.250000    9.750000   clock uncertainty
                                  0.000000    9.750000   clock reconvergence pessimism
                                 -2.000000    7.750000   output external delay
                                              7.750000   data required time
---------------------------------------------------------------------------------------------
                                              7.750000   data required time
                                             -5.885431   data arrival time
---------------------------------------------------------------------------------------------
                                              1.864569   slack (MET)


Startpoint: A[2] (input port clocked by __VIRTUAL_CLK__)
Endpoint: P[7] (output port clocked by __VIRTUAL_CLK__)
Path Group: __VIRTUAL_CLK__
Path Type: max

Fanout         Cap        Slew       Delay        Time   Description
---------------------------------------------------------------------------------------------
                      0.000000    0.000000    0.000000   clock __VIRTUAL_CLK__ (rise edge)
                                  0.000000    0.000000   clock network delay (ideal)
                                  2.000000    2.000000 v input external delay
     1    0.002125    0.015909    0.007091    2.007092 v A[2] (in)
                                                         A[2] (net)
                      0.015909    0.000000    2.007092 v input3/A (sky130_fd_sc_hd__dlymetal6s2s_1)
     6    0.018546    0.197934    0.369935    2.377026 v input3/X (sky130_fd_sc_hd__dlymetal6s2s_1)
                                                         net3 (net)
                      0.197934    0.000295    2.377321 v _49_/B (sky130_fd_sc_hd__and2_1)
     2    0.005550    0.090294    0.401964    2.779285 v _49_/X (sky130_fd_sc_hd__and2_1)
                                                         _02_ (net)
                      0.090294    0.000026    2.779312 v _59_/A (sky130_fd_sc_hd__or4b_1)
     4    0.010352    0.266903    1.345646    4.124958 v _59_/X (sky130_fd_sc_hd__or4b_1)
                                                         _11_ (net)
                      0.266903    0.000141    4.125099 v _61_/B (sky130_fd_sc_hd__nand3b_1)
     5    0.012505    0.251342    0.333455    4.458554 ^ _61_/Y (sky130_fd_sc_hd__nand3b_1)
                                                         _13_ (net)
                      0.251342    0.000080    4.458633 ^ _84_/B (sky130_fd_sc_hd__and3_1)
     2    0.011521    0.204724    0.460501    4.919134 ^ _84_/X (sky130_fd_sc_hd__and3_1)
                                                         _35_ (net)
                      0.204724    0.000095    4.919230 ^ _89_/B1 (sky130_fd_sc_hd__o221ai_4)
     2    0.009467    0.165520    0.279420    5.198650 v _89_/Y (sky130_fd_sc_hd__o221ai_4)
                                                         _39_ (net)
                      0.165520    0.000165    5.198815 v _95_/A1 (sky130_fd_sc_hd__a21o_1)
     1    0.001843    0.052262    0.313785    5.512601 v _95_/X (sky130_fd_sc_hd__a21o_1)
                                                         net16 (net)
                      0.052262    0.000016    5.512616 v output16/A (sky130_fd_sc_hd__buf_2)
     1    0.034911    0.168412    0.338799    5.851415 v output16/X (sky130_fd_sc_hd__buf_2)
                                                         P[7] (net)
                      0.168412    0.000233    5.851648 v P[7] (out)
                                              5.851648   data arrival time

                      0.000000   10.000000   10.000000   clock __VIRTUAL_CLK__ (rise edge)
                                  0.000000   10.000000   clock network delay (ideal)
                                 -0.250000    9.750000   clock uncertainty
                                  0.000000    9.750000   clock reconvergence pessimism
                                 -2.000000    7.750000   output external delay
                                              7.750000   data required time
---------------------------------------------------------------------------------------------
                                              7.750000   data required time
                                             -5.851648   data arrival time
---------------------------------------------------------------------------------------------
                                              1.898352   slack (MET)


Startpoint: A[2] (input port clocked by __VIRTUAL_CLK__)
Endpoint: P[4] (output port clocked by __VIRTUAL_CLK__)
Path Group: __VIRTUAL_CLK__
Path Type: max

Fanout         Cap        Slew       Delay        Time   Description
---------------------------------------------------------------------------------------------
                      0.000000    0.000000    0.000000   clock __VIRTUAL_CLK__ (rise edge)
                                  0.000000    0.000000   clock network delay (ideal)
                                  2.000000    2.000000 v input external delay
     1    0.002125    0.015909    0.007091    2.007092 v A[2] (in)
                                                         A[2] (net)
                      0.015909    0.000000    2.007092 v input3/A (sky130_fd_sc_hd__dlymetal6s2s_1)
     6    0.018546    0.197934    0.369935    2.377026 v input3/X (sky130_fd_sc_hd__dlymetal6s2s_1)
                                                         net3 (net)
                      0.197934    0.000295    2.377321 v _49_/B (sky130_fd_sc_hd__and2_1)
     2    0.005550    0.090294    0.401964    2.779285 v _49_/X (sky130_fd_sc_hd__and2_1)
                                                         _02_ (net)
                      0.090294    0.000026    2.779312 v _59_/A (sky130_fd_sc_hd__or4b_1)
     4    0.010352    0.266903    1.345646    4.124958 v _59_/X (sky130_fd_sc_hd__or4b_1)
                                                         _11_ (net)
                      0.266903    0.000095    4.125053 v _62_/A1 (sky130_fd_sc_hd__a21bo_1)
     3    0.007897    0.102322    0.429591    4.554645 v _62_/X (sky130_fd_sc_hd__a21bo_1)
                                                         _14_ (net)
                      0.102322    0.000086    4.554731 v _70_/B (sky130_fd_sc_hd__and3_1)
     1    0.002882    0.071090    0.345830    4.900561 v _70_/X (sky130_fd_sc_hd__and3_1)
                                                         _22_ (net)
                      0.071090    0.000028    4.900589 v _73_/A (sky130_fd_sc_hd__nor2_1)
     1    0.004932    0.193891    0.211013    5.111602 ^ _73_/Y (sky130_fd_sc_hd__nor2_1)
                                                         _25_ (net)
                      0.193891    0.000026    5.111628 ^ _77_/A (sky130_fd_sc_hd__xnor2_1)
     1    0.001884    0.169887    0.233360    5.344988 ^ _77_/Y (sky130_fd_sc_hd__xnor2_1)
                                                         net13 (net)
                      0.169887    0.000008    5.344995 ^ output13/A (sky130_fd_sc_hd__buf_2)
     1    0.033902    0.269503    0.388666    5.733661 ^ output13/X (sky130_fd_sc_hd__buf_2)
                                                         P[4] (net)
                      0.269503    0.000165    5.733827 ^ P[4] (out)
                                              5.733827   data arrival time

                      0.000000   10.000000   10.000000   clock __VIRTUAL_CLK__ (rise edge)
                                  0.000000   10.000000   clock network delay (ideal)
                                 -0.250000    9.750000   clock uncertainty
                                  0.000000    9.750000   clock reconvergence pessimism
                                 -2.000000    7.750000   output external delay
                                              7.750000   data required time
---------------------------------------------------------------------------------------------
                                              7.750000   data required time
                                             -5.733827   data arrival time
---------------------------------------------------------------------------------------------
                                              2.016174   slack (MET)


Startpoint: B[0] (input port clocked by __VIRTUAL_CLK__)
Endpoint: P[3] (output port clocked by __VIRTUAL_CLK__)
Path Group: __VIRTUAL_CLK__
Path Type: max

Fanout         Cap        Slew       Delay        Time   Description
---------------------------------------------------------------------------------------------
                      0.000000    0.000000    0.000000   clock __VIRTUAL_CLK__ (rise edge)
                                  0.000000    0.000000   clock network delay (ideal)
                                  2.000000    2.000000 ^ input external delay
     1    0.004231    0.041904    0.023337    2.023337 ^ B[0] (in)
                                                         B[0] (net)
                      0.041904    0.000000    2.023337 ^ input5/A (sky130_fd_sc_hd__buf_1)
     5    0.018313    0.352415    0.339181    2.362518 ^ input5/X (sky130_fd_sc_hd__buf_1)
                                                         net5 (net)
                      0.352416    0.000423    2.362941 ^ _47_/B (sky130_fd_sc_hd__and4_1)
     3    0.008198    0.173313    0.535371    2.898312 ^ _47_/X (sky130_fd_sc_hd__and4_1)
                                                         _01_ (net)
                      0.173313    0.000084    2.898396 ^ _64_/C (sky130_fd_sc_hd__nand4_1)
     3    0.009687    0.358789    0.396209    3.294605 v _64_/Y (sky130_fd_sc_hd__nand4_1)
                                                         _16_ (net)
                      0.358789    0.000139    3.294744 v _74_/A1 (sky130_fd_sc_hd__a21o_1)
     2    0.007692    0.098127    0.444495    3.739239 v _74_/X (sky130_fd_sc_hd__a21o_1)
                                                         _26_ (net)
                      0.098127    0.000080    3.739320 v _96_/A2 (sky130_fd_sc_hd__a21o_1)
     1    0.001832    0.052240    0.314622    4.053941 v _96_/X (sky130_fd_sc_hd__a21o_1)
                                                         _44_ (net)
                      0.052240    0.000017    4.053958 v _97_/B (sky130_fd_sc_hd__and2_1)
     1    0.001925    0.061268    0.294671    4.348629 v _97_/X (sky130_fd_sc_hd__and2_1)
                                                         net12 (net)
                      0.061268    0.000017    4.348646 v output12/A (sky130_fd_sc_hd__buf_2)
     1    0.034004    0.164763    0.340058    4.688704 v output12/X (sky130_fd_sc_hd__buf_2)
                                                         P[3] (net)
                      0.164763    0.000183    4.688887 v P[3] (out)
                                              4.688887   data arrival time

                      0.000000   10.000000   10.000000   clock __VIRTUAL_CLK__ (rise edge)
                                  0.000000   10.000000   clock network delay (ideal)
                                 -0.250000    9.750000   clock uncertainty
                                  0.000000    9.750000   clock reconvergence pessimism
                                 -2.000000    7.750000   output external delay
                                              7.750000   data required time
---------------------------------------------------------------------------------------------
                                              7.750000   data required time
                                             -4.688887   data arrival time
---------------------------------------------------------------------------------------------
                                              3.061113   slack (MET)


Startpoint: A[0] (input port clocked by __VIRTUAL_CLK__)
Endpoint: P[2] (output port clocked by __VIRTUAL_CLK__)
Path Group: __VIRTUAL_CLK__
Path Type: max

Fanout         Cap        Slew       Delay        Time   Description
---------------------------------------------------------------------------------------------
                      0.000000    0.000000    0.000000   clock __VIRTUAL_CLK__ (rise edge)
                                  0.000000    0.000000   clock network delay (ideal)
                                  2.000000    2.000000 v input external delay
     1    0.002389    0.016904    0.007926    2.007926 v A[0] (in)
                                                         A[0] (net)
                      0.016904    0.000000    2.007926 v input1/A (sky130_fd_sc_hd__dlymetal6s2s_1)
     6    0.019455    0.205494    0.376299    2.384225 v input1/X (sky130_fd_sc_hd__dlymetal6s2s_1)
                                                         net1 (net)
                      0.205494    0.000173    2.384398 v _51_/A (sky130_fd_sc_hd__and2_1)
     4    0.011347    0.136906    0.410063    2.794461 v _51_/X (sky130_fd_sc_hd__and2_1)
                                                         _04_ (net)
                      0.136906    0.000179    2.794640 v _52_/D (sky130_fd_sc_hd__and4_1)
     2    0.004791    0.090398    0.452896    3.247537 v _52_/X (sky130_fd_sc_hd__and4_1)
                                                         _05_ (net)
                      0.090398    0.000037    3.247573 v _54_/A_N (sky130_fd_sc_hd__and2b_1)
     1    0.004760    0.095843    0.396656    3.644230 ^ _54_/X (sky130_fd_sc_hd__and2b_1)
                                                         _07_ (net)
                      0.095843    0.000042    3.644272 ^ _55_/B (sky130_fd_sc_hd__xnor2_1)
     1    0.001930    0.163755    0.190354    3.834626 ^ _55_/Y (sky130_fd_sc_hd__xnor2_1)
                                                         net11 (net)
                      0.163755    0.000008    3.834634 ^ output11/A (sky130_fd_sc_hd__buf_2)
     1    0.033904    0.269507    0.385802    4.220436 ^ output11/X (sky130_fd_sc_hd__buf_2)
                                                         P[2] (net)
                      0.269507    0.000165    4.220601 ^ P[2] (out)
                                              4.220601   data arrival time

                      0.000000   10.000000   10.000000   clock __VIRTUAL_CLK__ (rise edge)
                                  0.000000   10.000000   clock network delay (ideal)
                                 -0.250000    9.750000   clock uncertainty
                                  0.000000    9.750000   clock reconvergence pessimism
                                 -2.000000    7.750000   output external delay
                                              7.750000   data required time
---------------------------------------------------------------------------------------------
                                              7.750000   data required time
                                             -4.220601   data arrival time
---------------------------------------------------------------------------------------------
                                              3.529399   slack (MET)


Startpoint: B[0] (input port clocked by __VIRTUAL_CLK__)
Endpoint: P[1] (output port clocked by __VIRTUAL_CLK__)
Path Group: __VIRTUAL_CLK__
Path Type: max

Fanout         Cap        Slew       Delay        Time   Description
---------------------------------------------------------------------------------------------
                      0.000000    0.000000    0.000000   clock __VIRTUAL_CLK__ (rise edge)
                                  0.000000    0.000000   clock network delay (ideal)
                                  2.000000    2.000000 ^ input external delay
     1    0.004231    0.041904    0.023337    2.023337 ^ B[0] (in)
                                                         B[0] (net)
                      0.041904    0.000000    2.023337 ^ input5/A (sky130_fd_sc_hd__buf_1)
     5    0.018313    0.352415    0.339181    2.362518 ^ input5/X (sky130_fd_sc_hd__buf_1)
                                                         net5 (net)
                      0.352416    0.000423    2.362941 ^ _47_/B (sky130_fd_sc_hd__and4_1)
     3    0.008198    0.173313    0.535371    2.898312 ^ _47_/X (sky130_fd_sc_hd__and4_1)
                                                         _01_ (net)
                      0.173313    0.000075    2.898387 ^ _48_/A_N (sky130_fd_sc_hd__and2b_1)
     1    0.002709    0.065171    0.396186    3.294573 v _48_/X (sky130_fd_sc_hd__and2b_1)
                                                         net10 (net)
                      0.065171    0.000032    3.294604 v output10/A (sky130_fd_sc_hd__buf_2)
     1    0.034973    0.168663    0.344759    3.639363 v output10/X (sky130_fd_sc_hd__buf_2)
                                                         P[1] (net)
                      0.168663    0.000457    3.639820 v P[1] (out)
                                              3.639820   data arrival time

                      0.000000   10.000000   10.000000   clock __VIRTUAL_CLK__ (rise edge)
                                  0.000000   10.000000   clock network delay (ideal)
                                 -0.250000    9.750000   clock uncertainty
                                  0.000000    9.750000   clock reconvergence pessimism
                                 -2.000000    7.750000   output external delay
                                              7.750000   data required time
---------------------------------------------------------------------------------------------
                                              7.750000   data required time
                                             -3.639820   data arrival time
---------------------------------------------------------------------------------------------
                                              4.110180   slack (MET)


Startpoint: B[0] (input port clocked by __VIRTUAL_CLK__)
Endpoint: P[0] (output port clocked by __VIRTUAL_CLK__)
Path Group: __VIRTUAL_CLK__
Path Type: max

Fanout         Cap        Slew       Delay        Time   Description
---------------------------------------------------------------------------------------------
                      0.000000    0.000000    0.000000   clock __VIRTUAL_CLK__ (rise edge)
                                  0.000000    0.000000   clock network delay (ideal)
                                  2.000000    2.000000 ^ input external delay
     1    0.004231    0.041904    0.023337    2.023337 ^ B[0] (in)
                                                         B[0] (net)
                      0.041904    0.000000    2.023337 ^ input5/A (sky130_fd_sc_hd__buf_1)
     5    0.018313    0.352415    0.339181    2.362518 ^ input5/X (sky130_fd_sc_hd__buf_1)
                                                         net5 (net)
                      0.352415    0.000056    2.362574 ^ _45_/A (sky130_fd_sc_hd__nand2_1)
     3    0.009555    0.201167    0.289611    2.652185 v _45_/Y (sky130_fd_sc_hd__nand2_1)
                                                         _00_ (net)
                      0.201167    0.000063    2.652248 v _46_/A (sky130_fd_sc_hd__inv_2)
     1    0.001919    0.057119    0.104330    2.756578 ^ _46_/Y (sky130_fd_sc_hd__inv_2)
                                                         net9 (net)
                      0.057119    0.000008    2.756585 ^ output9/A (sky130_fd_sc_hd__buf_2)
     1    0.034275    0.272107    0.337856    3.094441 ^ output9/X (sky130_fd_sc_hd__buf_2)
                                                         P[0] (net)
                      0.272107    0.000352    3.094794 ^ P[0] (out)
                                              3.094794   data arrival time

                      0.000000   10.000000   10.000000   clock __VIRTUAL_CLK__ (rise edge)
                                  0.000000   10.000000   clock network delay (ideal)
                                 -0.250000    9.750000   clock uncertainty
                                  0.000000    9.750000   clock reconvergence pessimism
                                 -2.000000    7.750000   output external delay
                                              7.750000   data required time
---------------------------------------------------------------------------------------------
                                              7.750000   data required time
                                             -3.094794   data arrival time
---------------------------------------------------------------------------------------------
                                              4.655206   slack (MET)



